ARM GAS  C:\Users\ADMINI~1\AppData\Local\Temp\cc2mSZ0t.s 			page 1


   1              		.cpu cortex-m0
   2              		.fpu softvfp
   3              		.eabi_attribute 20, 1
   4              		.eabi_attribute 21, 1
   5              		.eabi_attribute 23, 3
   6              		.eabi_attribute 24, 1
   7              		.eabi_attribute 25, 1
   8              		.eabi_attribute 26, 1
   9              		.eabi_attribute 30, 6
  10              		.eabi_attribute 34, 0
  11              		.eabi_attribute 18, 4
  12              		.code	16
  13              		.file	"cyfitter_cfg.c"
  14              		.text
  15              	.Ltext0:
  16              		.cfi_sections	.debug_frame
  17              		.section	.text.CYMEMZERO,"ax",%progbits
  18              		.align	2
  19              		.code	16
  20              		.thumb_func
  21              		.type	CYMEMZERO, %function
  22              	CYMEMZERO:
  23              	.LFB2:
  24              		.file 1 "Generated_Source\\PSoC4\\cyfitter_cfg.c"
   1:Generated_Source\PSoC4/cyfitter_cfg.c **** /*******************************************************************************
   2:Generated_Source\PSoC4/cyfitter_cfg.c **** * File Name: cyfitter_cfg.c
   3:Generated_Source\PSoC4/cyfitter_cfg.c **** * 
   4:Generated_Source\PSoC4/cyfitter_cfg.c **** * PSoC Creator  4.0 Update 1
   5:Generated_Source\PSoC4/cyfitter_cfg.c **** *
   6:Generated_Source\PSoC4/cyfitter_cfg.c **** * Description:
   7:Generated_Source\PSoC4/cyfitter_cfg.c **** * This file contains device initialization code.
   8:Generated_Source\PSoC4/cyfitter_cfg.c **** * Except for the user defined sections in CyClockStartupError(), this file should not be modified.
   9:Generated_Source\PSoC4/cyfitter_cfg.c **** * This file is automatically generated by PSoC Creator.
  10:Generated_Source\PSoC4/cyfitter_cfg.c **** *
  11:Generated_Source\PSoC4/cyfitter_cfg.c **** ********************************************************************************
  12:Generated_Source\PSoC4/cyfitter_cfg.c **** * Copyright (c) 2007-2016 Cypress Semiconductor.  All rights reserved.
  13:Generated_Source\PSoC4/cyfitter_cfg.c **** * You may use this file only in accordance with the license, terms, conditions, 
  14:Generated_Source\PSoC4/cyfitter_cfg.c **** * disclaimers, and limitations in the end user license agreement accompanying 
  15:Generated_Source\PSoC4/cyfitter_cfg.c **** * the software package with which this file was provided.
  16:Generated_Source\PSoC4/cyfitter_cfg.c **** ********************************************************************************/
  17:Generated_Source\PSoC4/cyfitter_cfg.c **** 
  18:Generated_Source\PSoC4/cyfitter_cfg.c **** #include <string.h>
  19:Generated_Source\PSoC4/cyfitter_cfg.c **** #include "cytypes.h"
  20:Generated_Source\PSoC4/cyfitter_cfg.c **** #include "cydevice_trm.h"
  21:Generated_Source\PSoC4/cyfitter_cfg.c **** #include "cyfitter.h"
  22:Generated_Source\PSoC4/cyfitter_cfg.c **** #include "CyLib.h"
  23:Generated_Source\PSoC4/cyfitter_cfg.c **** #include "CyLFClk.h"
  24:Generated_Source\PSoC4/cyfitter_cfg.c **** #include "cyfitter_cfg.h"
  25:Generated_Source\PSoC4/cyfitter_cfg.c **** #include "cyapicallbacks.h"
  26:Generated_Source\PSoC4/cyfitter_cfg.c **** 
  27:Generated_Source\PSoC4/cyfitter_cfg.c **** 
  28:Generated_Source\PSoC4/cyfitter_cfg.c **** #if defined(__GNUC__) || defined(__ARMCC_VERSION)
  29:Generated_Source\PSoC4/cyfitter_cfg.c ****     #define CYPACKED 
  30:Generated_Source\PSoC4/cyfitter_cfg.c ****     #define CYPACKED_ATTR __attribute__ ((packed))
  31:Generated_Source\PSoC4/cyfitter_cfg.c ****     #define CYALIGNED __attribute__ ((aligned))
  32:Generated_Source\PSoC4/cyfitter_cfg.c ****     #define CY_CFG_UNUSED __attribute__ ((unused))
  33:Generated_Source\PSoC4/cyfitter_cfg.c ****     #ifndef CY_CFG_SECTION
ARM GAS  C:\Users\ADMINI~1\AppData\Local\Temp\cc2mSZ0t.s 			page 2


  34:Generated_Source\PSoC4/cyfitter_cfg.c ****         #define CY_CFG_SECTION __attribute__ ((section(".psocinit")))
  35:Generated_Source\PSoC4/cyfitter_cfg.c ****     #endif
  36:Generated_Source\PSoC4/cyfitter_cfg.c ****     
  37:Generated_Source\PSoC4/cyfitter_cfg.c ****     #if defined(__ARMCC_VERSION)
  38:Generated_Source\PSoC4/cyfitter_cfg.c ****         #define CY_CFG_MEMORY_BARRIER() __memory_changed()
  39:Generated_Source\PSoC4/cyfitter_cfg.c ****     #else
  40:Generated_Source\PSoC4/cyfitter_cfg.c ****         #define CY_CFG_MEMORY_BARRIER() __sync_synchronize()
  41:Generated_Source\PSoC4/cyfitter_cfg.c ****     #endif
  42:Generated_Source\PSoC4/cyfitter_cfg.c ****     
  43:Generated_Source\PSoC4/cyfitter_cfg.c **** #elif defined(__ICCARM__)
  44:Generated_Source\PSoC4/cyfitter_cfg.c ****     #include <intrinsics.h>
  45:Generated_Source\PSoC4/cyfitter_cfg.c **** 
  46:Generated_Source\PSoC4/cyfitter_cfg.c ****     #define CYPACKED __packed
  47:Generated_Source\PSoC4/cyfitter_cfg.c ****     #define CYPACKED_ATTR 
  48:Generated_Source\PSoC4/cyfitter_cfg.c ****     #define CYALIGNED _Pragma("data_alignment=4")
  49:Generated_Source\PSoC4/cyfitter_cfg.c ****     #define CY_CFG_UNUSED _Pragma("diag_suppress=Pe177")
  50:Generated_Source\PSoC4/cyfitter_cfg.c ****     #define CY_CFG_SECTION _Pragma("location=\".psocinit\"")
  51:Generated_Source\PSoC4/cyfitter_cfg.c ****     
  52:Generated_Source\PSoC4/cyfitter_cfg.c ****     #define CY_CFG_MEMORY_BARRIER() __DMB()
  53:Generated_Source\PSoC4/cyfitter_cfg.c ****     
  54:Generated_Source\PSoC4/cyfitter_cfg.c **** #else
  55:Generated_Source\PSoC4/cyfitter_cfg.c ****     #error Unsupported toolchain
  56:Generated_Source\PSoC4/cyfitter_cfg.c **** #endif
  57:Generated_Source\PSoC4/cyfitter_cfg.c **** 
  58:Generated_Source\PSoC4/cyfitter_cfg.c **** 
  59:Generated_Source\PSoC4/cyfitter_cfg.c **** CY_CFG_UNUSED
  60:Generated_Source\PSoC4/cyfitter_cfg.c **** static void CYMEMZERO(void *s, size_t n);
  61:Generated_Source\PSoC4/cyfitter_cfg.c **** CY_CFG_UNUSED
  62:Generated_Source\PSoC4/cyfitter_cfg.c **** static void CYMEMZERO(void *s, size_t n)
  63:Generated_Source\PSoC4/cyfitter_cfg.c **** {
  25              		.loc 1 63 0
  26              		.cfi_startproc
  27 0000 80B5     		push	{r7, lr}
  28              		.cfi_def_cfa_offset 8
  29              		.cfi_offset 7, -8
  30              		.cfi_offset 14, -4
  31 0002 82B0     		sub	sp, sp, #8
  32              		.cfi_def_cfa_offset 16
  33 0004 00AF     		add	r7, sp, #0
  34              		.cfi_def_cfa_register 7
  35 0006 7860     		str	r0, [r7, #4]
  36 0008 3960     		str	r1, [r7]
  64:Generated_Source\PSoC4/cyfitter_cfg.c **** 	(void)memset(s, 0, n);
  37              		.loc 1 64 0
  38 000a 7A68     		ldr	r2, [r7, #4]
  39 000c 3B68     		ldr	r3, [r7]
  40 000e 101C     		mov	r0, r2
  41 0010 0021     		mov	r1, #0
  42 0012 1A1C     		mov	r2, r3
  43 0014 FFF7FEFF 		bl	memset
  65:Generated_Source\PSoC4/cyfitter_cfg.c **** }
  44              		.loc 1 65 0
  45 0018 BD46     		mov	sp, r7
  46 001a 02B0     		add	sp, sp, #8
  47              		@ sp needed
  48 001c 80BD     		pop	{r7, pc}
  49              		.cfi_endproc
ARM GAS  C:\Users\ADMINI~1\AppData\Local\Temp\cc2mSZ0t.s 			page 3


  50              	.LFE2:
  51              		.size	CYMEMZERO, .-CYMEMZERO
  52 001e C046     		.section	.text.CYCONFIGCPY,"ax",%progbits
  53              		.align	2
  54              		.code	16
  55              		.thumb_func
  56              		.type	CYCONFIGCPY, %function
  57              	CYCONFIGCPY:
  58              	.LFB3:
  66:Generated_Source\PSoC4/cyfitter_cfg.c **** CY_CFG_UNUSED
  67:Generated_Source\PSoC4/cyfitter_cfg.c **** static void CYCONFIGCPY(void *dest, const void *src, size_t n);
  68:Generated_Source\PSoC4/cyfitter_cfg.c **** CY_CFG_UNUSED
  69:Generated_Source\PSoC4/cyfitter_cfg.c **** static void CYCONFIGCPY(void *dest, const void *src, size_t n)
  70:Generated_Source\PSoC4/cyfitter_cfg.c **** {
  59              		.loc 1 70 0
  60              		.cfi_startproc
  61 0000 80B5     		push	{r7, lr}
  62              		.cfi_def_cfa_offset 8
  63              		.cfi_offset 7, -8
  64              		.cfi_offset 14, -4
  65 0002 84B0     		sub	sp, sp, #16
  66              		.cfi_def_cfa_offset 24
  67 0004 00AF     		add	r7, sp, #0
  68              		.cfi_def_cfa_register 7
  69 0006 F860     		str	r0, [r7, #12]
  70 0008 B960     		str	r1, [r7, #8]
  71 000a 7A60     		str	r2, [r7, #4]
  71:Generated_Source\PSoC4/cyfitter_cfg.c **** 	(void)memcpy(dest, src, n);
  72              		.loc 1 71 0
  73 000c F968     		ldr	r1, [r7, #12]
  74 000e BA68     		ldr	r2, [r7, #8]
  75 0010 7B68     		ldr	r3, [r7, #4]
  76 0012 081C     		mov	r0, r1
  77 0014 111C     		mov	r1, r2
  78 0016 1A1C     		mov	r2, r3
  79 0018 FFF7FEFF 		bl	memcpy
  72:Generated_Source\PSoC4/cyfitter_cfg.c **** }
  80              		.loc 1 72 0
  81 001c BD46     		mov	sp, r7
  82 001e 04B0     		add	sp, sp, #16
  83              		@ sp needed
  84 0020 80BD     		pop	{r7, pc}
  85              		.cfi_endproc
  86              	.LFE3:
  87              		.size	CYCONFIGCPY, .-CYCONFIGCPY
  88 0022 C046     		.section	.text.CYCONFIGCPYCODE,"ax",%progbits
  89              		.align	2
  90              		.code	16
  91              		.thumb_func
  92              		.type	CYCONFIGCPYCODE, %function
  93              	CYCONFIGCPYCODE:
  94              	.LFB4:
  73:Generated_Source\PSoC4/cyfitter_cfg.c **** CY_CFG_UNUSED
  74:Generated_Source\PSoC4/cyfitter_cfg.c **** static void CYCONFIGCPYCODE(void *dest, const void *src, size_t n);
  75:Generated_Source\PSoC4/cyfitter_cfg.c **** CY_CFG_UNUSED
  76:Generated_Source\PSoC4/cyfitter_cfg.c **** static void CYCONFIGCPYCODE(void *dest, const void *src, size_t n)
  77:Generated_Source\PSoC4/cyfitter_cfg.c **** {
ARM GAS  C:\Users\ADMINI~1\AppData\Local\Temp\cc2mSZ0t.s 			page 4


  95              		.loc 1 77 0
  96              		.cfi_startproc
  97 0000 80B5     		push	{r7, lr}
  98              		.cfi_def_cfa_offset 8
  99              		.cfi_offset 7, -8
 100              		.cfi_offset 14, -4
 101 0002 84B0     		sub	sp, sp, #16
 102              		.cfi_def_cfa_offset 24
 103 0004 00AF     		add	r7, sp, #0
 104              		.cfi_def_cfa_register 7
 105 0006 F860     		str	r0, [r7, #12]
 106 0008 B960     		str	r1, [r7, #8]
 107 000a 7A60     		str	r2, [r7, #4]
  78:Generated_Source\PSoC4/cyfitter_cfg.c **** 	(void)memcpy(dest, src, n);
 108              		.loc 1 78 0
 109 000c F968     		ldr	r1, [r7, #12]
 110 000e BA68     		ldr	r2, [r7, #8]
 111 0010 7B68     		ldr	r3, [r7, #4]
 112 0012 081C     		mov	r0, r1
 113 0014 111C     		mov	r1, r2
 114 0016 1A1C     		mov	r2, r3
 115 0018 FFF7FEFF 		bl	memcpy
  79:Generated_Source\PSoC4/cyfitter_cfg.c **** }
 116              		.loc 1 79 0
 117 001c BD46     		mov	sp, r7
 118 001e 04B0     		add	sp, sp, #16
 119              		@ sp needed
 120 0020 80BD     		pop	{r7, pc}
 121              		.cfi_endproc
 122              	.LFE4:
 123              		.size	CYCONFIGCPYCODE, .-CYCONFIGCPYCODE
 124 0022 C046     		.section	.psocinit,"ax",%progbits
 125              		.align	2
 126              		.code	16
 127              		.thumb_func
 128              		.type	ClockSetup, %function
 129              	ClockSetup:
 130              	.LFB5:
  80:Generated_Source\PSoC4/cyfitter_cfg.c **** 
  81:Generated_Source\PSoC4/cyfitter_cfg.c **** 
  82:Generated_Source\PSoC4/cyfitter_cfg.c **** 
  83:Generated_Source\PSoC4/cyfitter_cfg.c **** 
  84:Generated_Source\PSoC4/cyfitter_cfg.c **** /* Clock startup error codes                                                   */
  85:Generated_Source\PSoC4/cyfitter_cfg.c **** #define CYCLOCKSTART_NO_ERROR    0u
  86:Generated_Source\PSoC4/cyfitter_cfg.c **** #define CYCLOCKSTART_XTAL_ERROR  1u
  87:Generated_Source\PSoC4/cyfitter_cfg.c **** #define CYCLOCKSTART_32KHZ_ERROR 2u
  88:Generated_Source\PSoC4/cyfitter_cfg.c **** #define CYCLOCKSTART_PLL_ERROR   3u
  89:Generated_Source\PSoC4/cyfitter_cfg.c **** 
  90:Generated_Source\PSoC4/cyfitter_cfg.c **** 
  91:Generated_Source\PSoC4/cyfitter_cfg.c **** #ifdef CY_NEED_CYCLOCKSTARTUPERROR
  92:Generated_Source\PSoC4/cyfitter_cfg.c **** /*******************************************************************************
  93:Generated_Source\PSoC4/cyfitter_cfg.c **** * Function Name: CyClockStartupError
  94:Generated_Source\PSoC4/cyfitter_cfg.c **** ********************************************************************************
  95:Generated_Source\PSoC4/cyfitter_cfg.c **** * Summary:
  96:Generated_Source\PSoC4/cyfitter_cfg.c **** *  If an error is encountered during clock configuration (crystal startup error,
  97:Generated_Source\PSoC4/cyfitter_cfg.c **** *  PLL lock error, etc.), the system will end up here.  Unless reimplemented by
  98:Generated_Source\PSoC4/cyfitter_cfg.c **** *  the customer, this function will stop in an infinite loop.
ARM GAS  C:\Users\ADMINI~1\AppData\Local\Temp\cc2mSZ0t.s 			page 5


  99:Generated_Source\PSoC4/cyfitter_cfg.c **** *
 100:Generated_Source\PSoC4/cyfitter_cfg.c **** * Parameters:
 101:Generated_Source\PSoC4/cyfitter_cfg.c **** *   void
 102:Generated_Source\PSoC4/cyfitter_cfg.c **** *
 103:Generated_Source\PSoC4/cyfitter_cfg.c **** * Return:
 104:Generated_Source\PSoC4/cyfitter_cfg.c **** *   void
 105:Generated_Source\PSoC4/cyfitter_cfg.c **** *
 106:Generated_Source\PSoC4/cyfitter_cfg.c **** *******************************************************************************/
 107:Generated_Source\PSoC4/cyfitter_cfg.c **** CY_CFG_UNUSED
 108:Generated_Source\PSoC4/cyfitter_cfg.c **** static void CyClockStartupError(uint8 errorCode);
 109:Generated_Source\PSoC4/cyfitter_cfg.c **** CY_CFG_UNUSED
 110:Generated_Source\PSoC4/cyfitter_cfg.c **** static void CyClockStartupError(uint8 errorCode)
 111:Generated_Source\PSoC4/cyfitter_cfg.c **** {
 112:Generated_Source\PSoC4/cyfitter_cfg.c ****     /* To remove the compiler warning if errorCode not used.                */
 113:Generated_Source\PSoC4/cyfitter_cfg.c ****     errorCode = errorCode;
 114:Generated_Source\PSoC4/cyfitter_cfg.c **** 
 115:Generated_Source\PSoC4/cyfitter_cfg.c ****     /* If we have a clock startup error (bad MHz crystal, PLL lock, etc.),  */
 116:Generated_Source\PSoC4/cyfitter_cfg.c ****     /* we will end up here to allow the customer to implement something to  */
 117:Generated_Source\PSoC4/cyfitter_cfg.c ****     /* deal with the clock condition.                                       */
 118:Generated_Source\PSoC4/cyfitter_cfg.c **** 
 119:Generated_Source\PSoC4/cyfitter_cfg.c **** #ifdef CY_CFG_CLOCK_STARTUP_ERROR_CALLBACK
 120:Generated_Source\PSoC4/cyfitter_cfg.c **** 	CY_CFG_Clock_Startup_ErrorCallback();
 121:Generated_Source\PSoC4/cyfitter_cfg.c **** #else
 122:Generated_Source\PSoC4/cyfitter_cfg.c **** 	/*  If not using CY_CFG_CLOCK_STARTUP_ERROR_CALLBACK, place your clock startup code here. */
 123:Generated_Source\PSoC4/cyfitter_cfg.c ****     /* `#START CyClockStartupError` */
 124:Generated_Source\PSoC4/cyfitter_cfg.c **** 
 125:Generated_Source\PSoC4/cyfitter_cfg.c **** 
 126:Generated_Source\PSoC4/cyfitter_cfg.c **** 
 127:Generated_Source\PSoC4/cyfitter_cfg.c ****     /* `#END` */
 128:Generated_Source\PSoC4/cyfitter_cfg.c **** 
 129:Generated_Source\PSoC4/cyfitter_cfg.c ****     /* If nothing else, stop here since the clocks have not started         */
 130:Generated_Source\PSoC4/cyfitter_cfg.c ****     /* correctly.                                                           */
 131:Generated_Source\PSoC4/cyfitter_cfg.c ****     while(1) {}
 132:Generated_Source\PSoC4/cyfitter_cfg.c **** #endif /* CY_CFG_CLOCK_STARTUP_ERROR_CALLBACK */ 
 133:Generated_Source\PSoC4/cyfitter_cfg.c **** }
 134:Generated_Source\PSoC4/cyfitter_cfg.c **** #endif
 135:Generated_Source\PSoC4/cyfitter_cfg.c **** 
 136:Generated_Source\PSoC4/cyfitter_cfg.c **** 
 137:Generated_Source\PSoC4/cyfitter_cfg.c **** 
 138:Generated_Source\PSoC4/cyfitter_cfg.c **** /*******************************************************************************
 139:Generated_Source\PSoC4/cyfitter_cfg.c **** * Function Name: ClockSetup
 140:Generated_Source\PSoC4/cyfitter_cfg.c **** ********************************************************************************
 141:Generated_Source\PSoC4/cyfitter_cfg.c **** *
 142:Generated_Source\PSoC4/cyfitter_cfg.c **** * Summary:
 143:Generated_Source\PSoC4/cyfitter_cfg.c **** *   Performs the initialization of all of the clocks in the device based on the
 144:Generated_Source\PSoC4/cyfitter_cfg.c **** *   settings in the Clock tab of the DWR.  This includes enabling the requested
 145:Generated_Source\PSoC4/cyfitter_cfg.c **** *   clocks and setting the necessary dividers to produce the desired frequency. 
 146:Generated_Source\PSoC4/cyfitter_cfg.c **** *
 147:Generated_Source\PSoC4/cyfitter_cfg.c **** * Parameters:
 148:Generated_Source\PSoC4/cyfitter_cfg.c **** *   void
 149:Generated_Source\PSoC4/cyfitter_cfg.c **** *
 150:Generated_Source\PSoC4/cyfitter_cfg.c **** * Return:
 151:Generated_Source\PSoC4/cyfitter_cfg.c **** *   void
 152:Generated_Source\PSoC4/cyfitter_cfg.c **** *
 153:Generated_Source\PSoC4/cyfitter_cfg.c **** *******************************************************************************/
 154:Generated_Source\PSoC4/cyfitter_cfg.c **** static void ClockSetup(void);
 155:Generated_Source\PSoC4/cyfitter_cfg.c **** CY_CFG_SECTION
ARM GAS  C:\Users\ADMINI~1\AppData\Local\Temp\cc2mSZ0t.s 			page 6


 156:Generated_Source\PSoC4/cyfitter_cfg.c **** static void ClockSetup(void)
 157:Generated_Source\PSoC4/cyfitter_cfg.c **** {
 131              		.loc 1 157 0
 132              		.cfi_startproc
 133 0000 80B5     		push	{r7, lr}
 134              		.cfi_def_cfa_offset 8
 135              		.cfi_offset 7, -8
 136              		.cfi_offset 14, -4
 137 0002 00AF     		add	r7, sp, #0
 138              		.cfi_def_cfa_register 7
 158:Generated_Source\PSoC4/cyfitter_cfg.c **** 
 159:Generated_Source\PSoC4/cyfitter_cfg.c **** 	/* Set Flash Cycles based on max possible frequency in case a glitch occurs during ClockSetup(). *
 160:Generated_Source\PSoC4/cyfitter_cfg.c **** 	CY_SET_REG32((void CYXDATA *)(CYREG_CPUSS_FLASH_CTL), (0x0012u));
 139              		.loc 1 160 0
 140 0004 284B     		ldr	r3, .L5
 141 0006 1222     		mov	r2, #18
 142 0008 1A60     		str	r2, [r3]
 161:Generated_Source\PSoC4/cyfitter_cfg.c **** 
 162:Generated_Source\PSoC4/cyfitter_cfg.c **** 	/* Start the WCO */
 163:Generated_Source\PSoC4/cyfitter_cfg.c **** 	CySysClkWcoStart();
 143              		.loc 1 163 0
 144 000a FFF7FEFF 		bl	CySysClkWcoStart
 164:Generated_Source\PSoC4/cyfitter_cfg.c **** 	CyDelayCycles(12000000u); /* WCO may take up to 500ms to start */
 145              		.loc 1 164 0
 146 000e 274B     		ldr	r3, .L5+4
 147 0010 181C     		mov	r0, r3
 148 0012 FFF7FEFF 		bl	CyDelayCycles
 165:Generated_Source\PSoC4/cyfitter_cfg.c **** 	(void)CySysClkWcoSetPowerMode(CY_SYS_CLK_WCO_LPM);    /* Switch to the low power mode */
 149              		.loc 1 165 0
 150 0016 0120     		mov	r0, #1
 151 0018 FFF7FEFF 		bl	CySysClkWcoSetPowerMode
 166:Generated_Source\PSoC4/cyfitter_cfg.c **** 
 167:Generated_Source\PSoC4/cyfitter_cfg.c **** 	/* Setup and trim IMO based on desired frequency. */
 168:Generated_Source\PSoC4/cyfitter_cfg.c **** 	CySysClkWriteImoFreq(48u);
 152              		.loc 1 168 0
 153 001c 3020     		mov	r0, #48
 154 001e FFF7FEFF 		bl	CySysClkWriteImoFreq
 169:Generated_Source\PSoC4/cyfitter_cfg.c **** 	/* CYDEV_CLK_ILO_CONFIG Starting address: CYDEV_CLK_ILO_CONFIG */
 170:Generated_Source\PSoC4/cyfitter_cfg.c **** 	CY_SET_XTND_REG32((void CYFAR *)(CYREG_CLK_ILO_CONFIG), 0x80000006u);
 155              		.loc 1 170 0
 156 0022 234B     		ldr	r3, .L5+8
 157 0024 234A     		ldr	r2, .L5+12
 158 0026 1A60     		str	r2, [r3]
 171:Generated_Source\PSoC4/cyfitter_cfg.c **** 
 172:Generated_Source\PSoC4/cyfitter_cfg.c **** 	/* CYDEV_WDT_CONFIG Starting address: CYDEV_WDT_CONFIG */
 173:Generated_Source\PSoC4/cyfitter_cfg.c **** 	CY_SET_XTND_REG32((void CYFAR *)(CYREG_WDT_CONFIG), 0x40000000u);
 159              		.loc 1 173 0
 160 0028 234B     		ldr	r3, .L5+16
 161 002a 8022     		mov	r2, #128
 162 002c D205     		lsl	r2, r2, #23
 163 002e 1A60     		str	r2, [r3]
 174:Generated_Source\PSoC4/cyfitter_cfg.c **** 
 175:Generated_Source\PSoC4/cyfitter_cfg.c **** 
 176:Generated_Source\PSoC4/cyfitter_cfg.c **** 	/* Enable fast start mode for XO */
 177:Generated_Source\PSoC4/cyfitter_cfg.c **** 	CY_SET_REG32((void*)CYREG_BLE_BLERD_BB_XO, CY_GET_REG32((void*)CYREG_BLE_BLERD_BB_XO) | (uint32)0x
 164              		.loc 1 177 0
 165 0030 224B     		ldr	r3, .L5+20
ARM GAS  C:\Users\ADMINI~1\AppData\Local\Temp\cc2mSZ0t.s 			page 7


 166 0032 224A     		ldr	r2, .L5+20
 167 0034 1268     		ldr	r2, [r2]
 168 0036 0221     		mov	r1, #2
 169 0038 0A43     		orr	r2, r1
 170 003a 1A60     		str	r2, [r3]
 178:Generated_Source\PSoC4/cyfitter_cfg.c **** 	CY_SET_XTND_REG32((void CYFAR *)(CYREG_BLE_BLERD_BB_XO_CAPTRIM), 0x00003E2Du);
 171              		.loc 1 178 0
 172 003c 204B     		ldr	r3, .L5+24
 173 003e 214A     		ldr	r2, .L5+28
 174 0040 1A60     		str	r2, [r3]
 179:Generated_Source\PSoC4/cyfitter_cfg.c **** 	/*Set XTAL(ECO) divider*/
 180:Generated_Source\PSoC4/cyfitter_cfg.c **** 	CY_SET_XTND_REG32((void CYFAR *)(CYREG_BLE_BLESS_XTAL_CLK_DIV_CONFIG), 0x00000000u);
 175              		.loc 1 180 0
 176 0042 214B     		ldr	r3, .L5+32
 177 0044 0022     		mov	r2, #0
 178 0046 1A60     		str	r2, [r3]
 181:Generated_Source\PSoC4/cyfitter_cfg.c **** 	/* Disable Crystal Stable Interrupt before enabling ECO */
 182:Generated_Source\PSoC4/cyfitter_cfg.c **** 	CY_SET_REG32((void*)CYREG_BLE_BLESS_LL_DSM_CTRL, CY_GET_REG32((void*)CYREG_BLE_BLESS_LL_DSM_CTRL) 
 179              		.loc 1 182 0
 180 0048 204B     		ldr	r3, .L5+36
 181 004a 204A     		ldr	r2, .L5+36
 182 004c 1268     		ldr	r2, [r2]
 183 004e 0821     		mov	r1, #8
 184 0050 8A43     		bic	r2, r1
 185 0052 1A60     		str	r2, [r3]
 183:Generated_Source\PSoC4/cyfitter_cfg.c **** 	/* Start the ECO and do not check status since it is not needed for HFCLK */
 184:Generated_Source\PSoC4/cyfitter_cfg.c **** 	(void)CySysClkEcoStart(2000u);
 186              		.loc 1 184 0
 187 0054 FA23     		mov	r3, #250
 188 0056 DB00     		lsl	r3, r3, #3
 189 0058 181C     		mov	r0, r3
 190 005a FFF7FEFF 		bl	CySysClkEcoStart
 185:Generated_Source\PSoC4/cyfitter_cfg.c **** 	CyDelayUs(1500u); /* Wait to stabalize */
 191              		.loc 1 185 0
 192 005e 1C4B     		ldr	r3, .L5+40
 193 0060 181C     		mov	r0, r3
 194 0062 FFF7FEFF 		bl	CyDelayUs
 186:Generated_Source\PSoC4/cyfitter_cfg.c **** 
 187:Generated_Source\PSoC4/cyfitter_cfg.c **** 	/* Setup phase aligned clocks */
 188:Generated_Source\PSoC4/cyfitter_cfg.c **** 	CY_SET_REG32((void *)CYREG_PERI_DIV_16_CTL0, 0x00002200u);
 195              		.loc 1 188 0
 196 0066 1B4B     		ldr	r3, .L5+44
 197 0068 8822     		mov	r2, #136
 198 006a 9201     		lsl	r2, r2, #6
 199 006c 1A60     		str	r2, [r3]
 189:Generated_Source\PSoC4/cyfitter_cfg.c **** 	CY_SET_REG32((void *)CYREG_PERI_DIV_CMD, 0x8000FF40u);
 200              		.loc 1 189 0
 201 006e 1A4B     		ldr	r3, .L5+48
 202 0070 1A4A     		ldr	r2, .L5+52
 203 0072 1A60     		str	r2, [r3]
 190:Generated_Source\PSoC4/cyfitter_cfg.c **** 
 191:Generated_Source\PSoC4/cyfitter_cfg.c **** 	/* CYDEV_CLK_IMO_CONFIG Starting address: CYDEV_CLK_IMO_CONFIG */
 192:Generated_Source\PSoC4/cyfitter_cfg.c **** 	CY_SET_XTND_REG32((void CYFAR *)(CYREG_CLK_IMO_CONFIG), 0x80000000u);
 204              		.loc 1 192 0
 205 0074 1A4B     		ldr	r3, .L5+56
 206 0076 8022     		mov	r2, #128
 207 0078 1206     		lsl	r2, r2, #24
ARM GAS  C:\Users\ADMINI~1\AppData\Local\Temp\cc2mSZ0t.s 			page 8


 208 007a 1A60     		str	r2, [r3]
 193:Generated_Source\PSoC4/cyfitter_cfg.c **** 
 194:Generated_Source\PSoC4/cyfitter_cfg.c **** 	/* CYDEV_CLK_SELECT Starting address: CYDEV_CLK_SELECT */
 195:Generated_Source\PSoC4/cyfitter_cfg.c **** 	CY_SET_XTND_REG32((void CYFAR *)(CYREG_CLK_SELECT), 0x00040000u);
 209              		.loc 1 195 0
 210 007c 194B     		ldr	r3, .L5+60
 211 007e 8022     		mov	r2, #128
 212 0080 D202     		lsl	r2, r2, #11
 213 0082 1A60     		str	r2, [r3]
 196:Generated_Source\PSoC4/cyfitter_cfg.c **** 
 197:Generated_Source\PSoC4/cyfitter_cfg.c **** 	/* CYDEV_PERI_PCLK_CTL1 Starting address: CYDEV_PERI_PCLK_CTL1 */
 198:Generated_Source\PSoC4/cyfitter_cfg.c **** 	CY_SET_XTND_REG32((void CYFAR *)(CYREG_PERI_PCLK_CTL1), 0x00000040u);
 214              		.loc 1 198 0
 215 0084 184B     		ldr	r3, .L5+64
 216 0086 4022     		mov	r2, #64
 217 0088 1A60     		str	r2, [r3]
 199:Generated_Source\PSoC4/cyfitter_cfg.c **** 
 200:Generated_Source\PSoC4/cyfitter_cfg.c **** 	(void)CyIntSetVector(8u, &CySysWdtIsr);
 218              		.loc 1 200 0
 219 008a 184B     		ldr	r3, .L5+68
 220 008c 0820     		mov	r0, #8
 221 008e 191C     		mov	r1, r3
 222 0090 FFF7FEFF 		bl	CyIntSetVector
 201:Generated_Source\PSoC4/cyfitter_cfg.c **** 	CyIntEnable(8u);
 223              		.loc 1 201 0
 224 0094 0820     		mov	r0, #8
 225 0096 FFF7FEFF 		bl	CyIntEnable
 202:Generated_Source\PSoC4/cyfitter_cfg.c **** 	CY_SET_XTND_REG32((void CYFAR *)(CYREG_WDT_CONFIG), 0x40000000u);
 226              		.loc 1 202 0
 227 009a 074B     		ldr	r3, .L5+16
 228 009c 8022     		mov	r2, #128
 229 009e D205     		lsl	r2, r2, #23
 230 00a0 1A60     		str	r2, [r3]
 203:Generated_Source\PSoC4/cyfitter_cfg.c **** }
 231              		.loc 1 203 0
 232 00a2 BD46     		mov	sp, r7
 233              		@ sp needed
 234 00a4 80BD     		pop	{r7, pc}
 235              	.L6:
 236 00a6 C046     		.align	2
 237              	.L5:
 238 00a8 30001040 		.word	1074790448
 239 00ac 001BB700 		.word	12000000
 240 00b0 04010B40 		.word	1074462980
 241 00b4 06000080 		.word	-2147483642
 242 00b8 0C020B40 		.word	1074463244
 243 00bc 78002E40 		.word	1076756600
 244 00c0 7C002E40 		.word	1076756604
 245 00c4 2D3E0000 		.word	15917
 246 00c8 64F02E40 		.word	1076818020
 247 00cc 6CF02E40 		.word	1076818028
 248 00d0 DC050000 		.word	1500
 249 00d4 00030140 		.word	1073808128
 250 00d8 00000140 		.word	1073807360
 251 00dc 40FF0080 		.word	-2147418304
 252 00e0 08010B40 		.word	1074462984
 253 00e4 00010B40 		.word	1074462976
ARM GAS  C:\Users\ADMINI~1\AppData\Local\Temp\cc2mSZ0t.s 			page 9


 254 00e8 04010140 		.word	1073807620
 255 00ec 00000000 		.word	CySysWdtIsr
 256              		.cfi_endproc
 257              	.LFE5:
 258              		.size	ClockSetup, .-ClockSetup
 259              		.section	.text.AnalogSetDefault,"ax",%progbits
 260              		.align	2
 261              		.code	16
 262              		.thumb_func
 263              		.type	AnalogSetDefault, %function
 264              	AnalogSetDefault:
 265              	.LFB6:
 204:Generated_Source\PSoC4/cyfitter_cfg.c **** 
 205:Generated_Source\PSoC4/cyfitter_cfg.c **** 
 206:Generated_Source\PSoC4/cyfitter_cfg.c **** /* Analog API Functions */
 207:Generated_Source\PSoC4/cyfitter_cfg.c **** 
 208:Generated_Source\PSoC4/cyfitter_cfg.c **** 
 209:Generated_Source\PSoC4/cyfitter_cfg.c **** /*******************************************************************************
 210:Generated_Source\PSoC4/cyfitter_cfg.c **** * Function Name: AnalogSetDefault
 211:Generated_Source\PSoC4/cyfitter_cfg.c **** ********************************************************************************
 212:Generated_Source\PSoC4/cyfitter_cfg.c **** *
 213:Generated_Source\PSoC4/cyfitter_cfg.c **** * Summary:
 214:Generated_Source\PSoC4/cyfitter_cfg.c **** *  Sets up the analog portions of the chip to default values based on chip
 215:Generated_Source\PSoC4/cyfitter_cfg.c **** *  configuration options from the project.
 216:Generated_Source\PSoC4/cyfitter_cfg.c **** *
 217:Generated_Source\PSoC4/cyfitter_cfg.c **** * Parameters:
 218:Generated_Source\PSoC4/cyfitter_cfg.c **** *  void
 219:Generated_Source\PSoC4/cyfitter_cfg.c **** *
 220:Generated_Source\PSoC4/cyfitter_cfg.c **** * Return:
 221:Generated_Source\PSoC4/cyfitter_cfg.c **** *  void
 222:Generated_Source\PSoC4/cyfitter_cfg.c **** *
 223:Generated_Source\PSoC4/cyfitter_cfg.c **** *******************************************************************************/
 224:Generated_Source\PSoC4/cyfitter_cfg.c **** static void AnalogSetDefault(void);
 225:Generated_Source\PSoC4/cyfitter_cfg.c **** static void AnalogSetDefault(void)
 226:Generated_Source\PSoC4/cyfitter_cfg.c **** {
 266              		.loc 1 226 0
 267              		.cfi_startproc
 268 0000 80B5     		push	{r7, lr}
 269              		.cfi_def_cfa_offset 8
 270              		.cfi_offset 7, -8
 271              		.cfi_offset 14, -4
 272 0002 00AF     		add	r7, sp, #0
 273              		.cfi_def_cfa_register 7
 227:Generated_Source\PSoC4/cyfitter_cfg.c **** 	CY_SET_XTND_REG32((void CYFAR *)CYREG_CTBM0_DFT_CTRL, 0x00000003u);
 274              		.loc 1 227 0
 275 0004 054B     		ldr	r3, .L8
 276 0006 0322     		mov	r2, #3
 277 0008 1A60     		str	r2, [r3]
 228:Generated_Source\PSoC4/cyfitter_cfg.c **** 	CY_SET_XTND_REG32((void CYFAR *)CYREG_CTBM1_DFT_CTRL, 0x00000003u);
 278              		.loc 1 228 0
 279 000a 054B     		ldr	r3, .L8+4
 280 000c 0322     		mov	r2, #3
 281 000e 1A60     		str	r2, [r3]
 229:Generated_Source\PSoC4/cyfitter_cfg.c **** 	CY_SET_XTND_REG32((void CYFAR *)CYREG_PASS_DSAB_DSAB_CTRL, 0x00000000u);
 282              		.loc 1 229 0
 283 0010 044B     		ldr	r3, .L8+8
 284 0012 0022     		mov	r2, #0
ARM GAS  C:\Users\ADMINI~1\AppData\Local\Temp\cc2mSZ0t.s 			page 10


 285 0014 1A60     		str	r2, [r3]
 230:Generated_Source\PSoC4/cyfitter_cfg.c **** }
 286              		.loc 1 230 0
 287 0016 BD46     		mov	sp, r7
 288              		@ sp needed
 289 0018 80BD     		pop	{r7, pc}
 290              	.L9:
 291 001a C046     		.align	2
 292              	.L8:
 293 001c 30003040 		.word	1076887600
 294 0020 30003140 		.word	1076953136
 295 0024 000E3F40 		.word	1077874176
 296              		.cfi_endproc
 297              	.LFE6:
 298              		.size	AnalogSetDefault, .-AnalogSetDefault
 299              		.section	.psocinit
 300              		.align	2
 301              		.global	cyfitter_cfg
 302              		.code	16
 303              		.thumb_func
 304              		.type	cyfitter_cfg, %function
 305              	cyfitter_cfg:
 306              	.LFB7:
 231:Generated_Source\PSoC4/cyfitter_cfg.c **** 
 232:Generated_Source\PSoC4/cyfitter_cfg.c **** #define CY_AMUX_UNUSED CYREG_CM0_ROM_DWT
 233:Generated_Source\PSoC4/cyfitter_cfg.c **** 
 234:Generated_Source\PSoC4/cyfitter_cfg.c **** 
 235:Generated_Source\PSoC4/cyfitter_cfg.c **** /*******************************************************************************
 236:Generated_Source\PSoC4/cyfitter_cfg.c **** * Function Name: cyfitter_cfg
 237:Generated_Source\PSoC4/cyfitter_cfg.c **** ********************************************************************************
 238:Generated_Source\PSoC4/cyfitter_cfg.c **** * Summary:
 239:Generated_Source\PSoC4/cyfitter_cfg.c **** *  This function is called by the start-up code for the selected device. It
 240:Generated_Source\PSoC4/cyfitter_cfg.c **** *  performs all of the necessary device configuration based on the design
 241:Generated_Source\PSoC4/cyfitter_cfg.c **** *  settings.  This includes settings from the Design Wide Resources (DWR) such
 242:Generated_Source\PSoC4/cyfitter_cfg.c **** *  as Clocks and Pins as well as any component configuration that is necessary.
 243:Generated_Source\PSoC4/cyfitter_cfg.c **** *
 244:Generated_Source\PSoC4/cyfitter_cfg.c **** * Parameters:  
 245:Generated_Source\PSoC4/cyfitter_cfg.c **** *   void
 246:Generated_Source\PSoC4/cyfitter_cfg.c **** *
 247:Generated_Source\PSoC4/cyfitter_cfg.c **** * Return:
 248:Generated_Source\PSoC4/cyfitter_cfg.c **** *   void
 249:Generated_Source\PSoC4/cyfitter_cfg.c **** *
 250:Generated_Source\PSoC4/cyfitter_cfg.c **** *******************************************************************************/
 251:Generated_Source\PSoC4/cyfitter_cfg.c **** CY_CFG_SECTION
 252:Generated_Source\PSoC4/cyfitter_cfg.c **** void cyfitter_cfg(void)
 253:Generated_Source\PSoC4/cyfitter_cfg.c **** {
 307              		.loc 1 253 0
 308              		.cfi_startproc
 309 00f0 80B5     		push	{r7, lr}
 310              		.cfi_def_cfa_offset 8
 311              		.cfi_offset 7, -8
 312              		.cfi_offset 14, -4
 313 00f2 82B0     		sub	sp, sp, #8
 314              		.cfi_def_cfa_offset 16
 315 00f4 00AF     		add	r7, sp, #0
 316              		.cfi_def_cfa_register 7
 254:Generated_Source\PSoC4/cyfitter_cfg.c **** 	/* Disable interrupts by default. Let user enable if/when they want. */
ARM GAS  C:\Users\ADMINI~1\AppData\Local\Temp\cc2mSZ0t.s 			page 11


 255:Generated_Source\PSoC4/cyfitter_cfg.c **** 	CyGlobalIntDisable;
 317              		.loc 1 255 0
 318              	@ 255 "Generated_Source\PSoC4\cyfitter_cfg.c" 1
 319 00f6 72B6     		CPSID   i
 320              	@ 0 "" 2
 256:Generated_Source\PSoC4/cyfitter_cfg.c **** 
 257:Generated_Source\PSoC4/cyfitter_cfg.c **** 	CY_SET_XTND_REG32((void CYFAR *)(CYREG_BLE_BLESS_LL_DSM_CTRL), 0x00000000u);
 321              		.loc 1 257 0
 322              		.code	16
 323 00f8 424B     		ldr	r3, .L13
 324 00fa 0022     		mov	r2, #0
 325 00fc 1A60     		str	r2, [r3]
 326              	.LBB2:
 258:Generated_Source\PSoC4/cyfitter_cfg.c **** 
 259:Generated_Source\PSoC4/cyfitter_cfg.c **** 	{
 260:Generated_Source\PSoC4/cyfitter_cfg.c **** 
 261:Generated_Source\PSoC4/cyfitter_cfg.c **** 		CYPACKED typedef struct {
 262:Generated_Source\PSoC4/cyfitter_cfg.c **** 			void CYFAR *address;
 263:Generated_Source\PSoC4/cyfitter_cfg.c **** 			uint16 size;
 264:Generated_Source\PSoC4/cyfitter_cfg.c **** 		} CYPACKED_ATTR cfg_memset_t;
 265:Generated_Source\PSoC4/cyfitter_cfg.c **** 
 266:Generated_Source\PSoC4/cyfitter_cfg.c **** 		static const cfg_memset_t CYCODE cfg_memset_list [] = {
 267:Generated_Source\PSoC4/cyfitter_cfg.c **** 			/* address, size */
 268:Generated_Source\PSoC4/cyfitter_cfg.c **** 			{(void CYFAR *)(CYDEV_UDB_P0_U0_BASE), 1024u},
 269:Generated_Source\PSoC4/cyfitter_cfg.c **** 			{(void CYFAR *)(CYDEV_UDB_DSI0_BASE), 1024u},
 270:Generated_Source\PSoC4/cyfitter_cfg.c **** 		};
 271:Generated_Source\PSoC4/cyfitter_cfg.c **** 
 272:Generated_Source\PSoC4/cyfitter_cfg.c **** 		uint8 CYDATA i;
 273:Generated_Source\PSoC4/cyfitter_cfg.c **** 
 274:Generated_Source\PSoC4/cyfitter_cfg.c **** 		/* Zero out critical memory blocks before beginning configuration */
 275:Generated_Source\PSoC4/cyfitter_cfg.c **** 		for (i = 0u; i < (sizeof(cfg_memset_list)/sizeof(cfg_memset_list[0])); i++)
 327              		.loc 1 275 0
 328 00fe FB1D     		add	r3, r7, #7
 329 0100 0022     		mov	r2, #0
 330 0102 1A70     		strb	r2, [r3]
 331 0104 23E0     		b	.L11
 332              	.L12:
 333              	.LBB3:
 276:Generated_Source\PSoC4/cyfitter_cfg.c **** 		{
 277:Generated_Source\PSoC4/cyfitter_cfg.c **** 			const cfg_memset_t CYCODE * CYDATA ms = &cfg_memset_list[i];
 334              		.loc 1 277 0 discriminator 3
 335 0106 FB1D     		add	r3, r7, #7
 336 0108 1A78     		ldrb	r2, [r3]
 337 010a 131C     		mov	r3, r2
 338 010c 5B00     		lsl	r3, r3, #1
 339 010e 9B18     		add	r3, r3, r2
 340 0110 5B00     		lsl	r3, r3, #1
 341 0112 3D4A     		ldr	r2, .L13+4
 342 0114 9B18     		add	r3, r3, r2
 343 0116 3B60     		str	r3, [r7]
 278:Generated_Source\PSoC4/cyfitter_cfg.c **** 			CYMEMZERO(ms->address, (size_t)(uint32)(ms->size));
 344              		.loc 1 278 0 discriminator 3
 345 0118 3B68     		ldr	r3, [r7]
 346 011a 1A78     		ldrb	r2, [r3]
 347 011c 5978     		ldrb	r1, [r3, #1]
 348 011e 0902     		lsl	r1, r1, #8
 349 0120 0A43     		orr	r2, r1
ARM GAS  C:\Users\ADMINI~1\AppData\Local\Temp\cc2mSZ0t.s 			page 12


 350 0122 9978     		ldrb	r1, [r3, #2]
 351 0124 0904     		lsl	r1, r1, #16
 352 0126 0A43     		orr	r2, r1
 353 0128 DB78     		ldrb	r3, [r3, #3]
 354 012a 1B06     		lsl	r3, r3, #24
 355 012c 1343     		orr	r3, r2
 356 012e 191C     		mov	r1, r3
 357 0130 3B68     		ldr	r3, [r7]
 358 0132 1A79     		ldrb	r2, [r3, #4]
 359 0134 5B79     		ldrb	r3, [r3, #5]
 360 0136 1B02     		lsl	r3, r3, #8
 361 0138 1343     		orr	r3, r2
 362 013a 9BB2     		uxth	r3, r3
 363 013c 081C     		mov	r0, r1
 364 013e 191C     		mov	r1, r3
 365 0140 FFF7FEFF 		bl	CYMEMZERO
 366              	.LBE3:
 275:Generated_Source\PSoC4/cyfitter_cfg.c **** 		{
 367              		.loc 1 275 0 discriminator 3
 368 0144 FB1D     		add	r3, r7, #7
 369 0146 1A78     		ldrb	r2, [r3]
 370 0148 FB1D     		add	r3, r7, #7
 371 014a 0132     		add	r2, r2, #1
 372 014c 1A70     		strb	r2, [r3]
 373              	.L11:
 275:Generated_Source\PSoC4/cyfitter_cfg.c **** 		{
 374              		.loc 1 275 0 is_stmt 0 discriminator 1
 375 014e FB1D     		add	r3, r7, #7
 376 0150 1B78     		ldrb	r3, [r3]
 377 0152 012B     		cmp	r3, #1
 378 0154 D7D9     		bls	.L12
 279:Generated_Source\PSoC4/cyfitter_cfg.c **** 		}
 280:Generated_Source\PSoC4/cyfitter_cfg.c **** 
 281:Generated_Source\PSoC4/cyfitter_cfg.c **** 		/* HSIOM Starting address: CYDEV_HSIOM_BASE */
 282:Generated_Source\PSoC4/cyfitter_cfg.c **** 		CY_SET_XTND_REG32((void CYFAR *)(CYDEV_HSIOM_BASE), 0xEE000000u);
 379              		.loc 1 282 0 is_stmt 1
 380 0156 2D4B     		ldr	r3, .L13+8
 381 0158 EE22     		mov	r2, #238
 382 015a 1206     		lsl	r2, r2, #24
 383 015c 1A60     		str	r2, [r3]
 283:Generated_Source\PSoC4/cyfitter_cfg.c **** 		CY_SET_XTND_REG32((void CYFAR *)(CYREG_HSIOM_PORT_SEL1), 0x00990000u);
 384              		.loc 1 283 0
 385 015e 2C4B     		ldr	r3, .L13+12
 386 0160 9922     		mov	r2, #153
 387 0162 1204     		lsl	r2, r2, #16
 388 0164 1A60     		str	r2, [r3]
 284:Generated_Source\PSoC4/cyfitter_cfg.c **** 
 285:Generated_Source\PSoC4/cyfitter_cfg.c **** 		/* UDB_PA_0 Starting address: CYDEV_UDB_PA0_BASE */
 286:Generated_Source\PSoC4/cyfitter_cfg.c **** 		CY_SET_XTND_REG32((void CYFAR *)(CYDEV_UDB_PA0_BASE), 0x00990000u);
 389              		.loc 1 286 0
 390 0166 2B4B     		ldr	r3, .L13+16
 391 0168 9922     		mov	r2, #153
 392 016a 1204     		lsl	r2, r2, #16
 393 016c 1A60     		str	r2, [r3]
 287:Generated_Source\PSoC4/cyfitter_cfg.c **** 
 288:Generated_Source\PSoC4/cyfitter_cfg.c **** 		/* UDB_PA_1 Starting address: CYDEV_UDB_PA1_BASE */
 289:Generated_Source\PSoC4/cyfitter_cfg.c **** 		CY_SET_XTND_REG32((void CYFAR *)(CYDEV_UDB_PA1_BASE), 0x00990000u);
ARM GAS  C:\Users\ADMINI~1\AppData\Local\Temp\cc2mSZ0t.s 			page 13


 394              		.loc 1 289 0
 395 016e 2A4B     		ldr	r3, .L13+20
 396 0170 9922     		mov	r2, #153
 397 0172 1204     		lsl	r2, r2, #16
 398 0174 1A60     		str	r2, [r3]
 290:Generated_Source\PSoC4/cyfitter_cfg.c **** 
 291:Generated_Source\PSoC4/cyfitter_cfg.c **** 		/* UDB_PA_2 Starting address: CYDEV_UDB_PA2_BASE */
 292:Generated_Source\PSoC4/cyfitter_cfg.c **** 		CY_SET_XTND_REG32((void CYFAR *)(CYDEV_UDB_PA2_BASE), 0x00990000u);
 399              		.loc 1 292 0
 400 0176 294B     		ldr	r3, .L13+24
 401 0178 9922     		mov	r2, #153
 402 017a 1204     		lsl	r2, r2, #16
 403 017c 1A60     		str	r2, [r3]
 293:Generated_Source\PSoC4/cyfitter_cfg.c **** 
 294:Generated_Source\PSoC4/cyfitter_cfg.c **** 		/* UDB_PA_3 Starting address: CYDEV_UDB_PA3_BASE */
 295:Generated_Source\PSoC4/cyfitter_cfg.c **** 		CY_SET_XTND_REG32((void CYFAR *)(CYDEV_UDB_PA3_BASE), 0x00990000u);
 404              		.loc 1 295 0
 405 017e 284B     		ldr	r3, .L13+28
 406 0180 9922     		mov	r2, #153
 407 0182 1204     		lsl	r2, r2, #16
 408 0184 1A60     		str	r2, [r3]
 296:Generated_Source\PSoC4/cyfitter_cfg.c **** 
 297:Generated_Source\PSoC4/cyfitter_cfg.c **** 		/* Enable digital routing */
 298:Generated_Source\PSoC4/cyfitter_cfg.c **** 		CY_SET_XTND_REG8((void *)CYREG_UDB_UDBIF_BANK_CTL, CY_GET_XTND_REG8((void *)CYREG_UDB_UDBIF_BANK_
 409              		.loc 1 298 0
 410 0186 274A     		ldr	r2, .L13+32
 411 0188 264B     		ldr	r3, .L13+32
 412 018a 1B78     		ldrb	r3, [r3]
 413 018c DBB2     		uxtb	r3, r3
 414 018e 0221     		mov	r1, #2
 415 0190 0B43     		orr	r3, r1
 416 0192 DBB2     		uxtb	r3, r3
 417 0194 1370     		strb	r3, [r2]
 299:Generated_Source\PSoC4/cyfitter_cfg.c **** 
 300:Generated_Source\PSoC4/cyfitter_cfg.c **** 		/* Enable UDB array */
 301:Generated_Source\PSoC4/cyfitter_cfg.c **** 		CY_SET_XTND_REG8((void *)CYREG_UDB_UDBIF_WAIT_CFG, (uint8)((CY_GET_XTND_REG8((void *)CYREG_UDB_UD
 418              		.loc 1 301 0
 419 0196 244A     		ldr	r2, .L13+36
 420 0198 234B     		ldr	r3, .L13+36
 421 019a 1B78     		ldrb	r3, [r3]
 422 019c DBB2     		uxtb	r3, r3
 423 019e 3C21     		mov	r1, #60
 424 01a0 8B43     		bic	r3, r1
 425 01a2 DBB2     		uxtb	r3, r3
 426 01a4 1421     		mov	r1, #20
 427 01a6 0B43     		orr	r3, r1
 428 01a8 DBB2     		uxtb	r3, r3
 429 01aa 1370     		strb	r3, [r2]
 302:Generated_Source\PSoC4/cyfitter_cfg.c **** 		CY_SET_XTND_REG8((void *)CYREG_UDB_UDBIF_BANK_CTL, (uint8)(CY_GET_XTND_REG8((void *)CYREG_UDB_UDB
 430              		.loc 1 302 0
 431 01ac 1D4A     		ldr	r2, .L13+32
 432 01ae 1D4B     		ldr	r3, .L13+32
 433 01b0 1B78     		ldrb	r3, [r3]
 434 01b2 DBB2     		uxtb	r3, r3
 435 01b4 1621     		mov	r1, #22
 436 01b6 0B43     		orr	r3, r1
 437 01b8 DBB2     		uxtb	r3, r3
ARM GAS  C:\Users\ADMINI~1\AppData\Local\Temp\cc2mSZ0t.s 			page 14


 438 01ba 1370     		strb	r3, [r2]
 439              	.LBE2:
 303:Generated_Source\PSoC4/cyfitter_cfg.c **** 	}
 304:Generated_Source\PSoC4/cyfitter_cfg.c **** 
 305:Generated_Source\PSoC4/cyfitter_cfg.c **** 	/* Perform second pass device configuration. These items must be configured in specific order afte
 306:Generated_Source\PSoC4/cyfitter_cfg.c **** 	/* IOPINS0_0 Starting address: CYDEV_GPIO_PRT0_BASE */
 307:Generated_Source\PSoC4/cyfitter_cfg.c **** 	CY_SET_XTND_REG32((void CYFAR *)(CYREG_GPIO_PRT0_PC), 0x00D80000u);
 440              		.loc 1 307 0
 441 01bc 1B4B     		ldr	r3, .L13+40
 442 01be D822     		mov	r2, #216
 443 01c0 1204     		lsl	r2, r2, #16
 444 01c2 1A60     		str	r2, [r3]
 308:Generated_Source\PSoC4/cyfitter_cfg.c **** 
 309:Generated_Source\PSoC4/cyfitter_cfg.c **** 	/* IOPINS0_1 Starting address: CYDEV_GPIO_PRT1_BASE */
 310:Generated_Source\PSoC4/cyfitter_cfg.c **** 	CY_SET_XTND_REG32((void CYFAR *)(CYDEV_GPIO_PRT1_BASE), 0x00000020u);
 445              		.loc 1 310 0
 446 01c4 1A4B     		ldr	r3, .L13+44
 447 01c6 2022     		mov	r2, #32
 448 01c8 1A60     		str	r2, [r3]
 311:Generated_Source\PSoC4/cyfitter_cfg.c **** 	CY_SET_XTND_REG32((void CYFAR *)(CYREG_GPIO_PRT1_PC), 0x00031000u);
 449              		.loc 1 311 0
 450 01ca 1A4B     		ldr	r3, .L13+48
 451 01cc C422     		mov	r2, #196
 452 01ce 9202     		lsl	r2, r2, #10
 453 01d0 1A60     		str	r2, [r3]
 312:Generated_Source\PSoC4/cyfitter_cfg.c **** 	CY_SET_XTND_REG32((void CYFAR *)(CYREG_GPIO_PRT1_PC2), 0x00000020u);
 454              		.loc 1 312 0
 455 01d2 194B     		ldr	r3, .L13+52
 456 01d4 2022     		mov	r2, #32
 457 01d6 1A60     		str	r2, [r3]
 313:Generated_Source\PSoC4/cyfitter_cfg.c **** 
 314:Generated_Source\PSoC4/cyfitter_cfg.c **** 	/* IOPINS0_2 Starting address: CYDEV_GPIO_PRT2_BASE */
 315:Generated_Source\PSoC4/cyfitter_cfg.c **** 	CY_SET_XTND_REG32((void CYFAR *)(CYDEV_GPIO_PRT2_BASE), 0x00000040u);
 458              		.loc 1 315 0
 459 01d8 184B     		ldr	r3, .L13+56
 460 01da 4022     		mov	r2, #64
 461 01dc 1A60     		str	r2, [r3]
 316:Generated_Source\PSoC4/cyfitter_cfg.c **** 	CY_SET_XTND_REG32((void CYFAR *)(CYREG_GPIO_PRT2_PC), 0x00100000u);
 462              		.loc 1 316 0
 463 01de 184B     		ldr	r3, .L13+60
 464 01e0 8022     		mov	r2, #128
 465 01e2 5203     		lsl	r2, r2, #13
 466 01e4 1A60     		str	r2, [r3]
 317:Generated_Source\PSoC4/cyfitter_cfg.c **** 
 318:Generated_Source\PSoC4/cyfitter_cfg.c **** 	/* IOPINS0_3 Starting address: CYDEV_GPIO_PRT3_BASE */
 319:Generated_Source\PSoC4/cyfitter_cfg.c **** 	CY_SET_XTND_REG32((void CYFAR *)(CYDEV_GPIO_PRT3_BASE), 0x000000C0u);
 467              		.loc 1 319 0
 468 01e6 174B     		ldr	r3, .L13+64
 469 01e8 C022     		mov	r2, #192
 470 01ea 1A60     		str	r2, [r3]
 320:Generated_Source\PSoC4/cyfitter_cfg.c **** 	CY_SET_XTND_REG32((void CYFAR *)(CYREG_GPIO_PRT3_PC), 0x00900000u);
 471              		.loc 1 320 0
 472 01ec 164B     		ldr	r3, .L13+68
 473 01ee 9022     		mov	r2, #144
 474 01f0 1204     		lsl	r2, r2, #16
 475 01f2 1A60     		str	r2, [r3]
 321:Generated_Source\PSoC4/cyfitter_cfg.c **** 
ARM GAS  C:\Users\ADMINI~1\AppData\Local\Temp\cc2mSZ0t.s 			page 15


 322:Generated_Source\PSoC4/cyfitter_cfg.c **** 
 323:Generated_Source\PSoC4/cyfitter_cfg.c **** 	/* Setup clocks based on selections from Clock DWR */
 324:Generated_Source\PSoC4/cyfitter_cfg.c **** 	ClockSetup();
 476              		.loc 1 324 0
 477 01f4 FFF704FF 		bl	ClockSetup
 325:Generated_Source\PSoC4/cyfitter_cfg.c **** 
 326:Generated_Source\PSoC4/cyfitter_cfg.c **** 	/* Perform basic analog initialization to defaults */
 327:Generated_Source\PSoC4/cyfitter_cfg.c **** 	AnalogSetDefault();
 478              		.loc 1 327 0
 479 01f8 FFF7FEFF 		bl	AnalogSetDefault
 328:Generated_Source\PSoC4/cyfitter_cfg.c **** 
 329:Generated_Source\PSoC4/cyfitter_cfg.c **** }
 480              		.loc 1 329 0
 481 01fc BD46     		mov	sp, r7
 482 01fe 02B0     		add	sp, sp, #8
 483              		@ sp needed
 484 0200 80BD     		pop	{r7, pc}
 485              	.L14:
 486 0202 C046     		.align	2
 487              	.L13:
 488 0204 6CF02E40 		.word	1076818028
 489 0208 00000000 		.word	cfg_memset_list.4762
 490 020c 00000240 		.word	1073872896
 491 0210 00010240 		.word	1073873152
 492 0214 00500F40 		.word	1074745344
 493 0218 10500F40 		.word	1074745360
 494 021c 20500F40 		.word	1074745376
 495 0220 30500F40 		.word	1074745392
 496 0224 00700F40 		.word	1074753536
 497 0228 01700F40 		.word	1074753537
 498 022c 08000440 		.word	1074003976
 499 0230 00010440 		.word	1074004224
 500 0234 08010440 		.word	1074004232
 501 0238 18010440 		.word	1074004248
 502 023c 00020440 		.word	1074004480
 503 0240 08020440 		.word	1074004488
 504 0244 00030440 		.word	1074004736
 505 0248 08030440 		.word	1074004744
 506              		.cfi_endproc
 507              	.LFE7:
 508              		.size	cyfitter_cfg, .-cyfitter_cfg
 509              		.section	.rodata
 510              		.align	2
 511              		.type	cfg_memset_list.4762, %object
 512              		.size	cfg_memset_list.4762, 12
 513              	cfg_memset_list.4762:
 514 0000 00300F40 		.word	1074737152
 515 0004 0004     		.short	1024
 516 0006 00400F40 		.4byte	1074741248
 517 000a 0004     		.short	1024
 518              		.text
 519              	.Letext0:
 520              		.file 2 "d:\\program files (x86)\\cypress\\psoc creator\\4.0\\psoc creator\\import\\gnu\\arm\\4.9.
 521              		.file 3 "Generated_Source\\PSoC4\\cytypes.h"
 522              		.section	.debug_info,"",%progbits
 523              	.Ldebug_info0:
 524 0000 4D020000 		.4byte	0x24d
ARM GAS  C:\Users\ADMINI~1\AppData\Local\Temp\cc2mSZ0t.s 			page 16


 525 0004 0400     		.2byte	0x4
 526 0006 00000000 		.4byte	.Ldebug_abbrev0
 527 000a 04       		.byte	0x4
 528 000b 01       		.uleb128 0x1
 529 000c A5000000 		.4byte	.LASF29
 530 0010 01       		.byte	0x1
 531 0011 B5010000 		.4byte	.LASF30
 532 0015 F7010000 		.4byte	.LASF31
 533 0019 00000000 		.4byte	.Ldebug_ranges0+0
 534 001d 00000000 		.4byte	0
 535 0021 00000000 		.4byte	.Ldebug_line0
 536 0025 02       		.uleb128 0x2
 537 0026 04       		.byte	0x4
 538 0027 05       		.byte	0x5
 539 0028 696E7400 		.ascii	"int\000"
 540 002c 03       		.uleb128 0x3
 541 002d 06000000 		.4byte	.LASF11
 542 0031 02       		.byte	0x2
 543 0032 D4       		.byte	0xd4
 544 0033 37000000 		.4byte	0x37
 545 0037 04       		.uleb128 0x4
 546 0038 04       		.byte	0x4
 547 0039 07       		.byte	0x7
 548 003a 41010000 		.4byte	.LASF0
 549 003e 04       		.uleb128 0x4
 550 003f 01       		.byte	0x1
 551 0040 06       		.byte	0x6
 552 0041 A9010000 		.4byte	.LASF1
 553 0045 04       		.uleb128 0x4
 554 0046 01       		.byte	0x1
 555 0047 08       		.byte	0x8
 556 0048 83000000 		.4byte	.LASF2
 557 004c 04       		.uleb128 0x4
 558 004d 02       		.byte	0x2
 559 004e 05       		.byte	0x5
 560 004f 96010000 		.4byte	.LASF3
 561 0053 04       		.uleb128 0x4
 562 0054 02       		.byte	0x2
 563 0055 07       		.byte	0x7
 564 0056 39000000 		.4byte	.LASF4
 565 005a 04       		.uleb128 0x4
 566 005b 04       		.byte	0x4
 567 005c 05       		.byte	0x5
 568 005d A0010000 		.4byte	.LASF5
 569 0061 04       		.uleb128 0x4
 570 0062 04       		.byte	0x4
 571 0063 07       		.byte	0x7
 572 0064 61000000 		.4byte	.LASF6
 573 0068 04       		.uleb128 0x4
 574 0069 08       		.byte	0x8
 575 006a 05       		.byte	0x5
 576 006b 83010000 		.4byte	.LASF7
 577 006f 04       		.uleb128 0x4
 578 0070 08       		.byte	0x8
 579 0071 07       		.byte	0x7
 580 0072 56010000 		.4byte	.LASF8
 581 0076 04       		.uleb128 0x4
ARM GAS  C:\Users\ADMINI~1\AppData\Local\Temp\cc2mSZ0t.s 			page 17


 582 0077 04       		.byte	0x4
 583 0078 07       		.byte	0x7
 584 0079 7A010000 		.4byte	.LASF9
 585 007d 05       		.uleb128 0x5
 586 007e 04       		.byte	0x4
 587 007f 04       		.uleb128 0x4
 588 0080 01       		.byte	0x1
 589 0081 08       		.byte	0x8
 590 0082 91010000 		.4byte	.LASF10
 591 0086 06       		.uleb128 0x6
 592 0087 73000000 		.4byte	.LASF12
 593 008b 03       		.byte	0x3
 594 008c B901     		.2byte	0x1b9
 595 008e 45000000 		.4byte	0x45
 596 0092 06       		.uleb128 0x6
 597 0093 33010000 		.4byte	.LASF13
 598 0097 03       		.byte	0x3
 599 0098 BA01     		.2byte	0x1ba
 600 009a 53000000 		.4byte	0x53
 601 009e 06       		.uleb128 0x6
 602 009f 3A010000 		.4byte	.LASF14
 603 00a3 03       		.byte	0x3
 604 00a4 BB01     		.2byte	0x1bb
 605 00a6 61000000 		.4byte	0x61
 606 00aa 04       		.uleb128 0x4
 607 00ab 04       		.byte	0x4
 608 00ac 04       		.byte	0x4
 609 00ad 4C000000 		.4byte	.LASF15
 610 00b1 04       		.uleb128 0x4
 611 00b2 08       		.byte	0x8
 612 00b3 04       		.byte	0x4
 613 00b4 91000000 		.4byte	.LASF16
 614 00b8 06       		.uleb128 0x6
 615 00b9 5C000000 		.4byte	.LASF17
 616 00bd 03       		.byte	0x3
 617 00be 6302     		.2byte	0x263
 618 00c0 C4000000 		.4byte	0xc4
 619 00c4 07       		.uleb128 0x7
 620 00c5 86000000 		.4byte	0x86
 621 00c9 06       		.uleb128 0x6
 622 00ca 00000000 		.4byte	.LASF18
 623 00ce 03       		.byte	0x3
 624 00cf 6502     		.2byte	0x265
 625 00d1 D5000000 		.4byte	0xd5
 626 00d5 07       		.uleb128 0x7
 627 00d6 9E000000 		.4byte	0x9e
 628 00da 08       		.uleb128 0x8
 629 00db 79000000 		.4byte	.LASF19
 630 00df 01       		.byte	0x1
 631 00e0 3E       		.byte	0x3e
 632 00e1 00000000 		.4byte	.LFB2
 633 00e5 1E000000 		.4byte	.LFE2-.LFB2
 634 00e9 01       		.uleb128 0x1
 635 00ea 9C       		.byte	0x9c
 636 00eb 08010000 		.4byte	0x108
 637 00ef 09       		.uleb128 0x9
 638 00f0 7300     		.ascii	"s\000"
ARM GAS  C:\Users\ADMINI~1\AppData\Local\Temp\cc2mSZ0t.s 			page 18


 639 00f2 01       		.byte	0x1
 640 00f3 3E       		.byte	0x3e
 641 00f4 7D000000 		.4byte	0x7d
 642 00f8 02       		.uleb128 0x2
 643 00f9 91       		.byte	0x91
 644 00fa 74       		.sleb128 -12
 645 00fb 09       		.uleb128 0x9
 646 00fc 6E00     		.ascii	"n\000"
 647 00fe 01       		.byte	0x1
 648 00ff 3E       		.byte	0x3e
 649 0100 2C000000 		.4byte	0x2c
 650 0104 02       		.uleb128 0x2
 651 0105 91       		.byte	0x91
 652 0106 70       		.sleb128 -16
 653 0107 00       		.byte	0
 654 0108 08       		.uleb128 0x8
 655 0109 EB010000 		.4byte	.LASF20
 656 010d 01       		.byte	0x1
 657 010e 45       		.byte	0x45
 658 010f 00000000 		.4byte	.LFB3
 659 0113 22000000 		.4byte	.LFE3-.LFB3
 660 0117 01       		.uleb128 0x1
 661 0118 9C       		.byte	0x9c
 662 0119 46010000 		.4byte	0x146
 663 011d 0A       		.uleb128 0xa
 664 011e 52000000 		.4byte	.LASF21
 665 0122 01       		.byte	0x1
 666 0123 45       		.byte	0x45
 667 0124 7D000000 		.4byte	0x7d
 668 0128 02       		.uleb128 0x2
 669 0129 91       		.byte	0x91
 670 012a 74       		.sleb128 -12
 671 012b 09       		.uleb128 0x9
 672 012c 73726300 		.ascii	"src\000"
 673 0130 01       		.byte	0x1
 674 0131 45       		.byte	0x45
 675 0132 46010000 		.4byte	0x146
 676 0136 02       		.uleb128 0x2
 677 0137 91       		.byte	0x91
 678 0138 70       		.sleb128 -16
 679 0139 09       		.uleb128 0x9
 680 013a 6E00     		.ascii	"n\000"
 681 013c 01       		.byte	0x1
 682 013d 45       		.byte	0x45
 683 013e 2C000000 		.4byte	0x2c
 684 0142 02       		.uleb128 0x2
 685 0143 91       		.byte	0x91
 686 0144 6C       		.sleb128 -20
 687 0145 00       		.byte	0
 688 0146 0B       		.uleb128 0xb
 689 0147 04       		.byte	0x4
 690 0148 4C010000 		.4byte	0x14c
 691 014c 0C       		.uleb128 0xc
 692 014d 08       		.uleb128 0x8
 693 014e DB010000 		.4byte	.LASF22
 694 0152 01       		.byte	0x1
 695 0153 4C       		.byte	0x4c
ARM GAS  C:\Users\ADMINI~1\AppData\Local\Temp\cc2mSZ0t.s 			page 19


 696 0154 00000000 		.4byte	.LFB4
 697 0158 22000000 		.4byte	.LFE4-.LFB4
 698 015c 01       		.uleb128 0x1
 699 015d 9C       		.byte	0x9c
 700 015e 8B010000 		.4byte	0x18b
 701 0162 0A       		.uleb128 0xa
 702 0163 52000000 		.4byte	.LASF21
 703 0167 01       		.byte	0x1
 704 0168 4C       		.byte	0x4c
 705 0169 7D000000 		.4byte	0x7d
 706 016d 02       		.uleb128 0x2
 707 016e 91       		.byte	0x91
 708 016f 74       		.sleb128 -12
 709 0170 09       		.uleb128 0x9
 710 0171 73726300 		.ascii	"src\000"
 711 0175 01       		.byte	0x1
 712 0176 4C       		.byte	0x4c
 713 0177 46010000 		.4byte	0x146
 714 017b 02       		.uleb128 0x2
 715 017c 91       		.byte	0x91
 716 017d 70       		.sleb128 -16
 717 017e 09       		.uleb128 0x9
 718 017f 6E00     		.ascii	"n\000"
 719 0181 01       		.byte	0x1
 720 0182 4C       		.byte	0x4c
 721 0183 2C000000 		.4byte	0x2c
 722 0187 02       		.uleb128 0x2
 723 0188 91       		.byte	0x91
 724 0189 6C       		.sleb128 -20
 725 018a 00       		.byte	0
 726 018b 0D       		.uleb128 0xd
 727 018c 2E000000 		.4byte	.LASF23
 728 0190 01       		.byte	0x1
 729 0191 9C       		.byte	0x9c
 730 0192 00000000 		.4byte	.LFB5
 731 0196 F0000000 		.4byte	.LFE5-.LFB5
 732 019a 01       		.uleb128 0x1
 733 019b 9C       		.byte	0x9c
 734 019c 0E       		.uleb128 0xe
 735 019d 0D000000 		.4byte	.LASF24
 736 01a1 01       		.byte	0x1
 737 01a2 E1       		.byte	0xe1
 738 01a3 00000000 		.4byte	.LFB6
 739 01a7 28000000 		.4byte	.LFE6-.LFB6
 740 01ab 01       		.uleb128 0x1
 741 01ac 9C       		.byte	0x9c
 742 01ad 0F       		.uleb128 0xf
 743 01ae 98000000 		.4byte	.LASF32
 744 01b2 01       		.byte	0x1
 745 01b3 FC       		.byte	0xfc
 746 01b4 F0000000 		.4byte	.LFB7
 747 01b8 5C010000 		.4byte	.LFE7-.LFB7
 748 01bc 01       		.uleb128 0x1
 749 01bd 9C       		.byte	0x9c
 750 01be 10       		.uleb128 0x10
 751 01bf FE000000 		.4byte	.LBB2
 752 01c3 BE000000 		.4byte	.LBE2-.LBB2
ARM GAS  C:\Users\ADMINI~1\AppData\Local\Temp\cc2mSZ0t.s 			page 20


 753 01c7 11       		.uleb128 0x11
 754 01c8 06       		.byte	0x6
 755 01c9 01       		.byte	0x1
 756 01ca 0501     		.2byte	0x105
 757 01cc EB010000 		.4byte	0x1eb
 758 01d0 12       		.uleb128 0x12
 759 01d1 4E010000 		.4byte	.LASF25
 760 01d5 01       		.byte	0x1
 761 01d6 0601     		.2byte	0x106
 762 01d8 7D000000 		.4byte	0x7d
 763 01dc 00       		.byte	0
 764 01dd 12       		.uleb128 0x12
 765 01de 57000000 		.4byte	.LASF26
 766 01e2 01       		.byte	0x1
 767 01e3 0701     		.2byte	0x107
 768 01e5 92000000 		.4byte	0x92
 769 01e9 04       		.byte	0x4
 770 01ea 00       		.byte	0
 771 01eb 06       		.uleb128 0x6
 772 01ec 6D010000 		.4byte	.LASF27
 773 01f0 01       		.byte	0x1
 774 01f1 0801     		.2byte	0x108
 775 01f3 C7010000 		.4byte	0x1c7
 776 01f7 13       		.uleb128 0x13
 777 01f8 EB010000 		.4byte	0x1eb
 778 01fc 07020000 		.4byte	0x207
 779 0200 14       		.uleb128 0x14
 780 0201 76000000 		.4byte	0x76
 781 0205 01       		.byte	0x1
 782 0206 00       		.byte	0
 783 0207 15       		.uleb128 0x15
 784 0208 1E000000 		.4byte	.LASF28
 785 020c 01       		.byte	0x1
 786 020d 0A01     		.2byte	0x10a
 787 020f 19020000 		.4byte	0x219
 788 0213 05       		.uleb128 0x5
 789 0214 03       		.byte	0x3
 790 0215 00000000 		.4byte	cfg_memset_list.4762
 791 0219 16       		.uleb128 0x16
 792 021a F7010000 		.4byte	0x1f7
 793 021e 17       		.uleb128 0x17
 794 021f 6900     		.ascii	"i\000"
 795 0221 01       		.byte	0x1
 796 0222 1001     		.2byte	0x110
 797 0224 86000000 		.4byte	0x86
 798 0228 02       		.uleb128 0x2
 799 0229 91       		.byte	0x91
 800 022a 77       		.sleb128 -9
 801 022b 10       		.uleb128 0x10
 802 022c 06010000 		.4byte	.LBB3
 803 0230 3E000000 		.4byte	.LBE3-.LBB3
 804 0234 17       		.uleb128 0x17
 805 0235 6D7300   		.ascii	"ms\000"
 806 0238 01       		.byte	0x1
 807 0239 1501     		.2byte	0x115
 808 023b 42020000 		.4byte	0x242
 809 023f 02       		.uleb128 0x2
ARM GAS  C:\Users\ADMINI~1\AppData\Local\Temp\cc2mSZ0t.s 			page 21


 810 0240 91       		.byte	0x91
 811 0241 70       		.sleb128 -16
 812 0242 0B       		.uleb128 0xb
 813 0243 04       		.byte	0x4
 814 0244 48020000 		.4byte	0x248
 815 0248 16       		.uleb128 0x16
 816 0249 EB010000 		.4byte	0x1eb
 817 024d 00       		.byte	0
 818 024e 00       		.byte	0
 819 024f 00       		.byte	0
 820 0250 00       		.byte	0
 821              		.section	.debug_abbrev,"",%progbits
 822              	.Ldebug_abbrev0:
 823 0000 01       		.uleb128 0x1
 824 0001 11       		.uleb128 0x11
 825 0002 01       		.byte	0x1
 826 0003 25       		.uleb128 0x25
 827 0004 0E       		.uleb128 0xe
 828 0005 13       		.uleb128 0x13
 829 0006 0B       		.uleb128 0xb
 830 0007 03       		.uleb128 0x3
 831 0008 0E       		.uleb128 0xe
 832 0009 1B       		.uleb128 0x1b
 833 000a 0E       		.uleb128 0xe
 834 000b 55       		.uleb128 0x55
 835 000c 17       		.uleb128 0x17
 836 000d 11       		.uleb128 0x11
 837 000e 01       		.uleb128 0x1
 838 000f 10       		.uleb128 0x10
 839 0010 17       		.uleb128 0x17
 840 0011 00       		.byte	0
 841 0012 00       		.byte	0
 842 0013 02       		.uleb128 0x2
 843 0014 24       		.uleb128 0x24
 844 0015 00       		.byte	0
 845 0016 0B       		.uleb128 0xb
 846 0017 0B       		.uleb128 0xb
 847 0018 3E       		.uleb128 0x3e
 848 0019 0B       		.uleb128 0xb
 849 001a 03       		.uleb128 0x3
 850 001b 08       		.uleb128 0x8
 851 001c 00       		.byte	0
 852 001d 00       		.byte	0
 853 001e 03       		.uleb128 0x3
 854 001f 16       		.uleb128 0x16
 855 0020 00       		.byte	0
 856 0021 03       		.uleb128 0x3
 857 0022 0E       		.uleb128 0xe
 858 0023 3A       		.uleb128 0x3a
 859 0024 0B       		.uleb128 0xb
 860 0025 3B       		.uleb128 0x3b
 861 0026 0B       		.uleb128 0xb
 862 0027 49       		.uleb128 0x49
 863 0028 13       		.uleb128 0x13
 864 0029 00       		.byte	0
 865 002a 00       		.byte	0
 866 002b 04       		.uleb128 0x4
ARM GAS  C:\Users\ADMINI~1\AppData\Local\Temp\cc2mSZ0t.s 			page 22


 867 002c 24       		.uleb128 0x24
 868 002d 00       		.byte	0
 869 002e 0B       		.uleb128 0xb
 870 002f 0B       		.uleb128 0xb
 871 0030 3E       		.uleb128 0x3e
 872 0031 0B       		.uleb128 0xb
 873 0032 03       		.uleb128 0x3
 874 0033 0E       		.uleb128 0xe
 875 0034 00       		.byte	0
 876 0035 00       		.byte	0
 877 0036 05       		.uleb128 0x5
 878 0037 0F       		.uleb128 0xf
 879 0038 00       		.byte	0
 880 0039 0B       		.uleb128 0xb
 881 003a 0B       		.uleb128 0xb
 882 003b 00       		.byte	0
 883 003c 00       		.byte	0
 884 003d 06       		.uleb128 0x6
 885 003e 16       		.uleb128 0x16
 886 003f 00       		.byte	0
 887 0040 03       		.uleb128 0x3
 888 0041 0E       		.uleb128 0xe
 889 0042 3A       		.uleb128 0x3a
 890 0043 0B       		.uleb128 0xb
 891 0044 3B       		.uleb128 0x3b
 892 0045 05       		.uleb128 0x5
 893 0046 49       		.uleb128 0x49
 894 0047 13       		.uleb128 0x13
 895 0048 00       		.byte	0
 896 0049 00       		.byte	0
 897 004a 07       		.uleb128 0x7
 898 004b 35       		.uleb128 0x35
 899 004c 00       		.byte	0
 900 004d 49       		.uleb128 0x49
 901 004e 13       		.uleb128 0x13
 902 004f 00       		.byte	0
 903 0050 00       		.byte	0
 904 0051 08       		.uleb128 0x8
 905 0052 2E       		.uleb128 0x2e
 906 0053 01       		.byte	0x1
 907 0054 03       		.uleb128 0x3
 908 0055 0E       		.uleb128 0xe
 909 0056 3A       		.uleb128 0x3a
 910 0057 0B       		.uleb128 0xb
 911 0058 3B       		.uleb128 0x3b
 912 0059 0B       		.uleb128 0xb
 913 005a 27       		.uleb128 0x27
 914 005b 19       		.uleb128 0x19
 915 005c 11       		.uleb128 0x11
 916 005d 01       		.uleb128 0x1
 917 005e 12       		.uleb128 0x12
 918 005f 06       		.uleb128 0x6
 919 0060 40       		.uleb128 0x40
 920 0061 18       		.uleb128 0x18
 921 0062 9642     		.uleb128 0x2116
 922 0064 19       		.uleb128 0x19
 923 0065 01       		.uleb128 0x1
ARM GAS  C:\Users\ADMINI~1\AppData\Local\Temp\cc2mSZ0t.s 			page 23


 924 0066 13       		.uleb128 0x13
 925 0067 00       		.byte	0
 926 0068 00       		.byte	0
 927 0069 09       		.uleb128 0x9
 928 006a 05       		.uleb128 0x5
 929 006b 00       		.byte	0
 930 006c 03       		.uleb128 0x3
 931 006d 08       		.uleb128 0x8
 932 006e 3A       		.uleb128 0x3a
 933 006f 0B       		.uleb128 0xb
 934 0070 3B       		.uleb128 0x3b
 935 0071 0B       		.uleb128 0xb
 936 0072 49       		.uleb128 0x49
 937 0073 13       		.uleb128 0x13
 938 0074 02       		.uleb128 0x2
 939 0075 18       		.uleb128 0x18
 940 0076 00       		.byte	0
 941 0077 00       		.byte	0
 942 0078 0A       		.uleb128 0xa
 943 0079 05       		.uleb128 0x5
 944 007a 00       		.byte	0
 945 007b 03       		.uleb128 0x3
 946 007c 0E       		.uleb128 0xe
 947 007d 3A       		.uleb128 0x3a
 948 007e 0B       		.uleb128 0xb
 949 007f 3B       		.uleb128 0x3b
 950 0080 0B       		.uleb128 0xb
 951 0081 49       		.uleb128 0x49
 952 0082 13       		.uleb128 0x13
 953 0083 02       		.uleb128 0x2
 954 0084 18       		.uleb128 0x18
 955 0085 00       		.byte	0
 956 0086 00       		.byte	0
 957 0087 0B       		.uleb128 0xb
 958 0088 0F       		.uleb128 0xf
 959 0089 00       		.byte	0
 960 008a 0B       		.uleb128 0xb
 961 008b 0B       		.uleb128 0xb
 962 008c 49       		.uleb128 0x49
 963 008d 13       		.uleb128 0x13
 964 008e 00       		.byte	0
 965 008f 00       		.byte	0
 966 0090 0C       		.uleb128 0xc
 967 0091 26       		.uleb128 0x26
 968 0092 00       		.byte	0
 969 0093 00       		.byte	0
 970 0094 00       		.byte	0
 971 0095 0D       		.uleb128 0xd
 972 0096 2E       		.uleb128 0x2e
 973 0097 00       		.byte	0
 974 0098 03       		.uleb128 0x3
 975 0099 0E       		.uleb128 0xe
 976 009a 3A       		.uleb128 0x3a
 977 009b 0B       		.uleb128 0xb
 978 009c 3B       		.uleb128 0x3b
 979 009d 0B       		.uleb128 0xb
 980 009e 27       		.uleb128 0x27
ARM GAS  C:\Users\ADMINI~1\AppData\Local\Temp\cc2mSZ0t.s 			page 24


 981 009f 19       		.uleb128 0x19
 982 00a0 11       		.uleb128 0x11
 983 00a1 01       		.uleb128 0x1
 984 00a2 12       		.uleb128 0x12
 985 00a3 06       		.uleb128 0x6
 986 00a4 40       		.uleb128 0x40
 987 00a5 18       		.uleb128 0x18
 988 00a6 9642     		.uleb128 0x2116
 989 00a8 19       		.uleb128 0x19
 990 00a9 00       		.byte	0
 991 00aa 00       		.byte	0
 992 00ab 0E       		.uleb128 0xe
 993 00ac 2E       		.uleb128 0x2e
 994 00ad 00       		.byte	0
 995 00ae 03       		.uleb128 0x3
 996 00af 0E       		.uleb128 0xe
 997 00b0 3A       		.uleb128 0x3a
 998 00b1 0B       		.uleb128 0xb
 999 00b2 3B       		.uleb128 0x3b
 1000 00b3 0B       		.uleb128 0xb
 1001 00b4 27       		.uleb128 0x27
 1002 00b5 19       		.uleb128 0x19
 1003 00b6 11       		.uleb128 0x11
 1004 00b7 01       		.uleb128 0x1
 1005 00b8 12       		.uleb128 0x12
 1006 00b9 06       		.uleb128 0x6
 1007 00ba 40       		.uleb128 0x40
 1008 00bb 18       		.uleb128 0x18
 1009 00bc 9742     		.uleb128 0x2117
 1010 00be 19       		.uleb128 0x19
 1011 00bf 00       		.byte	0
 1012 00c0 00       		.byte	0
 1013 00c1 0F       		.uleb128 0xf
 1014 00c2 2E       		.uleb128 0x2e
 1015 00c3 01       		.byte	0x1
 1016 00c4 3F       		.uleb128 0x3f
 1017 00c5 19       		.uleb128 0x19
 1018 00c6 03       		.uleb128 0x3
 1019 00c7 0E       		.uleb128 0xe
 1020 00c8 3A       		.uleb128 0x3a
 1021 00c9 0B       		.uleb128 0xb
 1022 00ca 3B       		.uleb128 0x3b
 1023 00cb 0B       		.uleb128 0xb
 1024 00cc 27       		.uleb128 0x27
 1025 00cd 19       		.uleb128 0x19
 1026 00ce 11       		.uleb128 0x11
 1027 00cf 01       		.uleb128 0x1
 1028 00d0 12       		.uleb128 0x12
 1029 00d1 06       		.uleb128 0x6
 1030 00d2 40       		.uleb128 0x40
 1031 00d3 18       		.uleb128 0x18
 1032 00d4 9642     		.uleb128 0x2116
 1033 00d6 19       		.uleb128 0x19
 1034 00d7 00       		.byte	0
 1035 00d8 00       		.byte	0
 1036 00d9 10       		.uleb128 0x10
 1037 00da 0B       		.uleb128 0xb
ARM GAS  C:\Users\ADMINI~1\AppData\Local\Temp\cc2mSZ0t.s 			page 25


 1038 00db 01       		.byte	0x1
 1039 00dc 11       		.uleb128 0x11
 1040 00dd 01       		.uleb128 0x1
 1041 00de 12       		.uleb128 0x12
 1042 00df 06       		.uleb128 0x6
 1043 00e0 00       		.byte	0
 1044 00e1 00       		.byte	0
 1045 00e2 11       		.uleb128 0x11
 1046 00e3 13       		.uleb128 0x13
 1047 00e4 01       		.byte	0x1
 1048 00e5 0B       		.uleb128 0xb
 1049 00e6 0B       		.uleb128 0xb
 1050 00e7 3A       		.uleb128 0x3a
 1051 00e8 0B       		.uleb128 0xb
 1052 00e9 3B       		.uleb128 0x3b
 1053 00ea 05       		.uleb128 0x5
 1054 00eb 01       		.uleb128 0x1
 1055 00ec 13       		.uleb128 0x13
 1056 00ed 00       		.byte	0
 1057 00ee 00       		.byte	0
 1058 00ef 12       		.uleb128 0x12
 1059 00f0 0D       		.uleb128 0xd
 1060 00f1 00       		.byte	0
 1061 00f2 03       		.uleb128 0x3
 1062 00f3 0E       		.uleb128 0xe
 1063 00f4 3A       		.uleb128 0x3a
 1064 00f5 0B       		.uleb128 0xb
 1065 00f6 3B       		.uleb128 0x3b
 1066 00f7 05       		.uleb128 0x5
 1067 00f8 49       		.uleb128 0x49
 1068 00f9 13       		.uleb128 0x13
 1069 00fa 38       		.uleb128 0x38
 1070 00fb 0B       		.uleb128 0xb
 1071 00fc 00       		.byte	0
 1072 00fd 00       		.byte	0
 1073 00fe 13       		.uleb128 0x13
 1074 00ff 01       		.uleb128 0x1
 1075 0100 01       		.byte	0x1
 1076 0101 49       		.uleb128 0x49
 1077 0102 13       		.uleb128 0x13
 1078 0103 01       		.uleb128 0x1
 1079 0104 13       		.uleb128 0x13
 1080 0105 00       		.byte	0
 1081 0106 00       		.byte	0
 1082 0107 14       		.uleb128 0x14
 1083 0108 21       		.uleb128 0x21
 1084 0109 00       		.byte	0
 1085 010a 49       		.uleb128 0x49
 1086 010b 13       		.uleb128 0x13
 1087 010c 2F       		.uleb128 0x2f
 1088 010d 0B       		.uleb128 0xb
 1089 010e 00       		.byte	0
 1090 010f 00       		.byte	0
 1091 0110 15       		.uleb128 0x15
 1092 0111 34       		.uleb128 0x34
 1093 0112 00       		.byte	0
 1094 0113 03       		.uleb128 0x3
ARM GAS  C:\Users\ADMINI~1\AppData\Local\Temp\cc2mSZ0t.s 			page 26


 1095 0114 0E       		.uleb128 0xe
 1096 0115 3A       		.uleb128 0x3a
 1097 0116 0B       		.uleb128 0xb
 1098 0117 3B       		.uleb128 0x3b
 1099 0118 05       		.uleb128 0x5
 1100 0119 49       		.uleb128 0x49
 1101 011a 13       		.uleb128 0x13
 1102 011b 02       		.uleb128 0x2
 1103 011c 18       		.uleb128 0x18
 1104 011d 00       		.byte	0
 1105 011e 00       		.byte	0
 1106 011f 16       		.uleb128 0x16
 1107 0120 26       		.uleb128 0x26
 1108 0121 00       		.byte	0
 1109 0122 49       		.uleb128 0x49
 1110 0123 13       		.uleb128 0x13
 1111 0124 00       		.byte	0
 1112 0125 00       		.byte	0
 1113 0126 17       		.uleb128 0x17
 1114 0127 34       		.uleb128 0x34
 1115 0128 00       		.byte	0
 1116 0129 03       		.uleb128 0x3
 1117 012a 08       		.uleb128 0x8
 1118 012b 3A       		.uleb128 0x3a
 1119 012c 0B       		.uleb128 0xb
 1120 012d 3B       		.uleb128 0x3b
 1121 012e 05       		.uleb128 0x5
 1122 012f 49       		.uleb128 0x49
 1123 0130 13       		.uleb128 0x13
 1124 0131 02       		.uleb128 0x2
 1125 0132 18       		.uleb128 0x18
 1126 0133 00       		.byte	0
 1127 0134 00       		.byte	0
 1128 0135 00       		.byte	0
 1129              		.section	.debug_aranges,"",%progbits
 1130 0000 44000000 		.4byte	0x44
 1131 0004 0200     		.2byte	0x2
 1132 0006 00000000 		.4byte	.Ldebug_info0
 1133 000a 04       		.byte	0x4
 1134 000b 00       		.byte	0
 1135 000c 0000     		.2byte	0
 1136 000e 0000     		.2byte	0
 1137 0010 00000000 		.4byte	.LFB2
 1138 0014 1E000000 		.4byte	.LFE2-.LFB2
 1139 0018 00000000 		.4byte	.LFB3
 1140 001c 22000000 		.4byte	.LFE3-.LFB3
 1141 0020 00000000 		.4byte	.LFB4
 1142 0024 22000000 		.4byte	.LFE4-.LFB4
 1143 0028 00000000 		.4byte	.LFB5
 1144 002c F0000000 		.4byte	.LFE5-.LFB5
 1145 0030 00000000 		.4byte	.LFB6
 1146 0034 28000000 		.4byte	.LFE6-.LFB6
 1147 0038 F0000000 		.4byte	.LFB7
 1148 003c 5C010000 		.4byte	.LFE7-.LFB7
 1149 0040 00000000 		.4byte	0
 1150 0044 00000000 		.4byte	0
 1151              		.section	.debug_ranges,"",%progbits
ARM GAS  C:\Users\ADMINI~1\AppData\Local\Temp\cc2mSZ0t.s 			page 27


 1152              	.Ldebug_ranges0:
 1153 0000 00000000 		.4byte	.LFB2
 1154 0004 1E000000 		.4byte	.LFE2
 1155 0008 00000000 		.4byte	.LFB3
 1156 000c 22000000 		.4byte	.LFE3
 1157 0010 00000000 		.4byte	.LFB4
 1158 0014 22000000 		.4byte	.LFE4
 1159 0018 00000000 		.4byte	.LFB5
 1160 001c F0000000 		.4byte	.LFE5
 1161 0020 00000000 		.4byte	.LFB6
 1162 0024 28000000 		.4byte	.LFE6
 1163 0028 F0000000 		.4byte	.LFB7
 1164 002c 4C020000 		.4byte	.LFE7
 1165 0030 00000000 		.4byte	0
 1166 0034 00000000 		.4byte	0
 1167              		.section	.debug_line,"",%progbits
 1168              	.Ldebug_line0:
 1169 0000 75010000 		.section	.debug_str,"MS",%progbits,1
 1169      0200CB00 
 1169      00000201 
 1169      FB0E0D00 
 1169      01010101 
 1170              	.LASF18:
 1171 0000 72656733 		.ascii	"reg32\000"
 1171      3200
 1172              	.LASF11:
 1173 0006 73697A65 		.ascii	"size_t\000"
 1173      5F7400
 1174              	.LASF24:
 1175 000d 416E616C 		.ascii	"AnalogSetDefault\000"
 1175      6F675365 
 1175      74446566 
 1175      61756C74 
 1175      00
 1176              	.LASF28:
 1177 001e 6366675F 		.ascii	"cfg_memset_list\000"
 1177      6D656D73 
 1177      65745F6C 
 1177      69737400 
 1178              	.LASF23:
 1179 002e 436C6F63 		.ascii	"ClockSetup\000"
 1179      6B536574 
 1179      757000
 1180              	.LASF4:
 1181 0039 73686F72 		.ascii	"short unsigned int\000"
 1181      7420756E 
 1181      7369676E 
 1181      65642069 
 1181      6E7400
 1182              	.LASF15:
 1183 004c 666C6F61 		.ascii	"float\000"
 1183      7400
 1184              	.LASF21:
 1185 0052 64657374 		.ascii	"dest\000"
 1185      00
 1186              	.LASF26:
 1187 0057 73697A65 		.ascii	"size\000"
ARM GAS  C:\Users\ADMINI~1\AppData\Local\Temp\cc2mSZ0t.s 			page 28


 1187      00
 1188              	.LASF17:
 1189 005c 72656738 		.ascii	"reg8\000"
 1189      00
 1190              	.LASF6:
 1191 0061 6C6F6E67 		.ascii	"long unsigned int\000"
 1191      20756E73 
 1191      69676E65 
 1191      6420696E 
 1191      7400
 1192              	.LASF12:
 1193 0073 75696E74 		.ascii	"uint8\000"
 1193      3800
 1194              	.LASF19:
 1195 0079 43594D45 		.ascii	"CYMEMZERO\000"
 1195      4D5A4552 
 1195      4F00
 1196              	.LASF2:
 1197 0083 756E7369 		.ascii	"unsigned char\000"
 1197      676E6564 
 1197      20636861 
 1197      7200
 1198              	.LASF16:
 1199 0091 646F7562 		.ascii	"double\000"
 1199      6C6500
 1200              	.LASF32:
 1201 0098 63796669 		.ascii	"cyfitter_cfg\000"
 1201      74746572 
 1201      5F636667 
 1201      00
 1202              	.LASF29:
 1203 00a5 474E5520 		.ascii	"GNU C 4.9.3 20150303 (release) [ARM/embedded-4_9-br"
 1203      4320342E 
 1203      392E3320 
 1203      32303135 
 1203      30333033 
 1204 00d8 616E6368 		.ascii	"anch revision 221220] -mcpu=cortex-m0 -mthumb -g -O"
 1204      20726576 
 1204      6973696F 
 1204      6E203232 
 1204      31323230 
 1205 010b 30202D66 		.ascii	"0 -ffunction-sections -ffat-lto-objects\000"
 1205      66756E63 
 1205      74696F6E 
 1205      2D736563 
 1205      74696F6E 
 1206              	.LASF13:
 1207 0133 75696E74 		.ascii	"uint16\000"
 1207      313600
 1208              	.LASF14:
 1209 013a 75696E74 		.ascii	"uint32\000"
 1209      333200
 1210              	.LASF0:
 1211 0141 756E7369 		.ascii	"unsigned int\000"
 1211      676E6564 
 1211      20696E74 
 1211      00
ARM GAS  C:\Users\ADMINI~1\AppData\Local\Temp\cc2mSZ0t.s 			page 29


 1212              	.LASF25:
 1213 014e 61646472 		.ascii	"address\000"
 1213      65737300 
 1214              	.LASF8:
 1215 0156 6C6F6E67 		.ascii	"long long unsigned int\000"
 1215      206C6F6E 
 1215      6720756E 
 1215      7369676E 
 1215      65642069 
 1216              	.LASF27:
 1217 016d 6366675F 		.ascii	"cfg_memset_t\000"
 1217      6D656D73 
 1217      65745F74 
 1217      00
 1218              	.LASF9:
 1219 017a 73697A65 		.ascii	"sizetype\000"
 1219      74797065 
 1219      00
 1220              	.LASF7:
 1221 0183 6C6F6E67 		.ascii	"long long int\000"
 1221      206C6F6E 
 1221      6720696E 
 1221      7400
 1222              	.LASF10:
 1223 0191 63686172 		.ascii	"char\000"
 1223      00
 1224              	.LASF3:
 1225 0196 73686F72 		.ascii	"short int\000"
 1225      7420696E 
 1225      7400
 1226              	.LASF5:
 1227 01a0 6C6F6E67 		.ascii	"long int\000"
 1227      20696E74 
 1227      00
 1228              	.LASF1:
 1229 01a9 7369676E 		.ascii	"signed char\000"
 1229      65642063 
 1229      68617200 
 1230              	.LASF30:
 1231 01b5 47656E65 		.ascii	"Generated_Source\\PSoC4\\cyfitter_cfg.c\000"
 1231      72617465 
 1231      645F536F 
 1231      75726365 
 1231      5C50536F 
 1232              	.LASF22:
 1233 01db 4359434F 		.ascii	"CYCONFIGCPYCODE\000"
 1233      4E464947 
 1233      43505943 
 1233      4F444500 
 1234              	.LASF20:
 1235 01eb 4359434F 		.ascii	"CYCONFIGCPY\000"
 1235      4E464947 
 1235      43505900 
 1236              	.LASF31:
 1237 01f7 433A5C55 		.ascii	"C:\\Users\\Administrator\\Desktop\\Temporary Files\\"
 1237      73657273 
 1237      5C41646D 
ARM GAS  C:\Users\ADMINI~1\AppData\Local\Temp\cc2mSZ0t.s 			page 30


 1237      696E6973 
 1237      74726174 
 1238 0226 4D795F41 		.ascii	"My_AT\\Cypress_AT\\My_AT_Branch1.cydsn\000"
 1238      545C4379 
 1238      70726573 
 1238      735F4154 
 1238      5C4D795F 
 1239              		.ident	"GCC: (GNU Tools for ARM Embedded Processors) 4.9.3 20150303 (release) [ARM/embedded-4_9-br
