ARM GAS  C:\Users\ADMINI~1\AppData\Local\Temp\ccxwVqSg.s 			page 1


   1              		.cpu cortex-m0
   2              		.fpu softvfp
   3              		.eabi_attribute 20, 1
   4              		.eabi_attribute 21, 1
   5              		.eabi_attribute 23, 3
   6              		.eabi_attribute 24, 1
   7              		.eabi_attribute 25, 1
   8              		.eabi_attribute 26, 1
   9              		.eabi_attribute 30, 6
  10              		.eabi_attribute 34, 0
  11              		.eabi_attribute 18, 4
  12              		.code	16
  13              		.file	"UART_AT_SCB_IRQ.c"
  14              		.text
  15              	.Ltext0:
  16              		.cfi_sections	.debug_frame
  17              		.section	.text.UART_AT_SCB_IRQ_Start,"ax",%progbits
  18              		.align	2
  19              		.global	UART_AT_SCB_IRQ_Start
  20              		.code	16
  21              		.thumb_func
  22              		.type	UART_AT_SCB_IRQ_Start, %function
  23              	UART_AT_SCB_IRQ_Start:
  24              	.LFB2:
  25              		.file 1 "Generated_Source\\PSoC4\\UART_AT_SCB_IRQ.c"
   1:Generated_Source\PSoC4/UART_AT_SCB_IRQ.c **** /*******************************************************************************
   2:Generated_Source\PSoC4/UART_AT_SCB_IRQ.c **** * File Name: UART_AT_SCB_IRQ.c  
   3:Generated_Source\PSoC4/UART_AT_SCB_IRQ.c **** * Version 1.70
   4:Generated_Source\PSoC4/UART_AT_SCB_IRQ.c **** *
   5:Generated_Source\PSoC4/UART_AT_SCB_IRQ.c **** *  Description:
   6:Generated_Source\PSoC4/UART_AT_SCB_IRQ.c **** *   API for controlling the state of an interrupt.
   7:Generated_Source\PSoC4/UART_AT_SCB_IRQ.c **** *
   8:Generated_Source\PSoC4/UART_AT_SCB_IRQ.c **** *
   9:Generated_Source\PSoC4/UART_AT_SCB_IRQ.c **** *  Note:
  10:Generated_Source\PSoC4/UART_AT_SCB_IRQ.c **** *
  11:Generated_Source\PSoC4/UART_AT_SCB_IRQ.c **** ********************************************************************************
  12:Generated_Source\PSoC4/UART_AT_SCB_IRQ.c **** * Copyright 2008-2015, Cypress Semiconductor Corporation.  All rights reserved.
  13:Generated_Source\PSoC4/UART_AT_SCB_IRQ.c **** * You may use this file only in accordance with the license, terms, conditions, 
  14:Generated_Source\PSoC4/UART_AT_SCB_IRQ.c **** * disclaimers, and limitations in the end user license agreement accompanying 
  15:Generated_Source\PSoC4/UART_AT_SCB_IRQ.c **** * the software package with which this file was provided.
  16:Generated_Source\PSoC4/UART_AT_SCB_IRQ.c **** *******************************************************************************/
  17:Generated_Source\PSoC4/UART_AT_SCB_IRQ.c **** 
  18:Generated_Source\PSoC4/UART_AT_SCB_IRQ.c **** 
  19:Generated_Source\PSoC4/UART_AT_SCB_IRQ.c **** #include <cydevice_trm.h>
  20:Generated_Source\PSoC4/UART_AT_SCB_IRQ.c **** #include <CyLib.h>
  21:Generated_Source\PSoC4/UART_AT_SCB_IRQ.c **** #include <UART_AT_SCB_IRQ.h>
  22:Generated_Source\PSoC4/UART_AT_SCB_IRQ.c **** #include "cyapicallbacks.h"
  23:Generated_Source\PSoC4/UART_AT_SCB_IRQ.c **** 
  24:Generated_Source\PSoC4/UART_AT_SCB_IRQ.c **** #if !defined(UART_AT_SCB_IRQ__REMOVED) /* Check for removal by optimization */
  25:Generated_Source\PSoC4/UART_AT_SCB_IRQ.c **** 
  26:Generated_Source\PSoC4/UART_AT_SCB_IRQ.c **** /*******************************************************************************
  27:Generated_Source\PSoC4/UART_AT_SCB_IRQ.c **** *  Place your includes, defines and code here 
  28:Generated_Source\PSoC4/UART_AT_SCB_IRQ.c **** ********************************************************************************/
  29:Generated_Source\PSoC4/UART_AT_SCB_IRQ.c **** /* `#START UART_AT_SCB_IRQ_intc` */
  30:Generated_Source\PSoC4/UART_AT_SCB_IRQ.c **** 
  31:Generated_Source\PSoC4/UART_AT_SCB_IRQ.c **** /* `#END` */
  32:Generated_Source\PSoC4/UART_AT_SCB_IRQ.c **** 
ARM GAS  C:\Users\ADMINI~1\AppData\Local\Temp\ccxwVqSg.s 			page 2


  33:Generated_Source\PSoC4/UART_AT_SCB_IRQ.c **** extern cyisraddress CyRamVectors[CYINT_IRQ_BASE + CY_NUM_INTERRUPTS];
  34:Generated_Source\PSoC4/UART_AT_SCB_IRQ.c **** 
  35:Generated_Source\PSoC4/UART_AT_SCB_IRQ.c **** /* Declared in startup, used to set unused interrupts to. */
  36:Generated_Source\PSoC4/UART_AT_SCB_IRQ.c **** CY_ISR_PROTO(IntDefaultHandler);
  37:Generated_Source\PSoC4/UART_AT_SCB_IRQ.c **** 
  38:Generated_Source\PSoC4/UART_AT_SCB_IRQ.c **** 
  39:Generated_Source\PSoC4/UART_AT_SCB_IRQ.c **** /*******************************************************************************
  40:Generated_Source\PSoC4/UART_AT_SCB_IRQ.c **** * Function Name: UART_AT_SCB_IRQ_Start
  41:Generated_Source\PSoC4/UART_AT_SCB_IRQ.c **** ********************************************************************************
  42:Generated_Source\PSoC4/UART_AT_SCB_IRQ.c **** *
  43:Generated_Source\PSoC4/UART_AT_SCB_IRQ.c **** * Summary:
  44:Generated_Source\PSoC4/UART_AT_SCB_IRQ.c **** *  Set up the interrupt and enable it. This function disables the interrupt, 
  45:Generated_Source\PSoC4/UART_AT_SCB_IRQ.c **** *  sets the default interrupt vector, sets the priority from the value in the
  46:Generated_Source\PSoC4/UART_AT_SCB_IRQ.c **** *  Design Wide Resources Interrupt Editor, then enables the interrupt to the 
  47:Generated_Source\PSoC4/UART_AT_SCB_IRQ.c **** *  interrupt controller.
  48:Generated_Source\PSoC4/UART_AT_SCB_IRQ.c **** *
  49:Generated_Source\PSoC4/UART_AT_SCB_IRQ.c **** * Parameters:  
  50:Generated_Source\PSoC4/UART_AT_SCB_IRQ.c **** *   None
  51:Generated_Source\PSoC4/UART_AT_SCB_IRQ.c **** *
  52:Generated_Source\PSoC4/UART_AT_SCB_IRQ.c **** * Return:
  53:Generated_Source\PSoC4/UART_AT_SCB_IRQ.c **** *   None
  54:Generated_Source\PSoC4/UART_AT_SCB_IRQ.c **** *
  55:Generated_Source\PSoC4/UART_AT_SCB_IRQ.c **** *******************************************************************************/
  56:Generated_Source\PSoC4/UART_AT_SCB_IRQ.c **** void UART_AT_SCB_IRQ_Start(void)
  57:Generated_Source\PSoC4/UART_AT_SCB_IRQ.c **** {
  26              		.loc 1 57 0
  27              		.cfi_startproc
  28 0000 80B5     		push	{r7, lr}
  29              		.cfi_def_cfa_offset 8
  30              		.cfi_offset 7, -8
  31              		.cfi_offset 14, -4
  32 0002 00AF     		add	r7, sp, #0
  33              		.cfi_def_cfa_register 7
  58:Generated_Source\PSoC4/UART_AT_SCB_IRQ.c ****     /* For all we know the interrupt is active. */
  59:Generated_Source\PSoC4/UART_AT_SCB_IRQ.c ****     UART_AT_SCB_IRQ_Disable();
  34              		.loc 1 59 0
  35 0004 FFF7FEFF 		bl	UART_AT_SCB_IRQ_Disable
  60:Generated_Source\PSoC4/UART_AT_SCB_IRQ.c **** 
  61:Generated_Source\PSoC4/UART_AT_SCB_IRQ.c ****     /* Set the ISR to point to the UART_AT_SCB_IRQ Interrupt. */
  62:Generated_Source\PSoC4/UART_AT_SCB_IRQ.c ****     UART_AT_SCB_IRQ_SetVector(&UART_AT_SCB_IRQ_Interrupt);
  36              		.loc 1 62 0
  37 0008 054B     		ldr	r3, .L2
  38 000a 181C     		mov	r0, r3
  39 000c FFF7FEFF 		bl	UART_AT_SCB_IRQ_SetVector
  63:Generated_Source\PSoC4/UART_AT_SCB_IRQ.c **** 
  64:Generated_Source\PSoC4/UART_AT_SCB_IRQ.c ****     /* Set the priority. */
  65:Generated_Source\PSoC4/UART_AT_SCB_IRQ.c ****     UART_AT_SCB_IRQ_SetPriority((uint8)UART_AT_SCB_IRQ_INTC_PRIOR_NUMBER);
  40              		.loc 1 65 0
  41 0010 0320     		mov	r0, #3
  42 0012 FFF7FEFF 		bl	UART_AT_SCB_IRQ_SetPriority
  66:Generated_Source\PSoC4/UART_AT_SCB_IRQ.c **** 
  67:Generated_Source\PSoC4/UART_AT_SCB_IRQ.c ****     /* Enable it. */
  68:Generated_Source\PSoC4/UART_AT_SCB_IRQ.c ****     UART_AT_SCB_IRQ_Enable();
  43              		.loc 1 68 0
  44 0016 FFF7FEFF 		bl	UART_AT_SCB_IRQ_Enable
  69:Generated_Source\PSoC4/UART_AT_SCB_IRQ.c **** }
  45              		.loc 1 69 0
ARM GAS  C:\Users\ADMINI~1\AppData\Local\Temp\ccxwVqSg.s 			page 3


  46 001a BD46     		mov	sp, r7
  47              		@ sp needed
  48 001c 80BD     		pop	{r7, pc}
  49              	.L3:
  50 001e C046     		.align	2
  51              	.L2:
  52 0020 00000000 		.word	UART_AT_SCB_IRQ_Interrupt
  53              		.cfi_endproc
  54              	.LFE2:
  55              		.size	UART_AT_SCB_IRQ_Start, .-UART_AT_SCB_IRQ_Start
  56              		.section	.text.UART_AT_SCB_IRQ_StartEx,"ax",%progbits
  57              		.align	2
  58              		.global	UART_AT_SCB_IRQ_StartEx
  59              		.code	16
  60              		.thumb_func
  61              		.type	UART_AT_SCB_IRQ_StartEx, %function
  62              	UART_AT_SCB_IRQ_StartEx:
  63              	.LFB3:
  70:Generated_Source\PSoC4/UART_AT_SCB_IRQ.c **** 
  71:Generated_Source\PSoC4/UART_AT_SCB_IRQ.c **** 
  72:Generated_Source\PSoC4/UART_AT_SCB_IRQ.c **** /*******************************************************************************
  73:Generated_Source\PSoC4/UART_AT_SCB_IRQ.c **** * Function Name: UART_AT_SCB_IRQ_StartEx
  74:Generated_Source\PSoC4/UART_AT_SCB_IRQ.c **** ********************************************************************************
  75:Generated_Source\PSoC4/UART_AT_SCB_IRQ.c **** *
  76:Generated_Source\PSoC4/UART_AT_SCB_IRQ.c **** * Summary:
  77:Generated_Source\PSoC4/UART_AT_SCB_IRQ.c **** *  Sets up the interrupt and enables it. This function disables the interrupt,
  78:Generated_Source\PSoC4/UART_AT_SCB_IRQ.c **** *  sets the interrupt vector based on the address passed in, sets the priority 
  79:Generated_Source\PSoC4/UART_AT_SCB_IRQ.c **** *  from the value in the Design Wide Resources Interrupt Editor, then enables 
  80:Generated_Source\PSoC4/UART_AT_SCB_IRQ.c **** *  the interrupt to the interrupt controller.
  81:Generated_Source\PSoC4/UART_AT_SCB_IRQ.c **** *  
  82:Generated_Source\PSoC4/UART_AT_SCB_IRQ.c **** *  When defining ISR functions, the CY_ISR and CY_ISR_PROTO macros should be 
  83:Generated_Source\PSoC4/UART_AT_SCB_IRQ.c **** *  used to provide consistent definition across compilers:
  84:Generated_Source\PSoC4/UART_AT_SCB_IRQ.c **** *  
  85:Generated_Source\PSoC4/UART_AT_SCB_IRQ.c **** *  Function definition example:
  86:Generated_Source\PSoC4/UART_AT_SCB_IRQ.c **** *   CY_ISR(MyISR)
  87:Generated_Source\PSoC4/UART_AT_SCB_IRQ.c **** *   {
  88:Generated_Source\PSoC4/UART_AT_SCB_IRQ.c **** *   }
  89:Generated_Source\PSoC4/UART_AT_SCB_IRQ.c **** *   Function prototype example:
  90:Generated_Source\PSoC4/UART_AT_SCB_IRQ.c **** *   CY_ISR_PROTO(MyISR);
  91:Generated_Source\PSoC4/UART_AT_SCB_IRQ.c **** *
  92:Generated_Source\PSoC4/UART_AT_SCB_IRQ.c **** * Parameters:  
  93:Generated_Source\PSoC4/UART_AT_SCB_IRQ.c **** *   address: Address of the ISR to set in the interrupt vector table.
  94:Generated_Source\PSoC4/UART_AT_SCB_IRQ.c **** *
  95:Generated_Source\PSoC4/UART_AT_SCB_IRQ.c **** * Return:
  96:Generated_Source\PSoC4/UART_AT_SCB_IRQ.c **** *   None
  97:Generated_Source\PSoC4/UART_AT_SCB_IRQ.c **** *
  98:Generated_Source\PSoC4/UART_AT_SCB_IRQ.c **** *******************************************************************************/
  99:Generated_Source\PSoC4/UART_AT_SCB_IRQ.c **** void UART_AT_SCB_IRQ_StartEx(cyisraddress address)
 100:Generated_Source\PSoC4/UART_AT_SCB_IRQ.c **** {
  64              		.loc 1 100 0
  65              		.cfi_startproc
  66 0000 80B5     		push	{r7, lr}
  67              		.cfi_def_cfa_offset 8
  68              		.cfi_offset 7, -8
  69              		.cfi_offset 14, -4
  70 0002 82B0     		sub	sp, sp, #8
  71              		.cfi_def_cfa_offset 16
ARM GAS  C:\Users\ADMINI~1\AppData\Local\Temp\ccxwVqSg.s 			page 4


  72 0004 00AF     		add	r7, sp, #0
  73              		.cfi_def_cfa_register 7
  74 0006 7860     		str	r0, [r7, #4]
 101:Generated_Source\PSoC4/UART_AT_SCB_IRQ.c ****     /* For all we know the interrupt is active. */
 102:Generated_Source\PSoC4/UART_AT_SCB_IRQ.c ****     UART_AT_SCB_IRQ_Disable();
  75              		.loc 1 102 0
  76 0008 FFF7FEFF 		bl	UART_AT_SCB_IRQ_Disable
 103:Generated_Source\PSoC4/UART_AT_SCB_IRQ.c **** 
 104:Generated_Source\PSoC4/UART_AT_SCB_IRQ.c ****     /* Set the ISR to point to the UART_AT_SCB_IRQ Interrupt. */
 105:Generated_Source\PSoC4/UART_AT_SCB_IRQ.c ****     UART_AT_SCB_IRQ_SetVector(address);
  77              		.loc 1 105 0
  78 000c 7B68     		ldr	r3, [r7, #4]
  79 000e 181C     		mov	r0, r3
  80 0010 FFF7FEFF 		bl	UART_AT_SCB_IRQ_SetVector
 106:Generated_Source\PSoC4/UART_AT_SCB_IRQ.c **** 
 107:Generated_Source\PSoC4/UART_AT_SCB_IRQ.c ****     /* Set the priority. */
 108:Generated_Source\PSoC4/UART_AT_SCB_IRQ.c ****     UART_AT_SCB_IRQ_SetPriority((uint8)UART_AT_SCB_IRQ_INTC_PRIOR_NUMBER);
  81              		.loc 1 108 0
  82 0014 0320     		mov	r0, #3
  83 0016 FFF7FEFF 		bl	UART_AT_SCB_IRQ_SetPriority
 109:Generated_Source\PSoC4/UART_AT_SCB_IRQ.c **** 
 110:Generated_Source\PSoC4/UART_AT_SCB_IRQ.c ****     /* Enable it. */
 111:Generated_Source\PSoC4/UART_AT_SCB_IRQ.c ****     UART_AT_SCB_IRQ_Enable();
  84              		.loc 1 111 0
  85 001a FFF7FEFF 		bl	UART_AT_SCB_IRQ_Enable
 112:Generated_Source\PSoC4/UART_AT_SCB_IRQ.c **** }
  86              		.loc 1 112 0
  87 001e BD46     		mov	sp, r7
  88 0020 02B0     		add	sp, sp, #8
  89              		@ sp needed
  90 0022 80BD     		pop	{r7, pc}
  91              		.cfi_endproc
  92              	.LFE3:
  93              		.size	UART_AT_SCB_IRQ_StartEx, .-UART_AT_SCB_IRQ_StartEx
  94              		.section	.text.UART_AT_SCB_IRQ_Stop,"ax",%progbits
  95              		.align	2
  96              		.global	UART_AT_SCB_IRQ_Stop
  97              		.code	16
  98              		.thumb_func
  99              		.type	UART_AT_SCB_IRQ_Stop, %function
 100              	UART_AT_SCB_IRQ_Stop:
 101              	.LFB4:
 113:Generated_Source\PSoC4/UART_AT_SCB_IRQ.c **** 
 114:Generated_Source\PSoC4/UART_AT_SCB_IRQ.c **** 
 115:Generated_Source\PSoC4/UART_AT_SCB_IRQ.c **** /*******************************************************************************
 116:Generated_Source\PSoC4/UART_AT_SCB_IRQ.c **** * Function Name: UART_AT_SCB_IRQ_Stop
 117:Generated_Source\PSoC4/UART_AT_SCB_IRQ.c **** ********************************************************************************
 118:Generated_Source\PSoC4/UART_AT_SCB_IRQ.c **** *
 119:Generated_Source\PSoC4/UART_AT_SCB_IRQ.c **** * Summary:
 120:Generated_Source\PSoC4/UART_AT_SCB_IRQ.c **** *   Disables and removes the interrupt.
 121:Generated_Source\PSoC4/UART_AT_SCB_IRQ.c **** *
 122:Generated_Source\PSoC4/UART_AT_SCB_IRQ.c **** * Parameters:  
 123:Generated_Source\PSoC4/UART_AT_SCB_IRQ.c **** *   None
 124:Generated_Source\PSoC4/UART_AT_SCB_IRQ.c **** *
 125:Generated_Source\PSoC4/UART_AT_SCB_IRQ.c **** * Return:
 126:Generated_Source\PSoC4/UART_AT_SCB_IRQ.c **** *   None
 127:Generated_Source\PSoC4/UART_AT_SCB_IRQ.c **** *
ARM GAS  C:\Users\ADMINI~1\AppData\Local\Temp\ccxwVqSg.s 			page 5


 128:Generated_Source\PSoC4/UART_AT_SCB_IRQ.c **** *******************************************************************************/
 129:Generated_Source\PSoC4/UART_AT_SCB_IRQ.c **** void UART_AT_SCB_IRQ_Stop(void)
 130:Generated_Source\PSoC4/UART_AT_SCB_IRQ.c **** {
 102              		.loc 1 130 0
 103              		.cfi_startproc
 104 0000 80B5     		push	{r7, lr}
 105              		.cfi_def_cfa_offset 8
 106              		.cfi_offset 7, -8
 107              		.cfi_offset 14, -4
 108 0002 00AF     		add	r7, sp, #0
 109              		.cfi_def_cfa_register 7
 131:Generated_Source\PSoC4/UART_AT_SCB_IRQ.c ****     /* Disable this interrupt. */
 132:Generated_Source\PSoC4/UART_AT_SCB_IRQ.c ****     UART_AT_SCB_IRQ_Disable();
 110              		.loc 1 132 0
 111 0004 FFF7FEFF 		bl	UART_AT_SCB_IRQ_Disable
 133:Generated_Source\PSoC4/UART_AT_SCB_IRQ.c **** 
 134:Generated_Source\PSoC4/UART_AT_SCB_IRQ.c ****     /* Set the ISR to point to the passive one. */
 135:Generated_Source\PSoC4/UART_AT_SCB_IRQ.c ****     UART_AT_SCB_IRQ_SetVector(&IntDefaultHandler);
 112              		.loc 1 135 0
 113 0008 024B     		ldr	r3, .L6
 114 000a 181C     		mov	r0, r3
 115 000c FFF7FEFF 		bl	UART_AT_SCB_IRQ_SetVector
 136:Generated_Source\PSoC4/UART_AT_SCB_IRQ.c **** }
 116              		.loc 1 136 0
 117 0010 BD46     		mov	sp, r7
 118              		@ sp needed
 119 0012 80BD     		pop	{r7, pc}
 120              	.L7:
 121              		.align	2
 122              	.L6:
 123 0014 00000000 		.word	IntDefaultHandler
 124              		.cfi_endproc
 125              	.LFE4:
 126              		.size	UART_AT_SCB_IRQ_Stop, .-UART_AT_SCB_IRQ_Stop
 127              		.section	.text.UART_AT_SCB_IRQ_SetVector,"ax",%progbits
 128              		.align	2
 129              		.global	UART_AT_SCB_IRQ_SetVector
 130              		.code	16
 131              		.thumb_func
 132              		.type	UART_AT_SCB_IRQ_SetVector, %function
 133              	UART_AT_SCB_IRQ_SetVector:
 134              	.LFB5:
 137:Generated_Source\PSoC4/UART_AT_SCB_IRQ.c **** 
 138:Generated_Source\PSoC4/UART_AT_SCB_IRQ.c **** 
 139:Generated_Source\PSoC4/UART_AT_SCB_IRQ.c **** 
 140:Generated_Source\PSoC4/UART_AT_SCB_IRQ.c **** /*******************************************************************************
 141:Generated_Source\PSoC4/UART_AT_SCB_IRQ.c **** * Function Name: UART_AT_SCB_IRQ_SetVector
 142:Generated_Source\PSoC4/UART_AT_SCB_IRQ.c **** ********************************************************************************
 143:Generated_Source\PSoC4/UART_AT_SCB_IRQ.c **** *
 144:Generated_Source\PSoC4/UART_AT_SCB_IRQ.c **** * Summary:
 145:Generated_Source\PSoC4/UART_AT_SCB_IRQ.c **** *   Change the ISR vector for the Interrupt. Note calling UART_AT_SCB_IRQ_Start
 146:Generated_Source\PSoC4/UART_AT_SCB_IRQ.c **** *   will override any effect this method would have had. To set the vector 
 147:Generated_Source\PSoC4/UART_AT_SCB_IRQ.c **** *   before the component has been started use UART_AT_SCB_IRQ_StartEx instead.
 148:Generated_Source\PSoC4/UART_AT_SCB_IRQ.c **** * 
 149:Generated_Source\PSoC4/UART_AT_SCB_IRQ.c **** *   When defining ISR functions, the CY_ISR and CY_ISR_PROTO macros should be 
 150:Generated_Source\PSoC4/UART_AT_SCB_IRQ.c **** *   used to provide consistent definition across compilers:
 151:Generated_Source\PSoC4/UART_AT_SCB_IRQ.c **** *
ARM GAS  C:\Users\ADMINI~1\AppData\Local\Temp\ccxwVqSg.s 			page 6


 152:Generated_Source\PSoC4/UART_AT_SCB_IRQ.c **** *   Function definition example:
 153:Generated_Source\PSoC4/UART_AT_SCB_IRQ.c **** *   CY_ISR(MyISR)
 154:Generated_Source\PSoC4/UART_AT_SCB_IRQ.c **** *   {
 155:Generated_Source\PSoC4/UART_AT_SCB_IRQ.c **** *   }
 156:Generated_Source\PSoC4/UART_AT_SCB_IRQ.c **** *
 157:Generated_Source\PSoC4/UART_AT_SCB_IRQ.c **** *   Function prototype example:
 158:Generated_Source\PSoC4/UART_AT_SCB_IRQ.c **** *     CY_ISR_PROTO(MyISR);
 159:Generated_Source\PSoC4/UART_AT_SCB_IRQ.c **** *
 160:Generated_Source\PSoC4/UART_AT_SCB_IRQ.c **** * Parameters:
 161:Generated_Source\PSoC4/UART_AT_SCB_IRQ.c **** *   address: Address of the ISR to set in the interrupt vector table.
 162:Generated_Source\PSoC4/UART_AT_SCB_IRQ.c **** *
 163:Generated_Source\PSoC4/UART_AT_SCB_IRQ.c **** * Return:
 164:Generated_Source\PSoC4/UART_AT_SCB_IRQ.c **** *   None
 165:Generated_Source\PSoC4/UART_AT_SCB_IRQ.c **** *
 166:Generated_Source\PSoC4/UART_AT_SCB_IRQ.c **** *******************************************************************************/
 167:Generated_Source\PSoC4/UART_AT_SCB_IRQ.c **** void UART_AT_SCB_IRQ_SetVector(cyisraddress address)
 168:Generated_Source\PSoC4/UART_AT_SCB_IRQ.c **** {
 135              		.loc 1 168 0
 136              		.cfi_startproc
 137 0000 80B5     		push	{r7, lr}
 138              		.cfi_def_cfa_offset 8
 139              		.cfi_offset 7, -8
 140              		.cfi_offset 14, -4
 141 0002 82B0     		sub	sp, sp, #8
 142              		.cfi_def_cfa_offset 16
 143 0004 00AF     		add	r7, sp, #0
 144              		.cfi_def_cfa_register 7
 145 0006 7860     		str	r0, [r7, #4]
 169:Generated_Source\PSoC4/UART_AT_SCB_IRQ.c ****     CyRamVectors[CYINT_IRQ_BASE + UART_AT_SCB_IRQ__INTC_NUMBER] = address;
 146              		.loc 1 169 0
 147 0008 024B     		ldr	r3, .L9
 148 000a 7A68     		ldr	r2, [r7, #4]
 149 000c 5A66     		str	r2, [r3, #100]
 170:Generated_Source\PSoC4/UART_AT_SCB_IRQ.c **** }
 150              		.loc 1 170 0
 151 000e BD46     		mov	sp, r7
 152 0010 02B0     		add	sp, sp, #8
 153              		@ sp needed
 154 0012 80BD     		pop	{r7, pc}
 155              	.L10:
 156              		.align	2
 157              	.L9:
 158 0014 00000000 		.word	CyRamVectors
 159              		.cfi_endproc
 160              	.LFE5:
 161              		.size	UART_AT_SCB_IRQ_SetVector, .-UART_AT_SCB_IRQ_SetVector
 162              		.section	.text.UART_AT_SCB_IRQ_GetVector,"ax",%progbits
 163              		.align	2
 164              		.global	UART_AT_SCB_IRQ_GetVector
 165              		.code	16
 166              		.thumb_func
 167              		.type	UART_AT_SCB_IRQ_GetVector, %function
 168              	UART_AT_SCB_IRQ_GetVector:
 169              	.LFB6:
 171:Generated_Source\PSoC4/UART_AT_SCB_IRQ.c **** 
 172:Generated_Source\PSoC4/UART_AT_SCB_IRQ.c **** 
 173:Generated_Source\PSoC4/UART_AT_SCB_IRQ.c **** /*******************************************************************************
ARM GAS  C:\Users\ADMINI~1\AppData\Local\Temp\ccxwVqSg.s 			page 7


 174:Generated_Source\PSoC4/UART_AT_SCB_IRQ.c **** * Function Name: UART_AT_SCB_IRQ_GetVector
 175:Generated_Source\PSoC4/UART_AT_SCB_IRQ.c **** ********************************************************************************
 176:Generated_Source\PSoC4/UART_AT_SCB_IRQ.c **** *
 177:Generated_Source\PSoC4/UART_AT_SCB_IRQ.c **** * Summary:
 178:Generated_Source\PSoC4/UART_AT_SCB_IRQ.c **** *   Gets the "address" of the current ISR vector for the Interrupt.
 179:Generated_Source\PSoC4/UART_AT_SCB_IRQ.c **** *
 180:Generated_Source\PSoC4/UART_AT_SCB_IRQ.c **** * Parameters:
 181:Generated_Source\PSoC4/UART_AT_SCB_IRQ.c **** *   None
 182:Generated_Source\PSoC4/UART_AT_SCB_IRQ.c **** *
 183:Generated_Source\PSoC4/UART_AT_SCB_IRQ.c **** * Return:
 184:Generated_Source\PSoC4/UART_AT_SCB_IRQ.c **** *   Address of the ISR in the interrupt vector table.
 185:Generated_Source\PSoC4/UART_AT_SCB_IRQ.c **** *
 186:Generated_Source\PSoC4/UART_AT_SCB_IRQ.c **** *******************************************************************************/
 187:Generated_Source\PSoC4/UART_AT_SCB_IRQ.c **** cyisraddress UART_AT_SCB_IRQ_GetVector(void)
 188:Generated_Source\PSoC4/UART_AT_SCB_IRQ.c **** {
 170              		.loc 1 188 0
 171              		.cfi_startproc
 172 0000 80B5     		push	{r7, lr}
 173              		.cfi_def_cfa_offset 8
 174              		.cfi_offset 7, -8
 175              		.cfi_offset 14, -4
 176 0002 00AF     		add	r7, sp, #0
 177              		.cfi_def_cfa_register 7
 189:Generated_Source\PSoC4/UART_AT_SCB_IRQ.c ****     return CyRamVectors[CYINT_IRQ_BASE + UART_AT_SCB_IRQ__INTC_NUMBER];
 178              		.loc 1 189 0
 179 0004 024B     		ldr	r3, .L13
 180 0006 5B6E     		ldr	r3, [r3, #100]
 190:Generated_Source\PSoC4/UART_AT_SCB_IRQ.c **** }
 181              		.loc 1 190 0
 182 0008 181C     		mov	r0, r3
 183 000a BD46     		mov	sp, r7
 184              		@ sp needed
 185 000c 80BD     		pop	{r7, pc}
 186              	.L14:
 187 000e C046     		.align	2
 188              	.L13:
 189 0010 00000000 		.word	CyRamVectors
 190              		.cfi_endproc
 191              	.LFE6:
 192              		.size	UART_AT_SCB_IRQ_GetVector, .-UART_AT_SCB_IRQ_GetVector
 193              		.section	.text.UART_AT_SCB_IRQ_SetPriority,"ax",%progbits
 194              		.align	2
 195              		.global	UART_AT_SCB_IRQ_SetPriority
 196              		.code	16
 197              		.thumb_func
 198              		.type	UART_AT_SCB_IRQ_SetPriority, %function
 199              	UART_AT_SCB_IRQ_SetPriority:
 200              	.LFB7:
 191:Generated_Source\PSoC4/UART_AT_SCB_IRQ.c **** 
 192:Generated_Source\PSoC4/UART_AT_SCB_IRQ.c **** 
 193:Generated_Source\PSoC4/UART_AT_SCB_IRQ.c **** /*******************************************************************************
 194:Generated_Source\PSoC4/UART_AT_SCB_IRQ.c **** * Function Name: UART_AT_SCB_IRQ_SetPriority
 195:Generated_Source\PSoC4/UART_AT_SCB_IRQ.c **** ********************************************************************************
 196:Generated_Source\PSoC4/UART_AT_SCB_IRQ.c **** *
 197:Generated_Source\PSoC4/UART_AT_SCB_IRQ.c **** * Summary:
 198:Generated_Source\PSoC4/UART_AT_SCB_IRQ.c **** *   Sets the Priority of the Interrupt. 
 199:Generated_Source\PSoC4/UART_AT_SCB_IRQ.c **** *
ARM GAS  C:\Users\ADMINI~1\AppData\Local\Temp\ccxwVqSg.s 			page 8


 200:Generated_Source\PSoC4/UART_AT_SCB_IRQ.c **** *   Note calling UART_AT_SCB_IRQ_Start or UART_AT_SCB_IRQ_StartEx will 
 201:Generated_Source\PSoC4/UART_AT_SCB_IRQ.c **** *   override any effect this API would have had. This API should only be called
 202:Generated_Source\PSoC4/UART_AT_SCB_IRQ.c **** *   after UART_AT_SCB_IRQ_Start or UART_AT_SCB_IRQ_StartEx has been called. 
 203:Generated_Source\PSoC4/UART_AT_SCB_IRQ.c **** *   To set the initial priority for the component, use the Design-Wide Resources
 204:Generated_Source\PSoC4/UART_AT_SCB_IRQ.c **** *   Interrupt Editor.
 205:Generated_Source\PSoC4/UART_AT_SCB_IRQ.c **** *
 206:Generated_Source\PSoC4/UART_AT_SCB_IRQ.c **** *   Note This API has no effect on Non-maskable interrupt NMI).
 207:Generated_Source\PSoC4/UART_AT_SCB_IRQ.c **** *
 208:Generated_Source\PSoC4/UART_AT_SCB_IRQ.c **** * Parameters:
 209:Generated_Source\PSoC4/UART_AT_SCB_IRQ.c **** *   priority: Priority of the interrupt, 0 being the highest priority
 210:Generated_Source\PSoC4/UART_AT_SCB_IRQ.c **** *             PSoC 3 and PSoC 5LP: Priority is from 0 to 7.
 211:Generated_Source\PSoC4/UART_AT_SCB_IRQ.c **** *             PSoC 4: Priority is from 0 to 3.
 212:Generated_Source\PSoC4/UART_AT_SCB_IRQ.c **** *
 213:Generated_Source\PSoC4/UART_AT_SCB_IRQ.c **** * Return:
 214:Generated_Source\PSoC4/UART_AT_SCB_IRQ.c **** *   None
 215:Generated_Source\PSoC4/UART_AT_SCB_IRQ.c **** *
 216:Generated_Source\PSoC4/UART_AT_SCB_IRQ.c **** *******************************************************************************/
 217:Generated_Source\PSoC4/UART_AT_SCB_IRQ.c **** void UART_AT_SCB_IRQ_SetPriority(uint8 priority)
 218:Generated_Source\PSoC4/UART_AT_SCB_IRQ.c **** {
 201              		.loc 1 218 0
 202              		.cfi_startproc
 203 0000 90B5     		push	{r4, r7, lr}
 204              		.cfi_def_cfa_offset 12
 205              		.cfi_offset 4, -12
 206              		.cfi_offset 7, -8
 207              		.cfi_offset 14, -4
 208 0002 85B0     		sub	sp, sp, #20
 209              		.cfi_def_cfa_offset 32
 210 0004 00AF     		add	r7, sp, #0
 211              		.cfi_def_cfa_register 7
 212 0006 021C     		mov	r2, r0
 213 0008 FB1D     		add	r3, r7, #7
 214 000a 1A70     		strb	r2, [r3]
 219:Generated_Source\PSoC4/UART_AT_SCB_IRQ.c **** 	uint8 interruptState;
 220:Generated_Source\PSoC4/UART_AT_SCB_IRQ.c ****     uint32 priorityOffset = ((UART_AT_SCB_IRQ__INTC_NUMBER % 4u) * 8u) + 6u;
 215              		.loc 1 220 0
 216 000c 0E23     		mov	r3, #14
 217 000e FB60     		str	r3, [r7, #12]
 221:Generated_Source\PSoC4/UART_AT_SCB_IRQ.c ****     
 222:Generated_Source\PSoC4/UART_AT_SCB_IRQ.c **** 	interruptState = CyEnterCriticalSection();
 218              		.loc 1 222 0
 219 0010 0B23     		mov	r3, #11
 220 0012 FC18     		add	r4, r7, r3
 221 0014 FFF7FEFF 		bl	CyEnterCriticalSection
 222 0018 031C     		mov	r3, r0
 223 001a 2370     		strb	r3, [r4]
 223:Generated_Source\PSoC4/UART_AT_SCB_IRQ.c ****     *UART_AT_SCB_IRQ_INTC_PRIOR = (*UART_AT_SCB_IRQ_INTC_PRIOR & (uint32)(~UART_AT_SCB_IRQ__INTC_PR
 224              		.loc 1 223 0
 225 001c 0A4B     		ldr	r3, .L16
 226 001e 0A4A     		ldr	r2, .L16
 227 0020 1268     		ldr	r2, [r2]
 228 0022 0A49     		ldr	r1, .L16+4
 229 0024 1140     		and	r1, r2
 224:Generated_Source\PSoC4/UART_AT_SCB_IRQ.c ****                                     ((uint32)priority << priorityOffset);
 230              		.loc 1 224 0
 231 0026 FA1D     		add	r2, r7, #7
 232 0028 1078     		ldrb	r0, [r2]
ARM GAS  C:\Users\ADMINI~1\AppData\Local\Temp\ccxwVqSg.s 			page 9


 233 002a FA68     		ldr	r2, [r7, #12]
 234 002c 9040     		lsl	r0, r0, r2
 235 002e 021C     		mov	r2, r0
 223:Generated_Source\PSoC4/UART_AT_SCB_IRQ.c ****     *UART_AT_SCB_IRQ_INTC_PRIOR = (*UART_AT_SCB_IRQ_INTC_PRIOR & (uint32)(~UART_AT_SCB_IRQ__INTC_PR
 236              		.loc 1 223 0
 237 0030 0A43     		orr	r2, r1
 238 0032 1A60     		str	r2, [r3]
 225:Generated_Source\PSoC4/UART_AT_SCB_IRQ.c **** 	CyExitCriticalSection(interruptState);
 239              		.loc 1 225 0
 240 0034 0B23     		mov	r3, #11
 241 0036 FB18     		add	r3, r7, r3
 242 0038 1B78     		ldrb	r3, [r3]
 243 003a 181C     		mov	r0, r3
 244 003c FFF7FEFF 		bl	CyExitCriticalSection
 226:Generated_Source\PSoC4/UART_AT_SCB_IRQ.c **** }
 245              		.loc 1 226 0
 246 0040 BD46     		mov	sp, r7
 247 0042 05B0     		add	sp, sp, #20
 248              		@ sp needed
 249 0044 90BD     		pop	{r4, r7, pc}
 250              	.L17:
 251 0046 C046     		.align	2
 252              	.L16:
 253 0048 08E400E0 		.word	-536812536
 254 004c FF3FFFFF 		.word	-49153
 255              		.cfi_endproc
 256              	.LFE7:
 257              		.size	UART_AT_SCB_IRQ_SetPriority, .-UART_AT_SCB_IRQ_SetPriority
 258              		.section	.text.UART_AT_SCB_IRQ_GetPriority,"ax",%progbits
 259              		.align	2
 260              		.global	UART_AT_SCB_IRQ_GetPriority
 261              		.code	16
 262              		.thumb_func
 263              		.type	UART_AT_SCB_IRQ_GetPriority, %function
 264              	UART_AT_SCB_IRQ_GetPriority:
 265              	.LFB8:
 227:Generated_Source\PSoC4/UART_AT_SCB_IRQ.c **** 
 228:Generated_Source\PSoC4/UART_AT_SCB_IRQ.c **** 
 229:Generated_Source\PSoC4/UART_AT_SCB_IRQ.c **** /*******************************************************************************
 230:Generated_Source\PSoC4/UART_AT_SCB_IRQ.c **** * Function Name: UART_AT_SCB_IRQ_GetPriority
 231:Generated_Source\PSoC4/UART_AT_SCB_IRQ.c **** ********************************************************************************
 232:Generated_Source\PSoC4/UART_AT_SCB_IRQ.c **** *
 233:Generated_Source\PSoC4/UART_AT_SCB_IRQ.c **** * Summary:
 234:Generated_Source\PSoC4/UART_AT_SCB_IRQ.c **** *   Gets the Priority of the Interrupt.
 235:Generated_Source\PSoC4/UART_AT_SCB_IRQ.c **** *
 236:Generated_Source\PSoC4/UART_AT_SCB_IRQ.c **** * Parameters:
 237:Generated_Source\PSoC4/UART_AT_SCB_IRQ.c **** *   None
 238:Generated_Source\PSoC4/UART_AT_SCB_IRQ.c **** *
 239:Generated_Source\PSoC4/UART_AT_SCB_IRQ.c **** * Return:
 240:Generated_Source\PSoC4/UART_AT_SCB_IRQ.c **** *   Priority of the interrupt, 0 being the highest priority
 241:Generated_Source\PSoC4/UART_AT_SCB_IRQ.c **** *    PSoC 3 and PSoC 5LP: Priority is from 0 to 7.
 242:Generated_Source\PSoC4/UART_AT_SCB_IRQ.c **** *    PSoC 4: Priority is from 0 to 3.
 243:Generated_Source\PSoC4/UART_AT_SCB_IRQ.c **** *
 244:Generated_Source\PSoC4/UART_AT_SCB_IRQ.c **** *******************************************************************************/
 245:Generated_Source\PSoC4/UART_AT_SCB_IRQ.c **** uint8 UART_AT_SCB_IRQ_GetPriority(void)
 246:Generated_Source\PSoC4/UART_AT_SCB_IRQ.c **** {
 266              		.loc 1 246 0
ARM GAS  C:\Users\ADMINI~1\AppData\Local\Temp\ccxwVqSg.s 			page 10


 267              		.cfi_startproc
 268 0000 80B5     		push	{r7, lr}
 269              		.cfi_def_cfa_offset 8
 270              		.cfi_offset 7, -8
 271              		.cfi_offset 14, -4
 272 0002 82B0     		sub	sp, sp, #8
 273              		.cfi_def_cfa_offset 16
 274 0004 00AF     		add	r7, sp, #0
 275              		.cfi_def_cfa_register 7
 247:Generated_Source\PSoC4/UART_AT_SCB_IRQ.c ****     uint32 priority;
 248:Generated_Source\PSoC4/UART_AT_SCB_IRQ.c **** 	uint32 priorityOffset = ((UART_AT_SCB_IRQ__INTC_NUMBER % 4u) * 8u) + 6u;
 276              		.loc 1 248 0
 277 0006 0E23     		mov	r3, #14
 278 0008 7B60     		str	r3, [r7, #4]
 249:Generated_Source\PSoC4/UART_AT_SCB_IRQ.c **** 
 250:Generated_Source\PSoC4/UART_AT_SCB_IRQ.c ****     priority = (*UART_AT_SCB_IRQ_INTC_PRIOR & UART_AT_SCB_IRQ__INTC_PRIOR_MASK) >> priorityOffset;
 279              		.loc 1 250 0
 280 000a 074B     		ldr	r3, .L20
 281 000c 1A68     		ldr	r2, [r3]
 282 000e C023     		mov	r3, #192
 283 0010 1B02     		lsl	r3, r3, #8
 284 0012 1A40     		and	r2, r3
 285 0014 7B68     		ldr	r3, [r7, #4]
 286 0016 DA40     		lsr	r2, r2, r3
 287 0018 131C     		mov	r3, r2
 288 001a 3B60     		str	r3, [r7]
 251:Generated_Source\PSoC4/UART_AT_SCB_IRQ.c **** 
 252:Generated_Source\PSoC4/UART_AT_SCB_IRQ.c ****     return (uint8)priority;
 289              		.loc 1 252 0
 290 001c 3B68     		ldr	r3, [r7]
 291 001e DBB2     		uxtb	r3, r3
 253:Generated_Source\PSoC4/UART_AT_SCB_IRQ.c **** }
 292              		.loc 1 253 0
 293 0020 181C     		mov	r0, r3
 294 0022 BD46     		mov	sp, r7
 295 0024 02B0     		add	sp, sp, #8
 296              		@ sp needed
 297 0026 80BD     		pop	{r7, pc}
 298              	.L21:
 299              		.align	2
 300              	.L20:
 301 0028 08E400E0 		.word	-536812536
 302              		.cfi_endproc
 303              	.LFE8:
 304              		.size	UART_AT_SCB_IRQ_GetPriority, .-UART_AT_SCB_IRQ_GetPriority
 305              		.section	.text.UART_AT_SCB_IRQ_Enable,"ax",%progbits
 306              		.align	2
 307              		.global	UART_AT_SCB_IRQ_Enable
 308              		.code	16
 309              		.thumb_func
 310              		.type	UART_AT_SCB_IRQ_Enable, %function
 311              	UART_AT_SCB_IRQ_Enable:
 312              	.LFB9:
 254:Generated_Source\PSoC4/UART_AT_SCB_IRQ.c **** 
 255:Generated_Source\PSoC4/UART_AT_SCB_IRQ.c **** 
 256:Generated_Source\PSoC4/UART_AT_SCB_IRQ.c **** /*******************************************************************************
 257:Generated_Source\PSoC4/UART_AT_SCB_IRQ.c **** * Function Name: UART_AT_SCB_IRQ_Enable
ARM GAS  C:\Users\ADMINI~1\AppData\Local\Temp\ccxwVqSg.s 			page 11


 258:Generated_Source\PSoC4/UART_AT_SCB_IRQ.c **** ********************************************************************************
 259:Generated_Source\PSoC4/UART_AT_SCB_IRQ.c **** *
 260:Generated_Source\PSoC4/UART_AT_SCB_IRQ.c **** * Summary:
 261:Generated_Source\PSoC4/UART_AT_SCB_IRQ.c **** *   Enables the interrupt to the interrupt controller. Do not call this function
 262:Generated_Source\PSoC4/UART_AT_SCB_IRQ.c **** *   unless ISR_Start() has been called or the functionality of the ISR_Start() 
 263:Generated_Source\PSoC4/UART_AT_SCB_IRQ.c **** *   function, which sets the vector and the priority, has been called.
 264:Generated_Source\PSoC4/UART_AT_SCB_IRQ.c **** *
 265:Generated_Source\PSoC4/UART_AT_SCB_IRQ.c **** * Parameters:
 266:Generated_Source\PSoC4/UART_AT_SCB_IRQ.c **** *   None
 267:Generated_Source\PSoC4/UART_AT_SCB_IRQ.c **** *
 268:Generated_Source\PSoC4/UART_AT_SCB_IRQ.c **** * Return:
 269:Generated_Source\PSoC4/UART_AT_SCB_IRQ.c **** *   None
 270:Generated_Source\PSoC4/UART_AT_SCB_IRQ.c **** *
 271:Generated_Source\PSoC4/UART_AT_SCB_IRQ.c **** *******************************************************************************/
 272:Generated_Source\PSoC4/UART_AT_SCB_IRQ.c **** void UART_AT_SCB_IRQ_Enable(void)
 273:Generated_Source\PSoC4/UART_AT_SCB_IRQ.c **** {
 313              		.loc 1 273 0
 314              		.cfi_startproc
 315 0000 80B5     		push	{r7, lr}
 316              		.cfi_def_cfa_offset 8
 317              		.cfi_offset 7, -8
 318              		.cfi_offset 14, -4
 319 0002 00AF     		add	r7, sp, #0
 320              		.cfi_def_cfa_register 7
 274:Generated_Source\PSoC4/UART_AT_SCB_IRQ.c ****     /* Enable the general interrupt. */
 275:Generated_Source\PSoC4/UART_AT_SCB_IRQ.c ****     *UART_AT_SCB_IRQ_INTC_SET_EN = UART_AT_SCB_IRQ__INTC_MASK;
 321              		.loc 1 275 0
 322 0004 024B     		ldr	r3, .L23
 323 0006 8022     		mov	r2, #128
 324 0008 9200     		lsl	r2, r2, #2
 325 000a 1A60     		str	r2, [r3]
 276:Generated_Source\PSoC4/UART_AT_SCB_IRQ.c **** }
 326              		.loc 1 276 0
 327 000c BD46     		mov	sp, r7
 328              		@ sp needed
 329 000e 80BD     		pop	{r7, pc}
 330              	.L24:
 331              		.align	2
 332              	.L23:
 333 0010 00E100E0 		.word	-536813312
 334              		.cfi_endproc
 335              	.LFE9:
 336              		.size	UART_AT_SCB_IRQ_Enable, .-UART_AT_SCB_IRQ_Enable
 337              		.section	.text.UART_AT_SCB_IRQ_GetState,"ax",%progbits
 338              		.align	2
 339              		.global	UART_AT_SCB_IRQ_GetState
 340              		.code	16
 341              		.thumb_func
 342              		.type	UART_AT_SCB_IRQ_GetState, %function
 343              	UART_AT_SCB_IRQ_GetState:
 344              	.LFB10:
 277:Generated_Source\PSoC4/UART_AT_SCB_IRQ.c **** 
 278:Generated_Source\PSoC4/UART_AT_SCB_IRQ.c **** 
 279:Generated_Source\PSoC4/UART_AT_SCB_IRQ.c **** /*******************************************************************************
 280:Generated_Source\PSoC4/UART_AT_SCB_IRQ.c **** * Function Name: UART_AT_SCB_IRQ_GetState
 281:Generated_Source\PSoC4/UART_AT_SCB_IRQ.c **** ********************************************************************************
 282:Generated_Source\PSoC4/UART_AT_SCB_IRQ.c **** *
ARM GAS  C:\Users\ADMINI~1\AppData\Local\Temp\ccxwVqSg.s 			page 12


 283:Generated_Source\PSoC4/UART_AT_SCB_IRQ.c **** * Summary:
 284:Generated_Source\PSoC4/UART_AT_SCB_IRQ.c **** *   Gets the state (enabled, disabled) of the Interrupt.
 285:Generated_Source\PSoC4/UART_AT_SCB_IRQ.c **** *
 286:Generated_Source\PSoC4/UART_AT_SCB_IRQ.c **** * Parameters:
 287:Generated_Source\PSoC4/UART_AT_SCB_IRQ.c **** *   None
 288:Generated_Source\PSoC4/UART_AT_SCB_IRQ.c **** *
 289:Generated_Source\PSoC4/UART_AT_SCB_IRQ.c **** * Return:
 290:Generated_Source\PSoC4/UART_AT_SCB_IRQ.c **** *   1 if enabled, 0 if disabled.
 291:Generated_Source\PSoC4/UART_AT_SCB_IRQ.c **** *
 292:Generated_Source\PSoC4/UART_AT_SCB_IRQ.c **** *******************************************************************************/
 293:Generated_Source\PSoC4/UART_AT_SCB_IRQ.c **** uint8 UART_AT_SCB_IRQ_GetState(void)
 294:Generated_Source\PSoC4/UART_AT_SCB_IRQ.c **** {
 345              		.loc 1 294 0
 346              		.cfi_startproc
 347 0000 80B5     		push	{r7, lr}
 348              		.cfi_def_cfa_offset 8
 349              		.cfi_offset 7, -8
 350              		.cfi_offset 14, -4
 351 0002 00AF     		add	r7, sp, #0
 352              		.cfi_def_cfa_register 7
 295:Generated_Source\PSoC4/UART_AT_SCB_IRQ.c ****     /* Get the state of the general interrupt. */
 296:Generated_Source\PSoC4/UART_AT_SCB_IRQ.c ****     return ((*UART_AT_SCB_IRQ_INTC_SET_EN & (uint32)UART_AT_SCB_IRQ__INTC_MASK) != 0u) ? 1u:0u;
 353              		.loc 1 296 0
 354 0004 054B     		ldr	r3, .L29
 355 0006 1A68     		ldr	r2, [r3]
 356 0008 8023     		mov	r3, #128
 357 000a 9B00     		lsl	r3, r3, #2
 358 000c 1340     		and	r3, r2
 359 000e 01D0     		beq	.L26
 360              		.loc 1 296 0 is_stmt 0 discriminator 1
 361 0010 0123     		mov	r3, #1
 362 0012 00E0     		b	.L27
 363              	.L26:
 364              		.loc 1 296 0 discriminator 2
 365 0014 0023     		mov	r3, #0
 366              	.L27:
 297:Generated_Source\PSoC4/UART_AT_SCB_IRQ.c **** }
 367              		.loc 1 297 0 is_stmt 1 discriminator 4
 368 0016 181C     		mov	r0, r3
 369 0018 BD46     		mov	sp, r7
 370              		@ sp needed
 371 001a 80BD     		pop	{r7, pc}
 372              	.L30:
 373              		.align	2
 374              	.L29:
 375 001c 00E100E0 		.word	-536813312
 376              		.cfi_endproc
 377              	.LFE10:
 378              		.size	UART_AT_SCB_IRQ_GetState, .-UART_AT_SCB_IRQ_GetState
 379              		.section	.text.UART_AT_SCB_IRQ_Disable,"ax",%progbits
 380              		.align	2
 381              		.global	UART_AT_SCB_IRQ_Disable
 382              		.code	16
 383              		.thumb_func
 384              		.type	UART_AT_SCB_IRQ_Disable, %function
 385              	UART_AT_SCB_IRQ_Disable:
 386              	.LFB11:
ARM GAS  C:\Users\ADMINI~1\AppData\Local\Temp\ccxwVqSg.s 			page 13


 298:Generated_Source\PSoC4/UART_AT_SCB_IRQ.c **** 
 299:Generated_Source\PSoC4/UART_AT_SCB_IRQ.c **** 
 300:Generated_Source\PSoC4/UART_AT_SCB_IRQ.c **** /*******************************************************************************
 301:Generated_Source\PSoC4/UART_AT_SCB_IRQ.c **** * Function Name: UART_AT_SCB_IRQ_Disable
 302:Generated_Source\PSoC4/UART_AT_SCB_IRQ.c **** ********************************************************************************
 303:Generated_Source\PSoC4/UART_AT_SCB_IRQ.c **** *
 304:Generated_Source\PSoC4/UART_AT_SCB_IRQ.c **** * Summary:
 305:Generated_Source\PSoC4/UART_AT_SCB_IRQ.c **** *   Disables the Interrupt in the interrupt controller.
 306:Generated_Source\PSoC4/UART_AT_SCB_IRQ.c **** *
 307:Generated_Source\PSoC4/UART_AT_SCB_IRQ.c **** * Parameters:
 308:Generated_Source\PSoC4/UART_AT_SCB_IRQ.c **** *   None
 309:Generated_Source\PSoC4/UART_AT_SCB_IRQ.c **** *
 310:Generated_Source\PSoC4/UART_AT_SCB_IRQ.c **** * Return:
 311:Generated_Source\PSoC4/UART_AT_SCB_IRQ.c **** *   None
 312:Generated_Source\PSoC4/UART_AT_SCB_IRQ.c **** *
 313:Generated_Source\PSoC4/UART_AT_SCB_IRQ.c **** *******************************************************************************/
 314:Generated_Source\PSoC4/UART_AT_SCB_IRQ.c **** void UART_AT_SCB_IRQ_Disable(void)
 315:Generated_Source\PSoC4/UART_AT_SCB_IRQ.c **** {
 387              		.loc 1 315 0
 388              		.cfi_startproc
 389 0000 80B5     		push	{r7, lr}
 390              		.cfi_def_cfa_offset 8
 391              		.cfi_offset 7, -8
 392              		.cfi_offset 14, -4
 393 0002 00AF     		add	r7, sp, #0
 394              		.cfi_def_cfa_register 7
 316:Generated_Source\PSoC4/UART_AT_SCB_IRQ.c ****     /* Disable the general interrupt. */
 317:Generated_Source\PSoC4/UART_AT_SCB_IRQ.c ****     *UART_AT_SCB_IRQ_INTC_CLR_EN = UART_AT_SCB_IRQ__INTC_MASK;
 395              		.loc 1 317 0
 396 0004 024B     		ldr	r3, .L32
 397 0006 8022     		mov	r2, #128
 398 0008 9200     		lsl	r2, r2, #2
 399 000a 1A60     		str	r2, [r3]
 318:Generated_Source\PSoC4/UART_AT_SCB_IRQ.c **** }
 400              		.loc 1 318 0
 401 000c BD46     		mov	sp, r7
 402              		@ sp needed
 403 000e 80BD     		pop	{r7, pc}
 404              	.L33:
 405              		.align	2
 406              	.L32:
 407 0010 80E100E0 		.word	-536813184
 408              		.cfi_endproc
 409              	.LFE11:
 410              		.size	UART_AT_SCB_IRQ_Disable, .-UART_AT_SCB_IRQ_Disable
 411              		.section	.text.UART_AT_SCB_IRQ_SetPending,"ax",%progbits
 412              		.align	2
 413              		.global	UART_AT_SCB_IRQ_SetPending
 414              		.code	16
 415              		.thumb_func
 416              		.type	UART_AT_SCB_IRQ_SetPending, %function
 417              	UART_AT_SCB_IRQ_SetPending:
 418              	.LFB12:
 319:Generated_Source\PSoC4/UART_AT_SCB_IRQ.c **** 
 320:Generated_Source\PSoC4/UART_AT_SCB_IRQ.c **** 
 321:Generated_Source\PSoC4/UART_AT_SCB_IRQ.c **** /*******************************************************************************
 322:Generated_Source\PSoC4/UART_AT_SCB_IRQ.c **** * Function Name: UART_AT_SCB_IRQ_SetPending
ARM GAS  C:\Users\ADMINI~1\AppData\Local\Temp\ccxwVqSg.s 			page 14


 323:Generated_Source\PSoC4/UART_AT_SCB_IRQ.c **** ********************************************************************************
 324:Generated_Source\PSoC4/UART_AT_SCB_IRQ.c **** *
 325:Generated_Source\PSoC4/UART_AT_SCB_IRQ.c **** * Summary:
 326:Generated_Source\PSoC4/UART_AT_SCB_IRQ.c **** *   Causes the Interrupt to enter the pending state, a software method of
 327:Generated_Source\PSoC4/UART_AT_SCB_IRQ.c **** *   generating the interrupt.
 328:Generated_Source\PSoC4/UART_AT_SCB_IRQ.c **** *
 329:Generated_Source\PSoC4/UART_AT_SCB_IRQ.c **** * Parameters:
 330:Generated_Source\PSoC4/UART_AT_SCB_IRQ.c **** *   None
 331:Generated_Source\PSoC4/UART_AT_SCB_IRQ.c **** *
 332:Generated_Source\PSoC4/UART_AT_SCB_IRQ.c **** * Return:
 333:Generated_Source\PSoC4/UART_AT_SCB_IRQ.c **** *   None
 334:Generated_Source\PSoC4/UART_AT_SCB_IRQ.c **** *
 335:Generated_Source\PSoC4/UART_AT_SCB_IRQ.c **** * Side Effects:
 336:Generated_Source\PSoC4/UART_AT_SCB_IRQ.c **** *   If interrupts are enabled and the interrupt is set up properly, the ISR is
 337:Generated_Source\PSoC4/UART_AT_SCB_IRQ.c **** *   entered (depending on the priority of this interrupt and other pending 
 338:Generated_Source\PSoC4/UART_AT_SCB_IRQ.c **** *   interrupts).
 339:Generated_Source\PSoC4/UART_AT_SCB_IRQ.c **** *
 340:Generated_Source\PSoC4/UART_AT_SCB_IRQ.c **** *******************************************************************************/
 341:Generated_Source\PSoC4/UART_AT_SCB_IRQ.c **** void UART_AT_SCB_IRQ_SetPending(void)
 342:Generated_Source\PSoC4/UART_AT_SCB_IRQ.c **** {
 419              		.loc 1 342 0
 420              		.cfi_startproc
 421 0000 80B5     		push	{r7, lr}
 422              		.cfi_def_cfa_offset 8
 423              		.cfi_offset 7, -8
 424              		.cfi_offset 14, -4
 425 0002 00AF     		add	r7, sp, #0
 426              		.cfi_def_cfa_register 7
 343:Generated_Source\PSoC4/UART_AT_SCB_IRQ.c ****     *UART_AT_SCB_IRQ_INTC_SET_PD = UART_AT_SCB_IRQ__INTC_MASK;
 427              		.loc 1 343 0
 428 0004 024B     		ldr	r3, .L35
 429 0006 8022     		mov	r2, #128
 430 0008 9200     		lsl	r2, r2, #2
 431 000a 1A60     		str	r2, [r3]
 344:Generated_Source\PSoC4/UART_AT_SCB_IRQ.c **** }
 432              		.loc 1 344 0
 433 000c BD46     		mov	sp, r7
 434              		@ sp needed
 435 000e 80BD     		pop	{r7, pc}
 436              	.L36:
 437              		.align	2
 438              	.L35:
 439 0010 00E200E0 		.word	-536813056
 440              		.cfi_endproc
 441              	.LFE12:
 442              		.size	UART_AT_SCB_IRQ_SetPending, .-UART_AT_SCB_IRQ_SetPending
 443              		.section	.text.UART_AT_SCB_IRQ_ClearPending,"ax",%progbits
 444              		.align	2
 445              		.global	UART_AT_SCB_IRQ_ClearPending
 446              		.code	16
 447              		.thumb_func
 448              		.type	UART_AT_SCB_IRQ_ClearPending, %function
 449              	UART_AT_SCB_IRQ_ClearPending:
 450              	.LFB13:
 345:Generated_Source\PSoC4/UART_AT_SCB_IRQ.c **** 
 346:Generated_Source\PSoC4/UART_AT_SCB_IRQ.c **** 
 347:Generated_Source\PSoC4/UART_AT_SCB_IRQ.c **** /*******************************************************************************
ARM GAS  C:\Users\ADMINI~1\AppData\Local\Temp\ccxwVqSg.s 			page 15


 348:Generated_Source\PSoC4/UART_AT_SCB_IRQ.c **** * Function Name: UART_AT_SCB_IRQ_ClearPending
 349:Generated_Source\PSoC4/UART_AT_SCB_IRQ.c **** ********************************************************************************
 350:Generated_Source\PSoC4/UART_AT_SCB_IRQ.c **** *
 351:Generated_Source\PSoC4/UART_AT_SCB_IRQ.c **** * Summary:
 352:Generated_Source\PSoC4/UART_AT_SCB_IRQ.c **** *   Clears a pending interrupt in the interrupt controller.
 353:Generated_Source\PSoC4/UART_AT_SCB_IRQ.c **** *
 354:Generated_Source\PSoC4/UART_AT_SCB_IRQ.c **** *   Note Some interrupt sources are clear-on-read and require the block 
 355:Generated_Source\PSoC4/UART_AT_SCB_IRQ.c **** *   interrupt/status register to be read/cleared with the appropriate block API 
 356:Generated_Source\PSoC4/UART_AT_SCB_IRQ.c **** *   (GPIO, UART, and so on). Otherwise the ISR will continue to remain in 
 357:Generated_Source\PSoC4/UART_AT_SCB_IRQ.c **** *   pending state even though the interrupt itself is cleared using this API.
 358:Generated_Source\PSoC4/UART_AT_SCB_IRQ.c **** *
 359:Generated_Source\PSoC4/UART_AT_SCB_IRQ.c **** * Parameters:
 360:Generated_Source\PSoC4/UART_AT_SCB_IRQ.c **** *   None
 361:Generated_Source\PSoC4/UART_AT_SCB_IRQ.c **** *
 362:Generated_Source\PSoC4/UART_AT_SCB_IRQ.c **** * Return:
 363:Generated_Source\PSoC4/UART_AT_SCB_IRQ.c **** *   None
 364:Generated_Source\PSoC4/UART_AT_SCB_IRQ.c **** *
 365:Generated_Source\PSoC4/UART_AT_SCB_IRQ.c **** *******************************************************************************/
 366:Generated_Source\PSoC4/UART_AT_SCB_IRQ.c **** void UART_AT_SCB_IRQ_ClearPending(void)
 367:Generated_Source\PSoC4/UART_AT_SCB_IRQ.c **** {
 451              		.loc 1 367 0
 452              		.cfi_startproc
 453 0000 80B5     		push	{r7, lr}
 454              		.cfi_def_cfa_offset 8
 455              		.cfi_offset 7, -8
 456              		.cfi_offset 14, -4
 457 0002 00AF     		add	r7, sp, #0
 458              		.cfi_def_cfa_register 7
 368:Generated_Source\PSoC4/UART_AT_SCB_IRQ.c ****     *UART_AT_SCB_IRQ_INTC_CLR_PD = UART_AT_SCB_IRQ__INTC_MASK;
 459              		.loc 1 368 0
 460 0004 024B     		ldr	r3, .L38
 461 0006 8022     		mov	r2, #128
 462 0008 9200     		lsl	r2, r2, #2
 463 000a 1A60     		str	r2, [r3]
 369:Generated_Source\PSoC4/UART_AT_SCB_IRQ.c **** }
 464              		.loc 1 369 0
 465 000c BD46     		mov	sp, r7
 466              		@ sp needed
 467 000e 80BD     		pop	{r7, pc}
 468              	.L39:
 469              		.align	2
 470              	.L38:
 471 0010 80E200E0 		.word	-536812928
 472              		.cfi_endproc
 473              	.LFE13:
 474              		.size	UART_AT_SCB_IRQ_ClearPending, .-UART_AT_SCB_IRQ_ClearPending
 475              		.text
 476              	.Letext0:
 477              		.file 2 "Generated_Source\\PSoC4/cytypes.h"
 478              		.section	.debug_info,"",%progbits
 479              	.Ldebug_info0:
 480 0000 2E020000 		.4byte	0x22e
 481 0004 0400     		.2byte	0x4
 482 0006 00000000 		.4byte	.Ldebug_abbrev0
 483 000a 04       		.byte	0x4
 484 000b 01       		.uleb128 0x1
 485 000c 06000000 		.4byte	.LASF32
ARM GAS  C:\Users\ADMINI~1\AppData\Local\Temp\ccxwVqSg.s 			page 16


 486 0010 01       		.byte	0x1
 487 0011 62010000 		.4byte	.LASF33
 488 0015 E1020000 		.4byte	.LASF34
 489 0019 00000000 		.4byte	.Ldebug_ranges0+0
 490 001d 00000000 		.4byte	0
 491 0021 00000000 		.4byte	.Ldebug_line0
 492 0025 02       		.uleb128 0x2
 493 0026 01       		.byte	0x1
 494 0027 06       		.byte	0x6
 495 0028 D5020000 		.4byte	.LASF0
 496 002c 02       		.uleb128 0x2
 497 002d 01       		.byte	0x1
 498 002e 08       		.byte	0x8
 499 002f 19010000 		.4byte	.LASF1
 500 0033 02       		.uleb128 0x2
 501 0034 02       		.byte	0x2
 502 0035 05       		.byte	0x5
 503 0036 AD020000 		.4byte	.LASF2
 504 003a 02       		.uleb128 0x2
 505 003b 02       		.byte	0x2
 506 003c 07       		.byte	0x7
 507 003d CF000000 		.4byte	.LASF3
 508 0041 02       		.uleb128 0x2
 509 0042 04       		.byte	0x4
 510 0043 05       		.byte	0x5
 511 0044 CC020000 		.4byte	.LASF4
 512 0048 02       		.uleb128 0x2
 513 0049 04       		.byte	0x4
 514 004a 07       		.byte	0x7
 515 004b 50010000 		.4byte	.LASF5
 516 004f 02       		.uleb128 0x2
 517 0050 08       		.byte	0x8
 518 0051 05       		.byte	0x5
 519 0052 82020000 		.4byte	.LASF6
 520 0056 02       		.uleb128 0x2
 521 0057 08       		.byte	0x8
 522 0058 07       		.byte	0x7
 523 0059 1C020000 		.4byte	.LASF7
 524 005d 03       		.uleb128 0x3
 525 005e 04       		.byte	0x4
 526 005f 05       		.byte	0x5
 527 0060 696E7400 		.ascii	"int\000"
 528 0064 02       		.uleb128 0x2
 529 0065 04       		.byte	0x4
 530 0066 07       		.byte	0x7
 531 0067 EE010000 		.4byte	.LASF8
 532 006b 04       		.uleb128 0x4
 533 006c B7020000 		.4byte	.LASF9
 534 0070 02       		.byte	0x2
 535 0071 B901     		.2byte	0x1b9
 536 0073 2C000000 		.4byte	0x2c
 537 0077 04       		.uleb128 0x4
 538 0078 E7010000 		.4byte	.LASF10
 539 007c 02       		.byte	0x2
 540 007d BB01     		.2byte	0x1bb
 541 007f 48000000 		.4byte	0x48
 542 0083 02       		.uleb128 0x2
ARM GAS  C:\Users\ADMINI~1\AppData\Local\Temp\ccxwVqSg.s 			page 17


 543 0084 04       		.byte	0x4
 544 0085 04       		.byte	0x4
 545 0086 FC000000 		.4byte	.LASF11
 546 008a 02       		.uleb128 0x2
 547 008b 08       		.byte	0x8
 548 008c 04       		.byte	0x4
 549 008d C2010000 		.4byte	.LASF12
 550 0091 02       		.uleb128 0x2
 551 0092 01       		.byte	0x1
 552 0093 08       		.byte	0x8
 553 0094 90020000 		.4byte	.LASF13
 554 0098 04       		.uleb128 0x4
 555 0099 00000000 		.4byte	.LASF14
 556 009d 02       		.byte	0x2
 557 009e 6502     		.2byte	0x265
 558 00a0 A4000000 		.4byte	0xa4
 559 00a4 05       		.uleb128 0x5
 560 00a5 77000000 		.4byte	0x77
 561 00a9 04       		.uleb128 0x4
 562 00aa 33020000 		.4byte	.LASF15
 563 00ae 02       		.byte	0x2
 564 00af 7502     		.2byte	0x275
 565 00b1 B5000000 		.4byte	0xb5
 566 00b5 06       		.uleb128 0x6
 567 00b6 04       		.byte	0x4
 568 00b7 BB000000 		.4byte	0xbb
 569 00bb 07       		.uleb128 0x7
 570 00bc 02       		.uleb128 0x2
 571 00bd 04       		.byte	0x4
 572 00be 07       		.byte	0x7
 573 00bf 79020000 		.4byte	.LASF16
 574 00c3 08       		.uleb128 0x8
 575 00c4 94000000 		.4byte	.LASF17
 576 00c8 01       		.byte	0x1
 577 00c9 38       		.byte	0x38
 578 00ca 00000000 		.4byte	.LFB2
 579 00ce 24000000 		.4byte	.LFE2-.LFB2
 580 00d2 01       		.uleb128 0x1
 581 00d3 9C       		.byte	0x9c
 582 00d4 09       		.uleb128 0x9
 583 00d5 95020000 		.4byte	.LASF19
 584 00d9 01       		.byte	0x1
 585 00da 63       		.byte	0x63
 586 00db 00000000 		.4byte	.LFB3
 587 00df 24000000 		.4byte	.LFE3-.LFB3
 588 00e3 01       		.uleb128 0x1
 589 00e4 9C       		.byte	0x9c
 590 00e5 F8000000 		.4byte	0xf8
 591 00e9 0A       		.uleb128 0xa
 592 00ea 14020000 		.4byte	.LASF21
 593 00ee 01       		.byte	0x1
 594 00ef 63       		.byte	0x63
 595 00f0 A9000000 		.4byte	0xa9
 596 00f4 02       		.uleb128 0x2
 597 00f5 91       		.byte	0x91
 598 00f6 74       		.sleb128 -12
 599 00f7 00       		.byte	0
ARM GAS  C:\Users\ADMINI~1\AppData\Local\Temp\ccxwVqSg.s 			page 18


 600 00f8 08       		.uleb128 0x8
 601 00f9 D2010000 		.4byte	.LASF18
 602 00fd 01       		.byte	0x1
 603 00fe 81       		.byte	0x81
 604 00ff 00000000 		.4byte	.LFB4
 605 0103 18000000 		.4byte	.LFE4-.LFB4
 606 0107 01       		.uleb128 0x1
 607 0108 9C       		.byte	0x9c
 608 0109 0B       		.uleb128 0xb
 609 010a 27010000 		.4byte	.LASF20
 610 010e 01       		.byte	0x1
 611 010f A7       		.byte	0xa7
 612 0110 00000000 		.4byte	.LFB5
 613 0114 18000000 		.4byte	.LFE5-.LFB5
 614 0118 01       		.uleb128 0x1
 615 0119 9C       		.byte	0x9c
 616 011a 2D010000 		.4byte	0x12d
 617 011e 0A       		.uleb128 0xa
 618 011f 14020000 		.4byte	.LASF21
 619 0123 01       		.byte	0x1
 620 0124 A7       		.byte	0xa7
 621 0125 A9000000 		.4byte	0xa9
 622 0129 02       		.uleb128 0x2
 623 012a 91       		.byte	0x91
 624 012b 74       		.sleb128 -12
 625 012c 00       		.byte	0
 626 012d 0C       		.uleb128 0xc
 627 012e E2000000 		.4byte	.LASF27
 628 0132 01       		.byte	0x1
 629 0133 BB       		.byte	0xbb
 630 0134 A9000000 		.4byte	0xa9
 631 0138 00000000 		.4byte	.LFB6
 632 013c 14000000 		.4byte	.LFE6-.LFB6
 633 0140 01       		.uleb128 0x1
 634 0141 9C       		.byte	0x9c
 635 0142 09       		.uleb128 0x9
 636 0143 5D020000 		.4byte	.LASF22
 637 0147 01       		.byte	0x1
 638 0148 D9       		.byte	0xd9
 639 0149 00000000 		.4byte	.LFB7
 640 014d 50000000 		.4byte	.LFE7-.LFB7
 641 0151 01       		.uleb128 0x1
 642 0152 9C       		.byte	0x9c
 643 0153 82010000 		.4byte	0x182
 644 0157 0A       		.uleb128 0xa
 645 0158 C9010000 		.4byte	.LASF23
 646 015c 01       		.byte	0x1
 647 015d D9       		.byte	0xd9
 648 015e 6B000000 		.4byte	0x6b
 649 0162 02       		.uleb128 0x2
 650 0163 91       		.byte	0x91
 651 0164 67       		.sleb128 -25
 652 0165 0D       		.uleb128 0xd
 653 0166 41010000 		.4byte	.LASF24
 654 016a 01       		.byte	0x1
 655 016b DB       		.byte	0xdb
 656 016c 6B000000 		.4byte	0x6b
ARM GAS  C:\Users\ADMINI~1\AppData\Local\Temp\ccxwVqSg.s 			page 19


 657 0170 02       		.uleb128 0x2
 658 0171 91       		.byte	0x91
 659 0172 6B       		.sleb128 -21
 660 0173 0D       		.uleb128 0xd
 661 0174 BD020000 		.4byte	.LASF25
 662 0178 01       		.byte	0x1
 663 0179 DC       		.byte	0xdc
 664 017a 77000000 		.4byte	0x77
 665 017e 02       		.uleb128 0x2
 666 017f 91       		.byte	0x91
 667 0180 6C       		.sleb128 -20
 668 0181 00       		.byte	0
 669 0182 0E       		.uleb128 0xe
 670 0183 8B010000 		.4byte	.LASF35
 671 0187 01       		.byte	0x1
 672 0188 F5       		.byte	0xf5
 673 0189 6B000000 		.4byte	0x6b
 674 018d 00000000 		.4byte	.LFB8
 675 0191 2C000000 		.4byte	.LFE8-.LFB8
 676 0195 01       		.uleb128 0x1
 677 0196 9C       		.byte	0x9c
 678 0197 B8010000 		.4byte	0x1b8
 679 019b 0D       		.uleb128 0xd
 680 019c C9010000 		.4byte	.LASF23
 681 01a0 01       		.byte	0x1
 682 01a1 F7       		.byte	0xf7
 683 01a2 77000000 		.4byte	0x77
 684 01a6 02       		.uleb128 0x2
 685 01a7 91       		.byte	0x91
 686 01a8 70       		.sleb128 -16
 687 01a9 0D       		.uleb128 0xd
 688 01aa BD020000 		.4byte	.LASF25
 689 01ae 01       		.byte	0x1
 690 01af F8       		.byte	0xf8
 691 01b0 77000000 		.4byte	0x77
 692 01b4 02       		.uleb128 0x2
 693 01b5 91       		.byte	0x91
 694 01b6 74       		.sleb128 -12
 695 01b7 00       		.byte	0
 696 01b8 0F       		.uleb128 0xf
 697 01b9 02010000 		.4byte	.LASF26
 698 01bd 01       		.byte	0x1
 699 01be 1001     		.2byte	0x110
 700 01c0 00000000 		.4byte	.LFB9
 701 01c4 14000000 		.4byte	.LFE9-.LFB9
 702 01c8 01       		.uleb128 0x1
 703 01c9 9C       		.byte	0x9c
 704 01ca 10       		.uleb128 0x10
 705 01cb FB010000 		.4byte	.LASF28
 706 01cf 01       		.byte	0x1
 707 01d0 2501     		.2byte	0x125
 708 01d2 6B000000 		.4byte	0x6b
 709 01d6 00000000 		.4byte	.LFB10
 710 01da 20000000 		.4byte	.LFE10-.LFB10
 711 01de 01       		.uleb128 0x1
 712 01df 9C       		.byte	0x9c
 713 01e0 0F       		.uleb128 0xf
ARM GAS  C:\Users\ADMINI~1\AppData\Local\Temp\ccxwVqSg.s 			page 20


 714 01e1 B7000000 		.4byte	.LASF29
 715 01e5 01       		.byte	0x1
 716 01e6 3A01     		.2byte	0x13a
 717 01e8 00000000 		.4byte	.LFB11
 718 01ec 14000000 		.4byte	.LFE11-.LFB11
 719 01f0 01       		.uleb128 0x1
 720 01f1 9C       		.byte	0x9c
 721 01f2 0F       		.uleb128 0xf
 722 01f3 A7010000 		.4byte	.LASF30
 723 01f7 01       		.byte	0x1
 724 01f8 5501     		.2byte	0x155
 725 01fa 00000000 		.4byte	.LFB12
 726 01fe 14000000 		.4byte	.LFE12-.LFB12
 727 0202 01       		.uleb128 0x1
 728 0203 9C       		.byte	0x9c
 729 0204 0F       		.uleb128 0xf
 730 0205 40020000 		.4byte	.LASF31
 731 0209 01       		.byte	0x1
 732 020a 6E01     		.2byte	0x16e
 733 020c 00000000 		.4byte	.LFB13
 734 0210 14000000 		.4byte	.LFE13-.LFB13
 735 0214 01       		.uleb128 0x1
 736 0215 9C       		.byte	0x9c
 737 0216 11       		.uleb128 0x11
 738 0217 A9000000 		.4byte	0xa9
 739 021b 26020000 		.4byte	0x226
 740 021f 12       		.uleb128 0x12
 741 0220 BC000000 		.4byte	0xbc
 742 0224 2F       		.byte	0x2f
 743 0225 00       		.byte	0
 744 0226 13       		.uleb128 0x13
 745 0227 AA000000 		.4byte	.LASF36
 746 022b 01       		.byte	0x1
 747 022c 21       		.byte	0x21
 748 022d 16020000 		.4byte	0x216
 749 0231 00       		.byte	0
 750              		.section	.debug_abbrev,"",%progbits
 751              	.Ldebug_abbrev0:
 752 0000 01       		.uleb128 0x1
 753 0001 11       		.uleb128 0x11
 754 0002 01       		.byte	0x1
 755 0003 25       		.uleb128 0x25
 756 0004 0E       		.uleb128 0xe
 757 0005 13       		.uleb128 0x13
 758 0006 0B       		.uleb128 0xb
 759 0007 03       		.uleb128 0x3
 760 0008 0E       		.uleb128 0xe
 761 0009 1B       		.uleb128 0x1b
 762 000a 0E       		.uleb128 0xe
 763 000b 55       		.uleb128 0x55
 764 000c 17       		.uleb128 0x17
 765 000d 11       		.uleb128 0x11
 766 000e 01       		.uleb128 0x1
 767 000f 10       		.uleb128 0x10
 768 0010 17       		.uleb128 0x17
 769 0011 00       		.byte	0
 770 0012 00       		.byte	0
ARM GAS  C:\Users\ADMINI~1\AppData\Local\Temp\ccxwVqSg.s 			page 21


 771 0013 02       		.uleb128 0x2
 772 0014 24       		.uleb128 0x24
 773 0015 00       		.byte	0
 774 0016 0B       		.uleb128 0xb
 775 0017 0B       		.uleb128 0xb
 776 0018 3E       		.uleb128 0x3e
 777 0019 0B       		.uleb128 0xb
 778 001a 03       		.uleb128 0x3
 779 001b 0E       		.uleb128 0xe
 780 001c 00       		.byte	0
 781 001d 00       		.byte	0
 782 001e 03       		.uleb128 0x3
 783 001f 24       		.uleb128 0x24
 784 0020 00       		.byte	0
 785 0021 0B       		.uleb128 0xb
 786 0022 0B       		.uleb128 0xb
 787 0023 3E       		.uleb128 0x3e
 788 0024 0B       		.uleb128 0xb
 789 0025 03       		.uleb128 0x3
 790 0026 08       		.uleb128 0x8
 791 0027 00       		.byte	0
 792 0028 00       		.byte	0
 793 0029 04       		.uleb128 0x4
 794 002a 16       		.uleb128 0x16
 795 002b 00       		.byte	0
 796 002c 03       		.uleb128 0x3
 797 002d 0E       		.uleb128 0xe
 798 002e 3A       		.uleb128 0x3a
 799 002f 0B       		.uleb128 0xb
 800 0030 3B       		.uleb128 0x3b
 801 0031 05       		.uleb128 0x5
 802 0032 49       		.uleb128 0x49
 803 0033 13       		.uleb128 0x13
 804 0034 00       		.byte	0
 805 0035 00       		.byte	0
 806 0036 05       		.uleb128 0x5
 807 0037 35       		.uleb128 0x35
 808 0038 00       		.byte	0
 809 0039 49       		.uleb128 0x49
 810 003a 13       		.uleb128 0x13
 811 003b 00       		.byte	0
 812 003c 00       		.byte	0
 813 003d 06       		.uleb128 0x6
 814 003e 0F       		.uleb128 0xf
 815 003f 00       		.byte	0
 816 0040 0B       		.uleb128 0xb
 817 0041 0B       		.uleb128 0xb
 818 0042 49       		.uleb128 0x49
 819 0043 13       		.uleb128 0x13
 820 0044 00       		.byte	0
 821 0045 00       		.byte	0
 822 0046 07       		.uleb128 0x7
 823 0047 15       		.uleb128 0x15
 824 0048 00       		.byte	0
 825 0049 27       		.uleb128 0x27
 826 004a 19       		.uleb128 0x19
 827 004b 00       		.byte	0
ARM GAS  C:\Users\ADMINI~1\AppData\Local\Temp\ccxwVqSg.s 			page 22


 828 004c 00       		.byte	0
 829 004d 08       		.uleb128 0x8
 830 004e 2E       		.uleb128 0x2e
 831 004f 00       		.byte	0
 832 0050 3F       		.uleb128 0x3f
 833 0051 19       		.uleb128 0x19
 834 0052 03       		.uleb128 0x3
 835 0053 0E       		.uleb128 0xe
 836 0054 3A       		.uleb128 0x3a
 837 0055 0B       		.uleb128 0xb
 838 0056 3B       		.uleb128 0x3b
 839 0057 0B       		.uleb128 0xb
 840 0058 27       		.uleb128 0x27
 841 0059 19       		.uleb128 0x19
 842 005a 11       		.uleb128 0x11
 843 005b 01       		.uleb128 0x1
 844 005c 12       		.uleb128 0x12
 845 005d 06       		.uleb128 0x6
 846 005e 40       		.uleb128 0x40
 847 005f 18       		.uleb128 0x18
 848 0060 9642     		.uleb128 0x2116
 849 0062 19       		.uleb128 0x19
 850 0063 00       		.byte	0
 851 0064 00       		.byte	0
 852 0065 09       		.uleb128 0x9
 853 0066 2E       		.uleb128 0x2e
 854 0067 01       		.byte	0x1
 855 0068 3F       		.uleb128 0x3f
 856 0069 19       		.uleb128 0x19
 857 006a 03       		.uleb128 0x3
 858 006b 0E       		.uleb128 0xe
 859 006c 3A       		.uleb128 0x3a
 860 006d 0B       		.uleb128 0xb
 861 006e 3B       		.uleb128 0x3b
 862 006f 0B       		.uleb128 0xb
 863 0070 27       		.uleb128 0x27
 864 0071 19       		.uleb128 0x19
 865 0072 11       		.uleb128 0x11
 866 0073 01       		.uleb128 0x1
 867 0074 12       		.uleb128 0x12
 868 0075 06       		.uleb128 0x6
 869 0076 40       		.uleb128 0x40
 870 0077 18       		.uleb128 0x18
 871 0078 9642     		.uleb128 0x2116
 872 007a 19       		.uleb128 0x19
 873 007b 01       		.uleb128 0x1
 874 007c 13       		.uleb128 0x13
 875 007d 00       		.byte	0
 876 007e 00       		.byte	0
 877 007f 0A       		.uleb128 0xa
 878 0080 05       		.uleb128 0x5
 879 0081 00       		.byte	0
 880 0082 03       		.uleb128 0x3
 881 0083 0E       		.uleb128 0xe
 882 0084 3A       		.uleb128 0x3a
 883 0085 0B       		.uleb128 0xb
 884 0086 3B       		.uleb128 0x3b
ARM GAS  C:\Users\ADMINI~1\AppData\Local\Temp\ccxwVqSg.s 			page 23


 885 0087 0B       		.uleb128 0xb
 886 0088 49       		.uleb128 0x49
 887 0089 13       		.uleb128 0x13
 888 008a 02       		.uleb128 0x2
 889 008b 18       		.uleb128 0x18
 890 008c 00       		.byte	0
 891 008d 00       		.byte	0
 892 008e 0B       		.uleb128 0xb
 893 008f 2E       		.uleb128 0x2e
 894 0090 01       		.byte	0x1
 895 0091 3F       		.uleb128 0x3f
 896 0092 19       		.uleb128 0x19
 897 0093 03       		.uleb128 0x3
 898 0094 0E       		.uleb128 0xe
 899 0095 3A       		.uleb128 0x3a
 900 0096 0B       		.uleb128 0xb
 901 0097 3B       		.uleb128 0x3b
 902 0098 0B       		.uleb128 0xb
 903 0099 27       		.uleb128 0x27
 904 009a 19       		.uleb128 0x19
 905 009b 11       		.uleb128 0x11
 906 009c 01       		.uleb128 0x1
 907 009d 12       		.uleb128 0x12
 908 009e 06       		.uleb128 0x6
 909 009f 40       		.uleb128 0x40
 910 00a0 18       		.uleb128 0x18
 911 00a1 9742     		.uleb128 0x2117
 912 00a3 19       		.uleb128 0x19
 913 00a4 01       		.uleb128 0x1
 914 00a5 13       		.uleb128 0x13
 915 00a6 00       		.byte	0
 916 00a7 00       		.byte	0
 917 00a8 0C       		.uleb128 0xc
 918 00a9 2E       		.uleb128 0x2e
 919 00aa 00       		.byte	0
 920 00ab 3F       		.uleb128 0x3f
 921 00ac 19       		.uleb128 0x19
 922 00ad 03       		.uleb128 0x3
 923 00ae 0E       		.uleb128 0xe
 924 00af 3A       		.uleb128 0x3a
 925 00b0 0B       		.uleb128 0xb
 926 00b1 3B       		.uleb128 0x3b
 927 00b2 0B       		.uleb128 0xb
 928 00b3 27       		.uleb128 0x27
 929 00b4 19       		.uleb128 0x19
 930 00b5 49       		.uleb128 0x49
 931 00b6 13       		.uleb128 0x13
 932 00b7 11       		.uleb128 0x11
 933 00b8 01       		.uleb128 0x1
 934 00b9 12       		.uleb128 0x12
 935 00ba 06       		.uleb128 0x6
 936 00bb 40       		.uleb128 0x40
 937 00bc 18       		.uleb128 0x18
 938 00bd 9742     		.uleb128 0x2117
 939 00bf 19       		.uleb128 0x19
 940 00c0 00       		.byte	0
 941 00c1 00       		.byte	0
ARM GAS  C:\Users\ADMINI~1\AppData\Local\Temp\ccxwVqSg.s 			page 24


 942 00c2 0D       		.uleb128 0xd
 943 00c3 34       		.uleb128 0x34
 944 00c4 00       		.byte	0
 945 00c5 03       		.uleb128 0x3
 946 00c6 0E       		.uleb128 0xe
 947 00c7 3A       		.uleb128 0x3a
 948 00c8 0B       		.uleb128 0xb
 949 00c9 3B       		.uleb128 0x3b
 950 00ca 0B       		.uleb128 0xb
 951 00cb 49       		.uleb128 0x49
 952 00cc 13       		.uleb128 0x13
 953 00cd 02       		.uleb128 0x2
 954 00ce 18       		.uleb128 0x18
 955 00cf 00       		.byte	0
 956 00d0 00       		.byte	0
 957 00d1 0E       		.uleb128 0xe
 958 00d2 2E       		.uleb128 0x2e
 959 00d3 01       		.byte	0x1
 960 00d4 3F       		.uleb128 0x3f
 961 00d5 19       		.uleb128 0x19
 962 00d6 03       		.uleb128 0x3
 963 00d7 0E       		.uleb128 0xe
 964 00d8 3A       		.uleb128 0x3a
 965 00d9 0B       		.uleb128 0xb
 966 00da 3B       		.uleb128 0x3b
 967 00db 0B       		.uleb128 0xb
 968 00dc 27       		.uleb128 0x27
 969 00dd 19       		.uleb128 0x19
 970 00de 49       		.uleb128 0x49
 971 00df 13       		.uleb128 0x13
 972 00e0 11       		.uleb128 0x11
 973 00e1 01       		.uleb128 0x1
 974 00e2 12       		.uleb128 0x12
 975 00e3 06       		.uleb128 0x6
 976 00e4 40       		.uleb128 0x40
 977 00e5 18       		.uleb128 0x18
 978 00e6 9742     		.uleb128 0x2117
 979 00e8 19       		.uleb128 0x19
 980 00e9 01       		.uleb128 0x1
 981 00ea 13       		.uleb128 0x13
 982 00eb 00       		.byte	0
 983 00ec 00       		.byte	0
 984 00ed 0F       		.uleb128 0xf
 985 00ee 2E       		.uleb128 0x2e
 986 00ef 00       		.byte	0
 987 00f0 3F       		.uleb128 0x3f
 988 00f1 19       		.uleb128 0x19
 989 00f2 03       		.uleb128 0x3
 990 00f3 0E       		.uleb128 0xe
 991 00f4 3A       		.uleb128 0x3a
 992 00f5 0B       		.uleb128 0xb
 993 00f6 3B       		.uleb128 0x3b
 994 00f7 05       		.uleb128 0x5
 995 00f8 27       		.uleb128 0x27
 996 00f9 19       		.uleb128 0x19
 997 00fa 11       		.uleb128 0x11
 998 00fb 01       		.uleb128 0x1
ARM GAS  C:\Users\ADMINI~1\AppData\Local\Temp\ccxwVqSg.s 			page 25


 999 00fc 12       		.uleb128 0x12
 1000 00fd 06       		.uleb128 0x6
 1001 00fe 40       		.uleb128 0x40
 1002 00ff 18       		.uleb128 0x18
 1003 0100 9742     		.uleb128 0x2117
 1004 0102 19       		.uleb128 0x19
 1005 0103 00       		.byte	0
 1006 0104 00       		.byte	0
 1007 0105 10       		.uleb128 0x10
 1008 0106 2E       		.uleb128 0x2e
 1009 0107 00       		.byte	0
 1010 0108 3F       		.uleb128 0x3f
 1011 0109 19       		.uleb128 0x19
 1012 010a 03       		.uleb128 0x3
 1013 010b 0E       		.uleb128 0xe
 1014 010c 3A       		.uleb128 0x3a
 1015 010d 0B       		.uleb128 0xb
 1016 010e 3B       		.uleb128 0x3b
 1017 010f 05       		.uleb128 0x5
 1018 0110 27       		.uleb128 0x27
 1019 0111 19       		.uleb128 0x19
 1020 0112 49       		.uleb128 0x49
 1021 0113 13       		.uleb128 0x13
 1022 0114 11       		.uleb128 0x11
 1023 0115 01       		.uleb128 0x1
 1024 0116 12       		.uleb128 0x12
 1025 0117 06       		.uleb128 0x6
 1026 0118 40       		.uleb128 0x40
 1027 0119 18       		.uleb128 0x18
 1028 011a 9742     		.uleb128 0x2117
 1029 011c 19       		.uleb128 0x19
 1030 011d 00       		.byte	0
 1031 011e 00       		.byte	0
 1032 011f 11       		.uleb128 0x11
 1033 0120 01       		.uleb128 0x1
 1034 0121 01       		.byte	0x1
 1035 0122 49       		.uleb128 0x49
 1036 0123 13       		.uleb128 0x13
 1037 0124 01       		.uleb128 0x1
 1038 0125 13       		.uleb128 0x13
 1039 0126 00       		.byte	0
 1040 0127 00       		.byte	0
 1041 0128 12       		.uleb128 0x12
 1042 0129 21       		.uleb128 0x21
 1043 012a 00       		.byte	0
 1044 012b 49       		.uleb128 0x49
 1045 012c 13       		.uleb128 0x13
 1046 012d 2F       		.uleb128 0x2f
 1047 012e 0B       		.uleb128 0xb
 1048 012f 00       		.byte	0
 1049 0130 00       		.byte	0
 1050 0131 13       		.uleb128 0x13
 1051 0132 34       		.uleb128 0x34
 1052 0133 00       		.byte	0
 1053 0134 03       		.uleb128 0x3
 1054 0135 0E       		.uleb128 0xe
 1055 0136 3A       		.uleb128 0x3a
ARM GAS  C:\Users\ADMINI~1\AppData\Local\Temp\ccxwVqSg.s 			page 26


 1056 0137 0B       		.uleb128 0xb
 1057 0138 3B       		.uleb128 0x3b
 1058 0139 0B       		.uleb128 0xb
 1059 013a 49       		.uleb128 0x49
 1060 013b 13       		.uleb128 0x13
 1061 013c 3F       		.uleb128 0x3f
 1062 013d 19       		.uleb128 0x19
 1063 013e 3C       		.uleb128 0x3c
 1064 013f 19       		.uleb128 0x19
 1065 0140 00       		.byte	0
 1066 0141 00       		.byte	0
 1067 0142 00       		.byte	0
 1068              		.section	.debug_aranges,"",%progbits
 1069 0000 74000000 		.4byte	0x74
 1070 0004 0200     		.2byte	0x2
 1071 0006 00000000 		.4byte	.Ldebug_info0
 1072 000a 04       		.byte	0x4
 1073 000b 00       		.byte	0
 1074 000c 0000     		.2byte	0
 1075 000e 0000     		.2byte	0
 1076 0010 00000000 		.4byte	.LFB2
 1077 0014 24000000 		.4byte	.LFE2-.LFB2
 1078 0018 00000000 		.4byte	.LFB3
 1079 001c 24000000 		.4byte	.LFE3-.LFB3
 1080 0020 00000000 		.4byte	.LFB4
 1081 0024 18000000 		.4byte	.LFE4-.LFB4
 1082 0028 00000000 		.4byte	.LFB5
 1083 002c 18000000 		.4byte	.LFE5-.LFB5
 1084 0030 00000000 		.4byte	.LFB6
 1085 0034 14000000 		.4byte	.LFE6-.LFB6
 1086 0038 00000000 		.4byte	.LFB7
 1087 003c 50000000 		.4byte	.LFE7-.LFB7
 1088 0040 00000000 		.4byte	.LFB8
 1089 0044 2C000000 		.4byte	.LFE8-.LFB8
 1090 0048 00000000 		.4byte	.LFB9
 1091 004c 14000000 		.4byte	.LFE9-.LFB9
 1092 0050 00000000 		.4byte	.LFB10
 1093 0054 20000000 		.4byte	.LFE10-.LFB10
 1094 0058 00000000 		.4byte	.LFB11
 1095 005c 14000000 		.4byte	.LFE11-.LFB11
 1096 0060 00000000 		.4byte	.LFB12
 1097 0064 14000000 		.4byte	.LFE12-.LFB12
 1098 0068 00000000 		.4byte	.LFB13
 1099 006c 14000000 		.4byte	.LFE13-.LFB13
 1100 0070 00000000 		.4byte	0
 1101 0074 00000000 		.4byte	0
 1102              		.section	.debug_ranges,"",%progbits
 1103              	.Ldebug_ranges0:
 1104 0000 00000000 		.4byte	.LFB2
 1105 0004 24000000 		.4byte	.LFE2
 1106 0008 00000000 		.4byte	.LFB3
 1107 000c 24000000 		.4byte	.LFE3
 1108 0010 00000000 		.4byte	.LFB4
 1109 0014 18000000 		.4byte	.LFE4
 1110 0018 00000000 		.4byte	.LFB5
 1111 001c 18000000 		.4byte	.LFE5
 1112 0020 00000000 		.4byte	.LFB6
ARM GAS  C:\Users\ADMINI~1\AppData\Local\Temp\ccxwVqSg.s 			page 27


 1113 0024 14000000 		.4byte	.LFE6
 1114 0028 00000000 		.4byte	.LFB7
 1115 002c 50000000 		.4byte	.LFE7
 1116 0030 00000000 		.4byte	.LFB8
 1117 0034 2C000000 		.4byte	.LFE8
 1118 0038 00000000 		.4byte	.LFB9
 1119 003c 14000000 		.4byte	.LFE9
 1120 0040 00000000 		.4byte	.LFB10
 1121 0044 20000000 		.4byte	.LFE10
 1122 0048 00000000 		.4byte	.LFB11
 1123 004c 14000000 		.4byte	.LFE11
 1124 0050 00000000 		.4byte	.LFB12
 1125 0054 14000000 		.4byte	.LFE12
 1126 0058 00000000 		.4byte	.LFB13
 1127 005c 14000000 		.4byte	.LFE13
 1128 0060 00000000 		.4byte	0
 1129 0064 00000000 		.4byte	0
 1130              		.section	.debug_line,"",%progbits
 1131              	.Ldebug_line0:
 1132 0000 47010000 		.section	.debug_str,"MS",%progbits,1
 1132      02004C00 
 1132      00000201 
 1132      FB0E0D00 
 1132      01010101 
 1133              	.LASF14:
 1134 0000 72656733 		.ascii	"reg32\000"
 1134      3200
 1135              	.LASF32:
 1136 0006 474E5520 		.ascii	"GNU C 4.9.3 20150303 (release) [ARM/embedded-4_9-br"
 1136      4320342E 
 1136      392E3320 
 1136      32303135 
 1136      30333033 
 1137 0039 616E6368 		.ascii	"anch revision 221220] -mcpu=cortex-m0 -mthumb -g -O"
 1137      20726576 
 1137      6973696F 
 1137      6E203232 
 1137      31323230 
 1138 006c 30202D66 		.ascii	"0 -ffunction-sections -ffat-lto-objects\000"
 1138      66756E63 
 1138      74696F6E 
 1138      2D736563 
 1138      74696F6E 
 1139              	.LASF17:
 1140 0094 55415254 		.ascii	"UART_AT_SCB_IRQ_Start\000"
 1140      5F41545F 
 1140      5343425F 
 1140      4952515F 
 1140      53746172 
 1141              	.LASF36:
 1142 00aa 43795261 		.ascii	"CyRamVectors\000"
 1142      6D566563 
 1142      746F7273 
 1142      00
 1143              	.LASF29:
 1144 00b7 55415254 		.ascii	"UART_AT_SCB_IRQ_Disable\000"
 1144      5F41545F 
ARM GAS  C:\Users\ADMINI~1\AppData\Local\Temp\ccxwVqSg.s 			page 28


 1144      5343425F 
 1144      4952515F 
 1144      44697361 
 1145              	.LASF3:
 1146 00cf 73686F72 		.ascii	"short unsigned int\000"
 1146      7420756E 
 1146      7369676E 
 1146      65642069 
 1146      6E7400
 1147              	.LASF27:
 1148 00e2 55415254 		.ascii	"UART_AT_SCB_IRQ_GetVector\000"
 1148      5F41545F 
 1148      5343425F 
 1148      4952515F 
 1148      47657456 
 1149              	.LASF11:
 1150 00fc 666C6F61 		.ascii	"float\000"
 1150      7400
 1151              	.LASF26:
 1152 0102 55415254 		.ascii	"UART_AT_SCB_IRQ_Enable\000"
 1152      5F41545F 
 1152      5343425F 
 1152      4952515F 
 1152      456E6162 
 1153              	.LASF1:
 1154 0119 756E7369 		.ascii	"unsigned char\000"
 1154      676E6564 
 1154      20636861 
 1154      7200
 1155              	.LASF20:
 1156 0127 55415254 		.ascii	"UART_AT_SCB_IRQ_SetVector\000"
 1156      5F41545F 
 1156      5343425F 
 1156      4952515F 
 1156      53657456 
 1157              	.LASF24:
 1158 0141 696E7465 		.ascii	"interruptState\000"
 1158      72727570 
 1158      74537461 
 1158      746500
 1159              	.LASF5:
 1160 0150 6C6F6E67 		.ascii	"long unsigned int\000"
 1160      20756E73 
 1160      69676E65 
 1160      6420696E 
 1160      7400
 1161              	.LASF33:
 1162 0162 47656E65 		.ascii	"Generated_Source\\PSoC4\\UART_AT_SCB_IRQ.c\000"
 1162      72617465 
 1162      645F536F 
 1162      75726365 
 1162      5C50536F 
 1163              	.LASF35:
 1164 018b 55415254 		.ascii	"UART_AT_SCB_IRQ_GetPriority\000"
 1164      5F41545F 
 1164      5343425F 
 1164      4952515F 
ARM GAS  C:\Users\ADMINI~1\AppData\Local\Temp\ccxwVqSg.s 			page 29


 1164      47657450 
 1165              	.LASF30:
 1166 01a7 55415254 		.ascii	"UART_AT_SCB_IRQ_SetPending\000"
 1166      5F41545F 
 1166      5343425F 
 1166      4952515F 
 1166      53657450 
 1167              	.LASF12:
 1168 01c2 646F7562 		.ascii	"double\000"
 1168      6C6500
 1169              	.LASF23:
 1170 01c9 7072696F 		.ascii	"priority\000"
 1170      72697479 
 1170      00
 1171              	.LASF18:
 1172 01d2 55415254 		.ascii	"UART_AT_SCB_IRQ_Stop\000"
 1172      5F41545F 
 1172      5343425F 
 1172      4952515F 
 1172      53746F70 
 1173              	.LASF10:
 1174 01e7 75696E74 		.ascii	"uint32\000"
 1174      333200
 1175              	.LASF8:
 1176 01ee 756E7369 		.ascii	"unsigned int\000"
 1176      676E6564 
 1176      20696E74 
 1176      00
 1177              	.LASF28:
 1178 01fb 55415254 		.ascii	"UART_AT_SCB_IRQ_GetState\000"
 1178      5F41545F 
 1178      5343425F 
 1178      4952515F 
 1178      47657453 
 1179              	.LASF21:
 1180 0214 61646472 		.ascii	"address\000"
 1180      65737300 
 1181              	.LASF7:
 1182 021c 6C6F6E67 		.ascii	"long long unsigned int\000"
 1182      206C6F6E 
 1182      6720756E 
 1182      7369676E 
 1182      65642069 
 1183              	.LASF15:
 1184 0233 63796973 		.ascii	"cyisraddress\000"
 1184      72616464 
 1184      72657373 
 1184      00
 1185              	.LASF31:
 1186 0240 55415254 		.ascii	"UART_AT_SCB_IRQ_ClearPending\000"
 1186      5F41545F 
 1186      5343425F 
 1186      4952515F 
 1186      436C6561 
 1187              	.LASF22:
 1188 025d 55415254 		.ascii	"UART_AT_SCB_IRQ_SetPriority\000"
 1188      5F41545F 
ARM GAS  C:\Users\ADMINI~1\AppData\Local\Temp\ccxwVqSg.s 			page 30


 1188      5343425F 
 1188      4952515F 
 1188      53657450 
 1189              	.LASF16:
 1190 0279 73697A65 		.ascii	"sizetype\000"
 1190      74797065 
 1190      00
 1191              	.LASF6:
 1192 0282 6C6F6E67 		.ascii	"long long int\000"
 1192      206C6F6E 
 1192      6720696E 
 1192      7400
 1193              	.LASF13:
 1194 0290 63686172 		.ascii	"char\000"
 1194      00
 1195              	.LASF19:
 1196 0295 55415254 		.ascii	"UART_AT_SCB_IRQ_StartEx\000"
 1196      5F41545F 
 1196      5343425F 
 1196      4952515F 
 1196      53746172 
 1197              	.LASF2:
 1198 02ad 73686F72 		.ascii	"short int\000"
 1198      7420696E 
 1198      7400
 1199              	.LASF9:
 1200 02b7 75696E74 		.ascii	"uint8\000"
 1200      3800
 1201              	.LASF25:
 1202 02bd 7072696F 		.ascii	"priorityOffset\000"
 1202      72697479 
 1202      4F666673 
 1202      657400
 1203              	.LASF4:
 1204 02cc 6C6F6E67 		.ascii	"long int\000"
 1204      20696E74 
 1204      00
 1205              	.LASF0:
 1206 02d5 7369676E 		.ascii	"signed char\000"
 1206      65642063 
 1206      68617200 
 1207              	.LASF34:
 1208 02e1 433A5C55 		.ascii	"C:\\Users\\Administrator\\Desktop\\Temporary Files\\"
 1208      73657273 
 1208      5C41646D 
 1208      696E6973 
 1208      74726174 
 1209 0310 4D795F41 		.ascii	"My_AT\\Cypress_AT\\My_AT_Branch1.cydsn\000"
 1209      545C4379 
 1209      70726573 
 1209      735F4154 
 1209      5C4D795F 
 1210              		.ident	"GCC: (GNU Tools for ARM Embedded Processors) 4.9.3 20150303 (release) [ARM/embedded-4_9-br
